Archive member included to satisfy reference by file (symbol)

c:/program files (x86)/atollic/truestudio for stm32 9.3.0/armtools/bin/../lib/gcc/arm-atollic-eabi/6.3.1/../../../../arm-atollic-eabi/lib/armv6-m\libc_nano.a(lib_a-errno.o)
                              Src\syscalls.o (__errno)
c:/program files (x86)/atollic/truestudio for stm32 9.3.0/armtools/bin/../lib/gcc/arm-atollic-eabi/6.3.1/../../../../arm-atollic-eabi/lib/armv6-m\libc_nano.a(lib_a-impure.o)
                              c:/program files (x86)/atollic/truestudio for stm32 9.3.0/armtools/bin/../lib/gcc/arm-atollic-eabi/6.3.1/../../../../arm-atollic-eabi/lib/armv6-m\libc_nano.a(lib_a-errno.o) (_impure_ptr)
c:/program files (x86)/atollic/truestudio for stm32 9.3.0/armtools/bin/../lib/gcc/arm-atollic-eabi/6.3.1/../../../../arm-atollic-eabi/lib/armv6-m\libc_nano.a(lib_a-init.o)
                              startup\startup_stm32f051x8.o (__libc_init_array)
c:/program files (x86)/atollic/truestudio for stm32 9.3.0/armtools/bin/../lib/gcc/arm-atollic-eabi/6.3.1/../../../../arm-atollic-eabi/lib/armv6-m\libc_nano.a(lib_a-memcpy-stub.o)
                              Drivers\STM32F0xx_HAL_Driver\Src\stm32f0xx_hal_rcc.o (memcpy)
c:/program files (x86)/atollic/truestudio for stm32 9.3.0/armtools/bin/../lib/gcc/arm-atollic-eabi/6.3.1/../../../../arm-atollic-eabi/lib/armv6-m\libc_nano.a(lib_a-memset.o)
                              Src\main.o (memset)
c:/program files (x86)/atollic/truestudio for stm32 9.3.0/armtools/bin/../lib/gcc/arm-atollic-eabi/6.3.1/../../../../arm-atollic-eabi/lib/armv6-m\libc_nano.a(lib_a-sprintf.o)
                              Src\main.o (sprintf)
c:/program files (x86)/atollic/truestudio for stm32 9.3.0/armtools/bin/../lib/gcc/arm-atollic-eabi/6.3.1/../../../../arm-atollic-eabi/lib/armv6-m\libc_nano.a(lib_a-strlen.o)
                              Src\main.o (strlen)
c:/program files (x86)/atollic/truestudio for stm32 9.3.0/armtools/bin/../lib/gcc/arm-atollic-eabi/6.3.1/../../../../arm-atollic-eabi/lib/armv6-m\libc_nano.a(lib_a-nano-svfprintf.o)
                              c:/program files (x86)/atollic/truestudio for stm32 9.3.0/armtools/bin/../lib/gcc/arm-atollic-eabi/6.3.1/../../../../arm-atollic-eabi/lib/armv6-m\libc_nano.a(lib_a-sprintf.o) (_svfprintf_r)
c:/program files (x86)/atollic/truestudio for stm32 9.3.0/armtools/bin/../lib/gcc/arm-atollic-eabi/6.3.1/../../../../arm-atollic-eabi/lib/armv6-m\libc_nano.a(lib_a-nano-vfprintf_i.o)
                              c:/program files (x86)/atollic/truestudio for stm32 9.3.0/armtools/bin/../lib/gcc/arm-atollic-eabi/6.3.1/../../../../arm-atollic-eabi/lib/armv6-m\libc_nano.a(lib_a-nano-svfprintf.o) (_printf_i)
c:/program files (x86)/atollic/truestudio for stm32 9.3.0/armtools/bin/../lib/gcc/arm-atollic-eabi/6.3.1/../../../../arm-atollic-eabi/lib/armv6-m\libc_nano.a(lib_a-memchr-stub.o)
                              c:/program files (x86)/atollic/truestudio for stm32 9.3.0/armtools/bin/../lib/gcc/arm-atollic-eabi/6.3.1/../../../../arm-atollic-eabi/lib/armv6-m\libc_nano.a(lib_a-nano-svfprintf.o) (memchr)
c:/program files (x86)/atollic/truestudio for stm32 9.3.0/armtools/bin/../lib/gcc/arm-atollic-eabi/6.3.1/../../../../arm-atollic-eabi/lib/armv6-m\libc_nano.a(lib_a-memmove.o)
                              c:/program files (x86)/atollic/truestudio for stm32 9.3.0/armtools/bin/../lib/gcc/arm-atollic-eabi/6.3.1/../../../../arm-atollic-eabi/lib/armv6-m\libc_nano.a(lib_a-nano-svfprintf.o) (memmove)
c:/program files (x86)/atollic/truestudio for stm32 9.3.0/armtools/bin/../lib/gcc/arm-atollic-eabi/6.3.1/../../../../arm-atollic-eabi/lib/armv6-m\libc_nano.a(lib_a-nano-freer.o)
                              c:/program files (x86)/atollic/truestudio for stm32 9.3.0/armtools/bin/../lib/gcc/arm-atollic-eabi/6.3.1/../../../../arm-atollic-eabi/lib/armv6-m\libc_nano.a(lib_a-nano-svfprintf.o) (_free_r)
c:/program files (x86)/atollic/truestudio for stm32 9.3.0/armtools/bin/../lib/gcc/arm-atollic-eabi/6.3.1/../../../../arm-atollic-eabi/lib/armv6-m\libc_nano.a(lib_a-nano-mallocr.o)
                              c:/program files (x86)/atollic/truestudio for stm32 9.3.0/armtools/bin/../lib/gcc/arm-atollic-eabi/6.3.1/../../../../arm-atollic-eabi/lib/armv6-m\libc_nano.a(lib_a-nano-svfprintf.o) (_malloc_r)
c:/program files (x86)/atollic/truestudio for stm32 9.3.0/armtools/bin/../lib/gcc/arm-atollic-eabi/6.3.1/../../../../arm-atollic-eabi/lib/armv6-m\libc_nano.a(lib_a-nano-reallocr.o)
                              c:/program files (x86)/atollic/truestudio for stm32 9.3.0/armtools/bin/../lib/gcc/arm-atollic-eabi/6.3.1/../../../../arm-atollic-eabi/lib/armv6-m\libc_nano.a(lib_a-nano-svfprintf.o) (_realloc_r)
c:/program files (x86)/atollic/truestudio for stm32 9.3.0/armtools/bin/../lib/gcc/arm-atollic-eabi/6.3.1/../../../../arm-atollic-eabi/lib/armv6-m\libc_nano.a(lib_a-sbrkr.o)
[...]
Memory Configuration

Name             Origin             Length             Attributes
RAM              0x20000000         0x00002000         xrw
FLASH            0x08000000         0x00010000         xr
*default*        0x00000000         0xffffffff

Linker script and memory map

LOAD c:/program files (x86)/atollic/truestudio for stm32 9.3.0/armtools/bin/../lib/gcc/arm-atollic-eabi/6.3.1/armv6-m/crti.o
LOAD c:/program files (x86)/atollic/truestudio for stm32 9.3.0/armtools/bin/../lib/gcc/arm-atollic-eabi/6.3.1/armv6-m/crtbegin.o
LOAD Drivers\STM32F0xx_HAL_Driver\Src\stm32f0xx_hal.o
LOAD Drivers\STM32F0xx_HAL_Driver\Src\stm32f0xx_hal_adc.o
LOAD Drivers\STM32F0xx_HAL_Driver\Src\stm32f0xx_hal_adc_ex.o
LOAD Drivers\STM32F0xx_HAL_Driver\Src\stm32f0xx_hal_cortex.o
LOAD Drivers\STM32F0xx_HAL_Driver\Src\stm32f0xx_hal_dma.o
LOAD Drivers\STM32F0xx_HAL_Driver\Src\stm32f0xx_hal_exti.o
LOAD Drivers\STM32F0xx_HAL_Driver\Src\stm32f0xx_hal_flash.o
LOAD Drivers\STM32F0xx_HAL_Driver\Src\stm32f0xx_hal_flash_ex.o
LOAD Drivers\STM32F0xx_HAL_Driver\Src\stm32f0xx_hal_gpio.o
LOAD Drivers\STM32F0xx_HAL_Driver\Src\stm32f0xx_hal_i2c.o
LOAD Drivers\STM32F0xx_HAL_Driver\Src\stm32f0xx_hal_i2c_ex.o
LOAD Drivers\STM32F0xx_HAL_Driver\Src\stm32f0xx_hal_pwr.o
LOAD Drivers\STM32F0xx_HAL_Driver\Src\stm32f0xx_hal_pwr_ex.o
LOAD Drivers\STM32F0xx_HAL_Driver\Src\stm32f0xx_hal_rcc.o
LOAD Drivers\STM32F0xx_HAL_Driver\Src\stm32f0xx_hal_rcc_ex.o
LOAD Drivers\STM32F0xx_HAL_Driver\Src\stm32f0xx_hal_spi.o
LOAD Drivers\STM32F0xx_HAL_Driver\Src\stm32f0xx_hal_spi_ex.o
LOAD Drivers\STM32F0xx_HAL_Driver\Src\stm32f0xx_hal_tim.o
LOAD Drivers\STM32F0xx_HAL_Driver\Src\stm32f0xx_hal_tim_ex.o
LOAD Drivers\STM32F0xx_HAL_Driver\Src\stm32f0xx_hal_uart.o
LOAD Drivers\STM32F0xx_HAL_Driver\Src\stm32f0xx_hal_uart_ex.o
LOAD Middlewares\Third_Party\FatFs\src\diskio.o
LOAD Middlewares\Third_Party\FatFs\src\ff.o
LOAD Middlewares\Third_Party\FatFs\src\ff_gen_drv.o
LOAD Middlewares\Third_Party\FatFs\src\option\ccsbcs.o
LOAD Middlewares\Third_Party\FatFs\src\option\syscall.o
LOAD Src\fatfs.o
LOAD Src\fatfs_sd.o
LOAD Src\main.o
LOAD Src\stm32f0xx_hal_msp.o
LOAD Src\stm32f0xx_it.o
LOAD Src\syscalls.o
LOAD Src\system_stm32f0xx.o
LOAD Src\user_diskio.o
LOAD startup\startup_stm32f051x8.o
                0x00000080                malloc_getpagesize_P = 0x80
START GROUP
LOAD c:/program files (x86)/atollic/truestudio for stm32 9.3.0/armtools/bin/../lib/gcc/arm-atollic-eabi/6.3.1/../../../../arm-atollic-eabi/lib/armv6-m\libc_nano.a
LOAD c:/program files (x86)/atollic/truestudio for stm32 9.3.0/armtools/bin/../lib/gcc/arm-atollic-eabi/6.3.1/../../../../arm-atollic-eabi/lib/armv6-m\libm.a
END GROUP
START GROUP
LOAD c:/program files (x86)/atollic/truestudio for stm32 9.3.0/armtools/bin/../lib/gcc/arm-atollic-eabi/6.3.1/armv6-m\libgcc.a
LOAD c:/program files (x86)/atollic/truestudio for stm32 9.3.0/armtools/bin/../lib/gcc/arm-atollic-eabi/6.3.1/../../../../arm-atollic-eabi/lib/armv6-m\libc_nano.a
END GROUP
START GROUP
LOAD c:/program files (x86)/atollic/truestudio for stm32 9.3.0/armtools/bin/../lib/gcc/arm-atollic-eabi/6.3.1/armv6-m\libgcc.a
LOAD c:/program files (x86)/atollic/truestudio for stm32 9.3.0/armtools/bin/../lib/gcc/arm-atollic-eabi/6.3.1/../../../../arm-atollic-eabi/lib/armv6-m\libc_nano.a
LOAD c:/program files (x86)/atollic/truestudio for stm32 9.3.0/armtools/bin/../lib/gcc/arm-atollic-eabi/6.3.1/../../../../arm-atollic-eabi/lib/armv6-m\libnosys.a
END GROUP
START GROUP
LOAD c:/program files (x86)/atollic/truestudio for stm32 9.3.0/armtools/bin/../lib/gcc/arm-atollic-eabi/6.3.1/armv6-m\libgcc.a
LOAD c:/program files (x86)/atollic/truestudio for stm32 9.3.0/armtools/bin/../lib/gcc/arm-atollic-eabi/6.3.1/../../../../arm-atollic-eabi/lib/armv6-m\libc_nano.a
LOAD c:/program files (x86)/atollic/truestudio for stm32 9.3.0/armtools/bin/../lib/gcc/arm-atollic-eabi/6.3.1/../../../../arm-atollic-eabi/lib/armv6-m\libnosys.a
END GROUP
LOAD c:/program files (x86)/atollic/truestudio for stm32 9.3.0/armtools/bin/../lib/gcc/arm-atollic-eabi/6.3.1/armv6-m/crtend.o
LOAD c:/program files (x86)/atollic/truestudio for stm32 9.3.0/armtools/bin/../lib/gcc/arm-atollic-eabi/6.3.1/armv6-m/crtn.o
                0x20002000                _estack = 0x20002000
                0x00000200                _Min_Heap_Size = 0x200
                0x00000400                _Min_Stack_Size = 0x400

.isr_vector     0x08000000       0xc0
                0x08000000                . = ALIGN (0x4)
 *(.isr_vector)
 .isr_vector    0x08000000       0xc0 startup\startup_stm32f051x8.o
                0x08000000                g_pfnVectors
                0x080000c0                . = ALIGN (0x4)

.text           0x080000c0     0x6614
                0x080000c0                . = ALIGN (0x4)
 *(.text)
 .text          0x080000c0       0x48 c:/program files (x86)/atollic/truestudio for stm32 9.3.0/armtools/bin/../lib/gcc/arm-atollic-eabi/6.3.1/armv6-m/crtbegin.o
 .text          0x08000108        0xe c:/program files (x86)/atollic/truestudio for stm32 9.3.0/armtools/bin/../lib/gcc/arm-atollic-eabi/6.3.1/../../../../arm-atollic-eabi/lib/armv6-m\libc_nano.a(lib_a-strlen.o)
                0x08000108                strlen
 *fill*         0x08000116        0x2 
 .text          0x08000118       0x14 c:/program files (x86)/atollic/truestudio for stm32 9.3.0/armtools/bin/../lib/gcc/arm-atollic-eabi/6.3.1/armv6-m\libgcc.a(_thumb1_case_sqi.o)
                0x08000118                __gnu_thumb1_case_sqi
 .text          0x0800012c       0x14 c:/program files (x86)/atollic/truestudio for stm32 9.3.0/armtools/bin/../lib/gcc/arm-atollic-eabi/6.3.1/armv6-m\libgcc.a(_thumb1_case_uqi.o)
                0x0800012c                __gnu_thumb1_case_uqi
 .text          0x08000140      0x114 c:/program files (x86)/atollic/truestudio for stm32 9.3.0/armtools/bin/../lib/gcc/arm-atollic-eabi/6.3.1/armv6-m\libgcc.a(_udivsi3.o)
                0x08000140                __aeabi_uidiv
                0x08000140                __udivsi3
                0x0800024c                __aeabi_uidivmod
 .text          0x08000254        0x4 c:/program files (x86)/atollic/truestudio for stm32 9.3.0/armtools/bin/../lib/gcc/arm-atollic-eabi/6.3.1/armv6-m\libgcc.a(_dvmd_tls.o)
                0x08000254                __aeabi_idiv0
                0x08000254                __aeabi_ldiv0
 .text          0x08000258       0x3c c:/program files (x86)/atollic/truestudio for stm32 9.3.0/armtools/bin/../lib/gcc/arm-atollic-eabi/6.3.1/armv6-m\libgcc.a(_fixunsdfsi.o)
                0x08000258                __aeabi_d2uiz
                0x08000258                __fixunsdfsi
 .text          0x08000294      0x500 c:/program files (x86)/atollic/truestudio for stm32 9.3.0/armtools/bin/../lib/gcc/arm-atollic-eabi/6.3.1/armv6-m\libgcc.a(muldf3.o)
                0x08000294                __aeabi_dmul
 .text          0x08000794      0x62c c:/program files (x86)/atollic/truestudio for stm32 9.3.0/armtools/bin/../lib/gcc/arm-atollic-eabi/6.3.1/armv6-m\libgcc.a(subdf3.o)
                0x08000794                __aeabi_dsub
 .text          0x08000dc0       0x68 c:/program files (x86)/atollic/truestudio for stm32 9.3.0/armtools/bin/../lib/gcc/arm-atollic-eabi/6.3.1/armv6-m\libgcc.a(fixdfsi.o)
                0x08000dc0                __aeabi_d2iz
 .text          0x08000e28       0x70 c:/program files (x86)/atollic/truestudio for stm32 9.3.0/armtools/bin/../lib/gcc/arm-atollic-eabi/6.3.1/armv6-m\libgcc.a(floatunsidf.o)
                0x08000e28                __aeabi_ui2d
 .text          0x08000e98       0x7c c:/program files (x86)/atollic/truestudio for stm32 9.3.0/armtools/bin/../lib/gcc/arm-atollic-eabi/6.3.1/armv6-m\libgcc.a(_arm_cmpdf2.o)
                0x08000e98                __aeabi_cdrcmple
                0x08000ea8                __aeabi_cdcmple
                0x08000ea8                __aeabi_cdcmpeq
                0x08000eb8                __aeabi_dcmpeq
                0x08000ec4                __aeabi_dcmplt
                0x08000ed8                __aeabi_dcmple
                0x08000eec                __aeabi_dcmpgt
                0x08000f00                __aeabi_dcmpge
 .text          0x08000f14       0x3c c:/program files (x86)/atollic/truestudio for stm32 9.3.0/armtools/bin/../lib/gcc/arm-atollic-eabi/6.3.1/armv6-m\libgcc.a(_clzsi2.o)
                0x08000f14                __clzsi2
 .text          0x08000f50       0x74 c:/program files (x86)/atollic/truestudio for stm32 9.3.0/armtools/bin/../lib/gcc/arm-atollic-eabi/6.3.1/armv6-m\libgcc.a(eqdf2.o)
                0x08000f50                __nedf2
                0x08000f50                __eqdf2
 .text          0x08000fc4       0xc8 c:/program files (x86)/atollic/truestudio for stm32 9.3.0/armtools/bin/../lib/gcc/arm-atollic-eabi/6.3.1/armv6-m\libgcc.a(gedf2.o)
                0x08000fc4                __gedf2
                0x08000fc4                __gtdf2
 .text          0x0800108c       0xc4 c:/program files (x86)/atollic/truestudio for stm32 9.3.0/armtools/bin/../lib/gcc/arm-atollic-eabi/6.3.1/armv6-m\libgcc.a(ledf2.o)
                0x0800108c                __ledf2
                0x0800108c                __ltdf2
 *(.text*)
 .text.HAL_InitTick
                0x08001150       0x48 Drivers\STM32F0xx_HAL_Driver\Src\stm32f0xx_hal.o
                0x08001150                HAL_InitTick
 .text.HAL_Init
                0x08001198       0x20 Drivers\STM32F0xx_HAL_Driver\Src\stm32f0xx_hal.o
                0x08001198                HAL_Init
 .text.HAL_IncTick
                0x080011b8       0x18 Drivers\STM32F0xx_HAL_Driver\Src\stm32f0xx_hal.o
                0x080011b8                HAL_IncTick
 .text.HAL_GetTick
                0x080011d0        0xc Drivers\STM32F0xx_HAL_Driver\Src\stm32f0xx_hal.o
                0x080011d0                HAL_GetTick
 .text.HAL_Delay
                0x080011dc       0x24 Drivers\STM32F0xx_HAL_Driver\Src\stm32f0xx_hal.o
                0x080011dc                HAL_Delay
 .text.ADC_Enable
                0x08001200       0x98 Drivers\STM32F0xx_HAL_Driver\Src\stm32f0xx_hal_adc.o
 .text.HAL_ADC_Init
                0x08001298      0x150 Drivers\STM32F0xx_HAL_Driver\Src\stm32f0xx_hal_adc.o
                0x08001298                HAL_ADC_Init
 .text.HAL_ADC_Start_DMA
                0x080013e8       0x94 Drivers\STM32F0xx_HAL_Driver\Src\stm32f0xx_hal_adc.o
                0x080013e8                HAL_ADC_Start_DMA
 .text.ADC_DMAConvCplt
                0x0800147c       0x70 Drivers\STM32F0xx_HAL_Driver\Src\stm32f0xx_hal_adc.o
 .text.HAL_ADC_ConvHalfCpltCallback
                0x080014ec        0x2 Drivers\STM32F0xx_HAL_Driver\Src\stm32f0xx_hal_adc.o
                0x080014ec                HAL_ADC_ConvHalfCpltCallback
 .text.ADC_DMAHalfConvCplt
                0x080014ee        0xa Drivers\STM32F0xx_HAL_Driver\Src\stm32f0xx_hal_adc.o
 .text.HAL_ADC_ErrorCallback
                0x080014f8        0x2 Drivers\STM32F0xx_HAL_Driver\Src\stm32f0xx_hal_adc.o
                0x080014f8                HAL_ADC_ErrorCallback
 .text.ADC_DMAError
                0x080014fa       0x1a Drivers\STM32F0xx_HAL_Driver\Src\stm32f0xx_hal_adc.o
 .text.HAL_ADC_ConfigChannel
                0x08001514      0x100 Drivers\STM32F0xx_HAL_Driver\Src\stm32f0xx_hal_adc.o
                0x08001514                HAL_ADC_ConfigChannel
 .text.HAL_ADCEx_Calibration_Start
                0x08001614       0xa8 Drivers\STM32F0xx_HAL_Driver\Src\stm32f0xx_hal_adc_ex.o
                0x08001614                HAL_ADCEx_Calibration_Start
 .text.HAL_NVIC_SetPriority
                0x080016bc       0x60 Drivers\STM32F0xx_HAL_Driver\Src\stm32f0xx_hal_cortex.o
                0x080016bc                HAL_NVIC_SetPriority
 .text.HAL_NVIC_EnableIRQ
                0x0800171c       0x18 Drivers\STM32F0xx_HAL_Driver\Src\stm32f0xx_hal_cortex.o
                0x0800171c                HAL_NVIC_EnableIRQ
 .text.HAL_SYSTICK_Config
                0x08001734       0x34 Drivers\STM32F0xx_HAL_Driver\Src\stm32f0xx_hal_cortex.o
                0x08001734                HAL_SYSTICK_Config
 .text.HAL_DMA_Init
                0x08001768       0x64 Drivers\STM32F0xx_HAL_Driver\Src\stm32f0xx_hal_dma.o
                0x08001768                HAL_DMA_Init
 .text.HAL_DMA_Start_IT
                0x080017cc       0x76 Drivers\STM32F0xx_HAL_Driver\Src\stm32f0xx_hal_dma.o
                0x080017cc                HAL_DMA_Start_IT
 .text.HAL_DMA_IRQHandler
                0x08001842       0x92 Drivers\STM32F0xx_HAL_Driver\Src\stm32f0xx_hal_dma.o
                0x08001842                HAL_DMA_IRQHandler
 .text.HAL_GPIO_Init
                0x080018d4      0x160 Drivers\STM32F0xx_HAL_Driver\Src\stm32f0xx_hal_gpio.o
                0x080018d4                HAL_GPIO_Init
 .text.HAL_GPIO_WritePin
                0x08001a34        0xc Drivers\STM32F0xx_HAL_Driver\Src\stm32f0xx_hal_gpio.o
                0x08001a34                HAL_GPIO_WritePin
 .text.HAL_GPIO_TogglePin
                0x08001a40        0xc Drivers\STM32F0xx_HAL_Driver\Src\stm32f0xx_hal_gpio.o
                0x08001a40                HAL_GPIO_TogglePin
 .text.HAL_GPIO_EXTI_IRQHandler
                0x08001a4c       0x18 Drivers\STM32F0xx_HAL_Driver\Src\stm32f0xx_hal_gpio.o
                0x08001a4c                HAL_GPIO_EXTI_IRQHandler
 .text.HAL_RCC_OscConfig
                0x08001a64      0x404 Drivers\STM32F0xx_HAL_Driver\Src\stm32f0xx_hal_rcc.o
                0x08001a64                HAL_RCC_OscConfig
 .text.HAL_RCC_GetSysClockFreq
                0x08001e68       0x64 Drivers\STM32F0xx_HAL_Driver\Src\stm32f0xx_hal_rcc.o
                0x08001e68                HAL_RCC_GetSysClockFreq
 .text.HAL_RCC_ClockConfig
                0x08001ecc      0x108 Drivers\STM32F0xx_HAL_Driver\Src\stm32f0xx_hal_rcc.o
                0x08001ecc                HAL_RCC_ClockConfig
 .text.HAL_RCC_GetPCLK1Freq
                0x08001fd4       0x20 Drivers\STM32F0xx_HAL_Driver\Src\stm32f0xx_hal_rcc.o
                0x08001fd4                HAL_RCC_GetPCLK1Freq
 .text.HAL_RCCEx_PeriphCLKConfig
                0x08001ff4      0x118 Drivers\STM32F0xx_HAL_Driver\Src\stm32f0xx_hal_rcc_ex.o
                0x08001ff4                HAL_RCCEx_PeriphCLKConfig
 .text.SPI_WaitFifoStateUntilTimeout.part.1
                0x0800210c       0x60 Drivers\STM32F0xx_HAL_Driver\Src\stm32f0xx_hal_spi.o
 .text.SPI_WaitFlagStateUntilTimeout.constprop.9
                0x0800216c       0x28 Drivers\STM32F0xx_HAL_Driver\Src\stm32f0xx_hal_spi.o
 .text.SPI_WaitFifoStateUntilTimeout.constprop.10
                0x08002194       0x34 Drivers\STM32F0xx_HAL_Driver\Src\stm32f0xx_hal_spi.o
 .text.SPI_EndRxTxTransaction
                0x080021c8       0x46 Drivers\STM32F0xx_HAL_Driver\Src\stm32f0xx_hal_spi.o
 *fill*         0x0800220e        0x2 
 .text.HAL_SPI_Init
                0x08002210       0xbc Drivers\STM32F0xx_HAL_Driver\Src\stm32f0xx_hal_spi.o
                0x08002210                HAL_SPI_Init
 .text.HAL_SPI_Transmit
                0x080022cc      0x19e Drivers\STM32F0xx_HAL_Driver\Src\stm32f0xx_hal_spi.o
                0x080022cc                HAL_SPI_Transmit
 *fill*         0x0800246a        0x2 
 .text.HAL_SPI_TransmitReceive
                0x0800246c      0x264 Drivers\STM32F0xx_HAL_Driver\Src\stm32f0xx_hal_spi.o
                0x0800246c                HAL_SPI_TransmitReceive
 .text.HAL_SPI_GetState
                0x080026d0        0x8 Drivers\STM32F0xx_HAL_Driver\Src\stm32f0xx_hal_spi.o
                0x080026d0                HAL_SPI_GetState
 .text.UART_SetConfig
                0x080026d8      0x14c Drivers\STM32F0xx_HAL_Driver\Src\stm32f0xx_hal_uart.o
                0x080026d8                UART_SetConfig
 .text.UART_AdvFeatureConfig
                0x08002824       0xd0 Drivers\STM32F0xx_HAL_Driver\Src\stm32f0xx_hal_uart.o
                0x08002824                UART_AdvFeatureConfig
 .text.UART_WaitOnFlagUntilTimeout
                0x080028f4       0x90 Drivers\STM32F0xx_HAL_Driver\Src\stm32f0xx_hal_uart.o
                0x080028f4                UART_WaitOnFlagUntilTimeout
 .text.HAL_UART_Transmit
                0x08002984       0xd2 Drivers\STM32F0xx_HAL_Driver\Src\stm32f0xx_hal_uart.o
                0x08002984                HAL_UART_Transmit
 *fill*         0x08002a56        0x2 
 .text.UART_CheckIdleState
                0x08002a58       0x60 Drivers\STM32F0xx_HAL_Driver\Src\stm32f0xx_hal_uart.o
                0x08002a58                UART_CheckIdleState
 .text.HAL_UART_Init
                0x08002ab8       0x64 Drivers\STM32F0xx_HAL_Driver\Src\stm32f0xx_hal_uart.o
                0x08002ab8                HAL_UART_Init
 .text.disk_status
                0x08002b1c       0x1c Middlewares\Third_Party\FatFs\src\diskio.o
                0x08002b1c                disk_status
 .text.disk_initialize
                0x08002b38       0x28 Middlewares\Third_Party\FatFs\src\diskio.o
                0x08002b38                disk_initialize
 .text.disk_read
                0x08002b60       0x1c Middlewares\Third_Party\FatFs\src\diskio.o
                0x08002b60                disk_read
 .text.disk_write
                0x08002b7c       0x1c Middlewares\Third_Party\FatFs\src\diskio.o
                0x08002b7c                disk_write
 .text.disk_ioctl
                0x08002b98       0x1c Middlewares\Third_Party\FatFs\src\diskio.o
                0x08002b98                disk_ioctl
 .text.mem_cpy  0x08002bb4       0x12 Middlewares\Third_Party\FatFs\src\ff.o
 .text.mem_set  0x08002bc6        0xe Middlewares\Third_Party\FatFs\src\ff.o
 .text.chk_lock
                0x08002bd4       0x6c Middlewares\Third_Party\FatFs\src\ff.o
 .text.inc_lock
                0x08002c40       0xa0 Middlewares\Third_Party\FatFs\src\ff.o
 .text.dec_lock
                0x08002ce0       0x38 Middlewares\Third_Party\FatFs\src\ff.o
 .text.clmt_clust
                0x08002d18       0x44 Middlewares\Third_Party\FatFs\src\ff.o
 .text.sum_sfn  0x08002d5c       0x1c Middlewares\Third_Party\FatFs\src\ff.o
 .text.get_ldnumber
                0x08002d78       0x2c Middlewares\Third_Party\FatFs\src\ff.o
 .text.validate
                0x08002da4       0x44 Middlewares\Third_Party\FatFs\src\ff.o
 .text.get_fileinfo
                0x08002de8       0xec Middlewares\Third_Party\FatFs\src\ff.o
 .text.ld_clust.isra.0
                0x08002ed4       0x1e Middlewares\Third_Party\FatFs\src\ff.o
 *fill*         0x08002ef2        0x2 
 .text.sync_window.part.1
                0x08002ef4       0x64 Middlewares\Third_Party\FatFs\src\ff.o
 .text.sync_window
                0x08002f58       0x1c Middlewares\Third_Party\FatFs\src\ff.o
 .text.sync_fs  0x08002f74       0xe8 Middlewares\Third_Party\FatFs\src\ff.o
 .text.move_window
                0x0800305c       0x40 Middlewares\Third_Party\FatFs\src\ff.o
 .text.check_fs
                0x0800309c       0x7c Middlewares\Third_Party\FatFs\src\ff.o
 .text.find_volume
                0x08003118      0x328 Middlewares\Third_Party\FatFs\src\ff.o
 .text.clust2sect
                0x08003440       0x28 Middlewares\Third_Party\FatFs\src\ff.o
                0x08003440                clust2sect
 .text.get_fat  0x08003468      0x118 Middlewares\Third_Party\FatFs\src\ff.o
                0x08003468                get_fat
 .text.dir_sdi  0x08003580       0xe4 Middlewares\Third_Party\FatFs\src\ff.o
 .text.put_fat  0x08003664      0x15c Middlewares\Third_Party\FatFs\src\ff.o
                0x08003664                put_fat
 .text.create_chain
                0x080037c0       0xc4 Middlewares\Third_Party\FatFs\src\ff.o
 .text.dir_next
                0x08003884      0x174 Middlewares\Third_Party\FatFs\src\ff.o
 .text.dir_find.part.6
                0x080039f8      0x158 Middlewares\Third_Party\FatFs\src\ff.o
 .text.follow_path
                0x08003b50      0x2a4 Middlewares\Third_Party\FatFs\src\ff.o
 .text.dir_register
                0x08003df4      0x284 Middlewares\Third_Party\FatFs\src\ff.o
 .text.remove_chain
                0x08004078       0x70 Middlewares\Third_Party\FatFs\src\ff.o
 .text.f_mount  0x080040e8       0x70 Middlewares\Third_Party\FatFs\src\ff.o
                0x080040e8                f_mount
 .text.f_open   0x08004158      0x220 Middlewares\Third_Party\FatFs\src\ff.o
                0x08004158                f_open
 .text.f_read   0x08004378      0x20c Middlewares\Third_Party\FatFs\src\ff.o
                0x08004378                f_read
 .text.f_write  0x08004584      0x25c Middlewares\Third_Party\FatFs\src\ff.o
                0x08004584                f_write
 .text.putc_bfd
                0x080047e0       0x42 Middlewares\Third_Party\FatFs\src\ff.o
 *fill*         0x08004822        0x2 
 .text.f_sync   0x08004824       0xd0 Middlewares\Third_Party\FatFs\src\ff.o
                0x08004824                f_sync
 .text.f_close  0x080048f4       0x2c Middlewares\Third_Party\FatFs\src\ff.o
                0x080048f4                f_close
 .text.f_lseek  0x08004920      0x334 Middlewares\Third_Party\FatFs\src\ff.o
                0x08004920                f_lseek
 .text.f_stat   0x08004c54       0x64 Middlewares\Third_Party\FatFs\src\ff.o
                0x08004c54                f_stat
 .text.f_getfree
                0x08004cb8      0x100 Middlewares\Third_Party\FatFs\src\ff.o
                0x08004cb8                f_getfree
 .text.f_gets   0x08004db8       0x4e Middlewares\Third_Party\FatFs\src\ff.o
                0x08004db8                f_gets
 .text.f_puts   0x08004e06       0x48 Middlewares\Third_Party\FatFs\src\ff.o
                0x08004e06                f_puts
 *fill*         0x08004e4e        0x2 
 .text.FATFS_LinkDriverEx
                0x08004e50       0x44 Middlewares\Third_Party\FatFs\src\ff_gen_drv.o
                0x08004e50                FATFS_LinkDriverEx
 .text.FATFS_LinkDriver
                0x08004e94        0xa Middlewares\Third_Party\FatFs\src\ff_gen_drv.o
                0x08004e94                FATFS_LinkDriver
 *fill*         0x08004e9e        0x2 
 .text.ff_convert
                0x08004ea0       0x3c Middlewares\Third_Party\FatFs\src\option\ccsbcs.o
                0x08004ea0                ff_convert
 .text.ff_wtoupper
                0x08004edc       0x24 Middlewares\Third_Party\FatFs\src\option\ccsbcs.o
                0x08004edc                ff_wtoupper
 .text.MX_FATFS_Init
                0x08004f00       0x1c Src\fatfs.o
                0x08004f00                MX_FATFS_Init
 .text.get_fattime
                0x08004f1c        0x4 Src\fatfs.o
                0x08004f1c                get_fattime
 .text.SPI_TxByte
                0x08004f20       0x28 Src\fatfs_sd.o
 .text.SELECT   0x08004f48       0x14 Src\fatfs_sd.o
 .text.DESELECT
                0x08004f5c       0x14 Src\fatfs_sd.o
 .text.SPI_RxByte
                0x08004f70       0x3c Src\fatfs_sd.o
 .text.SD_PowerOn
                0x08004fac       0x60 Src\fatfs_sd.o
 .text.SD_ReadyWait
                0x0800500c       0x20 Src\fatfs_sd.o
 .text.SD_TxDataBlock
                0x0800502c       0x6e Src\fatfs_sd.o
 .text.SD_SendCmd
                0x0800509a       0x62 Src\fatfs_sd.o
 .text.SD_RxDataBlock
                0x080050fc       0x4c Src\fatfs_sd.o
 .text.SD_disk_initialize
                0x08005148      0x134 Src\fatfs_sd.o
                0x08005148                SD_disk_initialize
 .text.SD_disk_status
                0x0800527c       0x14 Src\fatfs_sd.o
                0x0800527c                SD_disk_status
 .text.SD_disk_read
                0x08005290       0x94 Src\fatfs_sd.o
                0x08005290                SD_disk_read
 .text.SD_disk_write
                0x08005324       0xb4 Src\fatfs_sd.o
                0x08005324                SD_disk_write
 .text.SD_disk_ioctl
                0x080053d8      0x14c Src\fatfs_sd.o
                0x080053d8                SD_disk_ioctl
 .text.send_uart
                0x08005524       0x1c Src\main.o
                0x08005524                send_uart
 .text.bufclear
                0x08005540       0x1c Src\main.o
                0x08005540                bufclear
 .text.SystemClock_Config
                0x0800555c       0x64 Src\main.o
                0x0800555c                SystemClock_Config
 .text.startup.main
                0x080055c0      0x504 Src\main.o
                0x080055c0                main
 .text.HAL_GPIO_EXTI_Callback
                0x08005ac4       0x10 Src\main.o
                0x08005ac4                HAL_GPIO_EXTI_Callback
 .text.HAL_ADC_ConvCpltCallback
                0x08005ad4       0x34 Src\main.o
                0x08005ad4                HAL_ADC_ConvCpltCallback
 .text.Error_Handler
                0x08005b08        0x2 Src\main.o
                0x08005b08                Error_Handler
 *fill*         0x08005b0a        0x2 
 .text.HAL_MspInit
                0x08005b0c       0x30 Src\stm32f0xx_hal_msp.o
                0x08005b0c                HAL_MspInit
 .text.HAL_ADC_MspInit
                0x08005b3c       0xdc Src\stm32f0xx_hal_msp.o
                0x08005b3c                HAL_ADC_MspInit
 .text.HAL_SPI_MspInit
                0x08005c18       0x64 Src\stm32f0xx_hal_msp.o
                0x08005c18                HAL_SPI_MspInit
 .text.HAL_UART_MspInit
                0x08005c7c       0x68 Src\stm32f0xx_hal_msp.o
                0x08005c7c                HAL_UART_MspInit
 .text.SDTimer_Handler
                0x08005ce4       0x2c Src\stm32f0xx_it.o
                0x08005ce4                SDTimer_Handler
 .text.NMI_Handler
                0x08005d10        0x2 Src\stm32f0xx_it.o
                0x08005d10                NMI_Handler
 .text.HardFault_Handler
                0x08005d12        0x2 Src\stm32f0xx_it.o
                0x08005d12                HardFault_Handler
 .text.SVC_Handler
                0x08005d14        0x2 Src\stm32f0xx_it.o
                0x08005d14                SVC_Handler
 .text.PendSV_Handler
                0x08005d16        0x2 Src\stm32f0xx_it.o
                0x08005d16                PendSV_Handler
 .text.SysTick_Handler
                0x08005d18       0x24 Src\stm32f0xx_it.o
                0x08005d18                SysTick_Handler
 .text.EXTI0_1_IRQHandler
                0x08005d3c        0xa Src\stm32f0xx_it.o
                0x08005d3c                EXTI0_1_IRQHandler
 *fill*         0x08005d46        0x2 
 .text.DMA1_Channel1_IRQHandler
                0x08005d48       0x10 Src\stm32f0xx_it.o
                0x08005d48                DMA1_Channel1_IRQHandler
 .text._sbrk    0x08005d58       0x34 Src\syscalls.o
                0x08005d58                _sbrk
 .text.SystemInit
                0x08005d8c        0x2 Src\system_stm32f0xx.o
                0x08005d8c                SystemInit
 .text.USER_initialize
                0x08005d8e        0xa Src\user_diskio.o
                0x08005d8e                USER_initialize
 .text.USER_status
                0x08005d98        0xa Src\user_diskio.o
                0x08005d98                USER_status
 .text.USER_read
                0x08005da2        0xa Src\user_diskio.o
                0x08005da2                USER_read
 .text.USER_write
                0x08005dac        0xa Src\user_diskio.o
                0x08005dac                USER_write
 .text.USER_ioctl
                0x08005db6        0xa Src\user_diskio.o
                0x08005db6                USER_ioctl
 .text.Reset_Handler
                0x08005dc0       0x50 startup\startup_stm32f051x8.o
                0x08005dc0                Reset_Handler
 .text.Default_Handler
                0x08005e10        0x2 startup\startup_stm32f051x8.o
                0x08005e10                TIM1_CC_IRQHandler
                0x08005e10                TSC_IRQHandler
                0x08005e10                ADC1_COMP_IRQHandler
                0x08005e10                PVD_IRQHandler
                0x08005e10                I2C1_IRQHandler
                0x08005e10                RCC_CRS_IRQHandler
                0x08005e10                SPI1_IRQHandler
                0x08005e10                TIM6_DAC_IRQHandler
                0x08005e10                EXTI2_3_IRQHandler
                0x08005e10                I2C2_IRQHandler
                0x08005e10                TIM17_IRQHandler
                0x08005e10                CEC_CAN_IRQHandler
                0x08005e10                RTC_IRQHandler
                0x08005e10                TIM16_IRQHandler
                0x08005e10                TIM3_IRQHandler
                0x08005e10                EXTI4_15_IRQHandler
                0x08005e10                Default_Handler
                0x08005e10                TIM14_IRQHandler
                0x08005e10                DMA1_Channel4_5_IRQHandler
                0x08005e10                TIM15_IRQHandler
                0x08005e10                SPI2_IRQHandler
                0x08005e10                WWDG_IRQHandler
                0x08005e10                TIM2_IRQHandler
                0x08005e10                DMA1_Channel2_3_IRQHandler
                0x08005e10                USART2_IRQHandler
                0x08005e10                FLASH_IRQHandler
                0x08005e10                USART1_IRQHandler
                0x08005e10                TIM1_BRK_UP_TRG_COM_IRQHandler
 *fill*         0x08005e12        0x2 
 .text.__errno  0x08005e14        0xc c:/program files (x86)/atollic/truestudio for stm32 9.3.0/armtools/bin/../lib/gcc/arm-atollic-eabi/6.3.1/../../../../arm-atollic-eabi/lib/armv6-m\libc_nano.a(lib_a-errno.o)
                0x08005e14                __errno
 .text.__libc_init_array
                0x08005e20       0x48 c:/program files (x86)/atollic/truestudio for stm32 9.3.0/armtools/bin/../lib/gcc/arm-atollic-eabi/6.3.1/../../../../arm-atollic-eabi/lib/armv6-m\libc_nano.a(lib_a-init.o)
                0x08005e20                __libc_init_array
 .text.memcpy   0x08005e68       0x12 c:/program files (x86)/atollic/truestudio for stm32 9.3.0/armtools/bin/../lib/gcc/arm-atollic-eabi/6.3.1/../../../../arm-atollic-eabi/lib/armv6-m\libc_nano.a(lib_a-memcpy-stub.o)
                0x08005e68                memcpy
 .text.memset   0x08005e7a       0x10 c:/program files (x86)/atollic/truestudio for stm32 9.3.0/armtools/bin/../lib/gcc/arm-atollic-eabi/6.3.1/../../../../arm-atollic-eabi/lib/armv6-m\libc_nano.a(lib_a-memset.o)
                0x08005e7a                memset
 *fill*         0x08005e8a        0x2 
 .text.sprintf  0x08005e8c       0x44 c:/program files (x86)/atollic/truestudio for stm32 9.3.0/armtools/bin/../lib/gcc/arm-atollic-eabi/6.3.1/../../../../arm-atollic-eabi/lib/armv6-m\libc_nano.a(lib_a-sprintf.o)
                0x08005e8c                siprintf
                0x08005e8c                sprintf
 .text.__ssputs_r
                0x08005ed0       0xc4 c:/program files (x86)/atollic/truestudio for stm32 9.3.0/armtools/bin/../lib/gcc/arm-atollic-eabi/6.3.1/../../../../arm-atollic-eabi/lib/armv6-m\libc_nano.a(lib_a-nano-svfprintf.o)
                0x08005ed0                __ssputs_r
 .text._svfprintf_r
                0x08005f94      0x208 c:/program files (x86)/atollic/truestudio for stm32 9.3.0/armtools/bin/../lib/gcc/arm-atollic-eabi/6.3.1/../../../../arm-atollic-eabi/lib/armv6-m\libc_nano.a(lib_a-nano-svfprintf.o)
                0x08005f94                _svfiprintf_r
                0x08005f94                _svfprintf_r
 .text._printf_common
                0x0800619c       0xda c:/program files (x86)/atollic/truestudio for stm32 9.3.0/armtools/bin/../lib/gcc/arm-atollic-eabi/6.3.1/../../../../arm-atollic-eabi/lib/armv6-m\libc_nano.a(lib_a-nano-vfprintf_i.o)
                0x0800619c                _printf_common
 *fill*         0x08006276        0x2 
 .text._printf_i
                0x08006278      0x234 c:/program files (x86)/atollic/truestudio for stm32 9.3.0/armtools/bin/../lib/gcc/arm-atollic-eabi/6.3.1/../../../../arm-atollic-eabi/lib/armv6-m\libc_nano.a(lib_a-nano-vfprintf_i.o)
                0x08006278                _printf_i
 .text.memchr   0x080064ac       0x16 c:/program files (x86)/atollic/truestudio for stm32 9.3.0/armtools/bin/../lib/gcc/arm-atollic-eabi/6.3.1/../../../../arm-atollic-eabi/lib/armv6-m\libc_nano.a(lib_a-memchr-stub.o)
                0x080064ac                memchr
 .text.memmove  0x080064c2       0x24 c:/program files (x86)/atollic/truestudio for stm32 9.3.0/armtools/bin/../lib/gcc/arm-atollic-eabi/6.3.1/../../../../arm-atollic-eabi/lib/armv6-m\libc_nano.a(lib_a-memmove.o)
                0x080064c2                memmove
 *fill*         0x080064e6        0x2 
 .text._free_r  0x080064e8       0x94 c:/program files (x86)/atollic/truestudio for stm32 9.3.0/armtools/bin/../lib/gcc/arm-atollic-eabi/6.3.1/../../../../arm-atollic-eabi/lib/armv6-m\libc_nano.a(lib_a-nano-freer.o)
                0x080064e8                _free_r
 .text._malloc_r
                0x0800657c       0xbc c:/program files (x86)/atollic/truestudio for stm32 9.3.0/armtools/bin/../lib/gcc/arm-atollic-eabi/6.3.1/../../../../arm-atollic-eabi/lib/armv6-m\libc_nano.a(lib_a-nano-mallocr.o)
                0x0800657c                _malloc_r
 .text._realloc_r
                0x08006638       0x4c c:/program files (x86)/atollic/truestudio for stm32 9.3.0/armtools/bin/../lib/gcc/arm-atollic-eabi/6.3.1/../../../../arm-atollic-eabi/lib/armv6-m\libc_nano.a(lib_a-nano-reallocr.o)
                0x08006638                _realloc_r
 .text._sbrk_r  0x08006684       0x24 c:/program files (x86)/atollic/truestudio for stm32 9.3.0/armtools/bin/../lib/gcc/arm-atollic-eabi/6.3.1/../../../../arm-atollic-eabi/lib/armv6-m\libc_nano.a(lib_a-sbrkr.o)
                0x08006684                _sbrk_r
 .text.__malloc_lock
                0x080066a8        0x2 c:/program files (x86)/atollic/truestudio for stm32 9.3.0/armtools/bin/../lib/gcc/arm-atollic-eabi/6.3.1/../../../../arm-atollic-eabi/lib/armv6-m\libc_nano.a(lib_a-mlock.o)
                0x080066a8                __malloc_lock
 .text.__malloc_unlock
                0x080066aa        0x2 c:/program files (x86)/atollic/truestudio for stm32 9.3.0/armtools/bin/../lib/gcc/arm-atollic-eabi/6.3.1/../../../../arm-atollic-eabi/lib/armv6-m\libc_nano.a(lib_a-mlock.o)
                0x080066aa                __malloc_unlock
 .text._malloc_usable_size_r
                0x080066ac       0x10 c:/program files (x86)/atollic/truestudio for stm32 9.3.0/armtools/bin/../lib/gcc/arm-atollic-eabi/6.3.1/../../../../arm-atollic-eabi/lib/armv6-m\libc_nano.a(lib_a-nano-msizer.o)
                0x080066ac                _malloc_usable_size_r
 *(.glue_7)
 .glue_7        0x080066bc        0x0 linker stubs
 *(.glue_7t)
 .glue_7t       0x080066bc        0x0 linker stubs
 *(.eh_frame)
 .eh_frame      0x080066bc        0x0 c:/program files (x86)/atollic/truestudio for stm32 9.3.0/armtools/bin/../lib/gcc/arm-atollic-eabi/6.3.1/armv6-m/crtbegin.o
 *(.init)
 .init          0x080066bc        0x4 c:/program files (x86)/atollic/truestudio for stm32 9.3.0/armtools/bin/../lib/gcc/arm-atollic-eabi/6.3.1/armv6-m/crti.o
                0x080066bc                _init
 .init          0x080066c0        0x8 c:/program files (x86)/atollic/truestudio for stm32 9.3.0/armtools/bin/../lib/gcc/arm-atollic-eabi/6.3.1/armv6-m/crtn.o
 *(.fini)
 .fini          0x080066c8        0x4 c:/program files (x86)/atollic/truestudio for stm32 9.3.0/armtools/bin/../lib/gcc/arm-atollic-eabi/6.3.1/armv6-m/crti.o
                0x080066c8                _fini
 .fini          0x080066cc        0x8 c:/program files (x86)/atollic/truestudio for stm32 9.3.0/armtools/bin/../lib/gcc/arm-atollic-eabi/6.3.1/armv6-m/crtn.o
                0x080066d4                . = ALIGN (0x4)
                0x080066d4                _etext = .

.vfp11_veneer   0x080066d4        0x0
 .vfp11_veneer  0x080066d4        0x0 linker stubs

.v4_bx          0x080066d4        0x0
 .v4_bx         0x080066d4        0x0 linker stubs

.iplt           0x080066d4        0x0
 .iplt          0x080066d4        0x0 c:/program files (x86)/atollic/truestudio for stm32 9.3.0/armtools/bin/../lib/gcc/arm-atollic-eabi/6.3.1/armv6-m/crtbegin.o

.rodata         0x080066d4      0x798
                0x080066d4                . = ALIGN (0x4)
 *(.rodata)
 .rodata        0x080066d4       0x20 Drivers\STM32F0xx_HAL_Driver\Src\stm32f0xx_hal_rcc.o
 .rodata        0x080066f4       0x40 c:/program files (x86)/atollic/truestudio for stm32 9.3.0/armtools/bin/../lib/gcc/arm-atollic-eabi/6.3.1/armv6-m\libgcc.a(muldf3.o)
 *(.rodata*)
 .rodata.CSWTCH.58
                0x08006734        0x4 Drivers\STM32F0xx_HAL_Driver\Src\stm32f0xx_hal_uart.o
 .rodata.ExCvt  0x08006738       0x80 Middlewares\Third_Party\FatFs\src\ff.o
 .rodata.LfnOfs
                0x080067b8        0xd Middlewares\Third_Party\FatFs\src\ff.o
 .rodata.follow_path.str1.1
                0x080067c5       0x10 Middlewares\Third_Party\FatFs\src\ff.o
 *fill*         0x080067d5        0x1 
 .rodata.Tbl    0x080067d6      0x100 Middlewares\Third_Party\FatFs\src\option\ccsbcs.o
 .rodata.tbl_lower.6028
                0x080068d6      0x1e0 Middlewares\Third_Party\FatFs\src\option\ccsbcs.o
 .rodata.tbl_upper.6029
                0x08006ab6      0x1e0 Middlewares\Third_Party\FatFs\src\option\ccsbcs.o
 .rodata.main.str1.1
                0x08006c96      0x189 Src\main.o
                                0x18a (size before relaxing)
 .rodata.AHBPrescTable
                0x08006e1f       0x10 Src\system_stm32f0xx.o
                0x08006e1f                AHBPrescTable
 .rodata.APBPrescTable
                0x08006e2f        0x8 Src\system_stm32f0xx.o
                0x08006e2f                APBPrescTable
 .rodata._svfprintf_r.str1.1
                0x08006e37       0x11 c:/program files (x86)/atollic/truestudio for stm32 9.3.0/armtools/bin/../lib/gcc/arm-atollic-eabi/6.3.1/../../../../arm-atollic-eabi/lib/armv6-m\libc_nano.a(lib_a-nano-svfprintf.o)
 .rodata._printf_i.str1.1
                0x08006e48       0x22 c:/program files (x86)/atollic/truestudio for stm32 9.3.0/armtools/bin/../lib/gcc/arm-atollic-eabi/6.3.1/../../../../arm-atollic-eabi/lib/armv6-m\libc_nano.a(lib_a-nano-vfprintf_i.o)
                0x08006e6c                . = ALIGN (0x4)
 *fill*         0x08006e6a        0x2 

.rel.dyn        0x08006e6c        0x0
 .rel.iplt      0x08006e6c        0x0 c:/program files (x86)/atollic/truestudio for stm32 9.3.0/armtools/bin/../lib/gcc/arm-atollic-eabi/6.3.1/armv6-m/crtbegin.o

.ARM.extab
 *(.ARM.extab* .gnu.linkonce.armextab.*)

.ARM            0x08006e6c        0x0
                0x08006e6c                __exidx_start = .
 *(.ARM.exidx*)
                0x08006e6c                __exidx_end = .

.preinit_array  0x08006e6c        0x0
                0x08006e6c                PROVIDE (__preinit_array_start, .)
 *(.preinit_array*)
                0x08006e6c                PROVIDE (__preinit_array_end, .)

.init_array     0x08006e6c        0x4
                0x08006e6c                PROVIDE (__init_array_start, .)
 *(SORT(.init_array.*))
 *(.init_array*)
 .init_array    0x08006e6c        0x4 c:/program files (x86)/atollic/truestudio for stm32 9.3.0/armtools/bin/../lib/gcc/arm-atollic-eabi/6.3.1/armv6-m/crtbegin.o
                0x08006e70                PROVIDE (__init_array_end, .)

.fini_array     0x08006e70        0x4
                [!provide]                PROVIDE (__fini_array_start, .)
 *(SORT(.fini_array.*))
 *(.fini_array*)
 .fini_array    0x08006e70        0x4 c:/program files (x86)/atollic/truestudio for stm32 9.3.0/armtools/bin/../lib/gcc/arm-atollic-eabi/6.3.1/armv6-m/crtbegin.o
                [!provide]                PROVIDE (__fini_array_end, .)
                0x08006e74                _sidata = LOADADDR (.data)

.data           0x20000000       0x88 load address 0x08006e74
                0x20000000                . = ALIGN (0x4)
                0x20000000                _sdata = .
 *(.data)
 *(.data*)
 .data.uwTickFreq
                0x20000000        0x1 Drivers\STM32F0xx_HAL_Driver\Src\stm32f0xx_hal.o
                0x20000000                uwTickFreq
 *fill*         0x20000001        0x3 
 .data.uwTickPrio
                0x20000004        0x4 Drivers\STM32F0xx_HAL_Driver\Src\stm32f0xx_hal.o
                0x20000004                uwTickPrio
 .data.Stat     0x20000008        0x1 Src\fatfs_sd.o
 *fill*         0x20000009        0x3 
 .data.SystemCoreClock
                0x2000000c        0x4 Src\system_stm32f0xx.o
                0x2000000c                SystemCoreClock
 .data.USER_Driver
                0x20000010       0x14 Src\user_diskio.o
                0x20000010                USER_Driver
 .data._impure_ptr
                0x20000024        0x4 c:/program files (x86)/atollic/truestudio for stm32 9.3.0/armtools/bin/../lib/gcc/arm-atollic-eabi/6.3.1/../../../../arm-atollic-eabi/lib/armv6-m\libc_nano.a(lib_a-impure.o)
                0x20000024                _impure_ptr
 .data.impure_data
                0x20000028       0x60 c:/program files (x86)/atollic/truestudio for stm32 9.3.0/armtools/bin/../lib/gcc/arm-atollic-eabi/6.3.1/../../../../arm-atollic-eabi/lib/armv6-m\libc_nano.a(lib_a-impure.o)
                0x20000088                . = ALIGN (0x4)
                0x20000088                _edata = .

.igot.plt       0x20000088        0x0 load address 0x08006efc
 .igot.plt      0x20000088        0x0 c:/program files (x86)/atollic/truestudio for stm32 9.3.0/armtools/bin/../lib/gcc/arm-atollic-eabi/6.3.1/armv6-m/crtbegin.o
                0x20000088                . = ALIGN (0x4)

.bss            0x20000088     0x195c load address 0x08006efc
                0x20000088                _sbss = .
                0x20000088                __bss_start__ = _sbss
 *(.bss)
 .bss           0x20000088       0x1c c:/program files (x86)/atollic/truestudio for stm32 9.3.0/armtools/bin/../lib/gcc/arm-atollic-eabi/6.3.1/armv6-m/crtbegin.o
 *(.bss*)
 .bss.FatFs     0x200000a4        0x4 Middlewares\Third_Party\FatFs\src\ff.o
 .bss.Files     0x200000a8       0x18 Middlewares\Third_Party\FatFs\src\ff.o
 .bss.Fsid      0x200000c0        0x2 Middlewares\Third_Party\FatFs\src\ff.o
 .bss.LfnBuf    0x200000c2      0x200 Middlewares\Third_Party\FatFs\src\ff.o
 *fill*         0x200002c2        0x2 
 .bss.disk      0x200002c4        0xc Middlewares\Third_Party\FatFs\src\ff_gen_drv.o
                0x200002c4                disk
 .bss.CardType  0x200002d0        0x1 Src\fatfs_sd.o
 .bss.PowerFlag
                0x200002d1        0x1 Src\fatfs_sd.o
 *fill*         0x200002d2        0x2 
 .bss.adc_flag  0x200002d4        0x4 Src\main.o
                0x200002d4                adc_flag
 .bss.bp        0x200002d8        0x4 Src\main.o
                0x200002d8                bp
 *fill*         0x200002dc        0x4 
 .bss.line_count
                0x200002e0        0x8 Src\main.o
                0x200002e0                line_count
 .bss.FatFsCnt  0x200002e8        0x1 Src\stm32f0xx_it.o
                0x200002e8                FatFsCnt
 *fill*         0x200002e9        0x3 
 .bss.heap_end.5887
                0x200002ec        0x4 Src\syscalls.o
 .bss.__malloc_free_list
                0x200002f0        0x4 c:/program files (x86)/atollic/truestudio for stm32 9.3.0/armtools/bin/../lib/gcc/arm-atollic-eabi/6.3.1/../../../../arm-atollic-eabi/lib/armv6-m\libc_nano.a(lib_a-nano-mallocr.o)
                0x200002f0                __malloc_free_list
 .bss.__malloc_sbrk_start
                0x200002f4        0x4 c:/program files (x86)/atollic/truestudio for stm32 9.3.0/armtools/bin/../lib/gcc/arm-atollic-eabi/6.3.1/../../../../arm-atollic-eabi/lib/armv6-m\libc_nano.a(lib_a-nano-mallocr.o)
                0x200002f4                __malloc_sbrk_start
 *(COMMON)
 COMMON         0x200002f8        0x4 Drivers\STM32F0xx_HAL_Driver\Src\stm32f0xx_hal.o
                0x200002f8                uwTick
 COMMON         0x200002fc      0x864 Src\fatfs.o
                0x200002fc                USERPath
                0x20000300                retUSER
                0x20000304                USERFile
                0x20000730                USERFatFS
 COMMON         0x20000b60      0xe7c Src\main.o
                0x20000b60                fre_clust
                0x20000b64                fs
                0x20000f94                br
                0x20000f98                free_space
                0x20000f9c                huart1
                0x2000101c                buffer
                0x2000141c                adc
                0x2000144c                bw
                0x20001450                pfs
                0x20001454                fresult
                0x20001458                hspi1
                0x200014bc                adc_buf
                0x200014ec                str
                0x20001528                total
                0x2000152c                hdma_adc
                0x20001570                hadc
                0x200015b0                fil
 COMMON         0x200019dc        0x2 Src\stm32f0xx_it.o
                0x200019dc                Timer2
                0x200019dd                Timer1
 *fill*         0x200019de        0x2 
 COMMON         0x200019e0        0x4 c:/program files (x86)/atollic/truestudio for stm32 9.3.0/armtools/bin/../lib/gcc/arm-atollic-eabi/6.3.1/../../../../arm-atollic-eabi/lib/armv6-m\libc_nano.a(lib_a-reent.o)
                0x200019e0                errno
                0x200019e4                . = ALIGN (0x4)
                0x200019e4                _ebss = .
                0x200019e4                __bss_end__ = _ebss

._user_heap_stack
                0x200019e4      0x600 load address 0x08006efc
                0x200019e4                . = ALIGN (0x4)
                0x200019e4                PROVIDE (end, .)
                [!provide]                PROVIDE (_end, .)
                0x20001be4                . = (. + _Min_Heap_Size)
 *fill*         0x200019e4      0x200 
                0x20001fe4                . = (. + _Min_Stack_Size)
 *fill*         0x20001be4      0x400 
                0x20001fe4                . = ALIGN (0x4)

/DISCARD/
 libc.a(*)
 libm.a(*)
 libgcc.a(*)

.ARM.attributes
                0x00000000       0x28
 *(.ARM.attributes)
 .ARM.attributes
                0x00000000       0x1e c:/program files (x86)/atollic/truestudio for stm32 9.3.0/armtools/bin/../lib/gcc/arm-atollic-eabi/6.3.1/armv6-m/crti.o
 .ARM.attributes
                0x0000001e       0x2c c:/program files (x86)/atollic/truestudio for stm32 9.3.0/armtools/bin/../lib/gcc/arm-atollic-eabi/6.3.1/armv6-m/crtbegin.o
 .ARM.attributes
                0x0000004a       0x31 Drivers\STM32F0xx_HAL_Driver\Src\stm32f0xx_hal.o
 .ARM.attributes
                0x0000007b       0x31 Drivers\STM32F0xx_HAL_Driver\Src\stm32f0xx_hal_adc.o
 .ARM.attributes
                0x000000ac       0x31 Drivers\STM32F0xx_HAL_Driver\Src\stm32f0xx_hal_adc_ex.o
 .ARM.attributes
                0x000000dd       0x31 Drivers\STM32F0xx_HAL_Driver\Src\stm32f0xx_hal_cortex.o
 .ARM.attributes
                0x0000010e       0x31 Drivers\STM32F0xx_HAL_Driver\Src\stm32f0xx_hal_dma.o
 .ARM.attributes
                0x0000013f       0x31 Drivers\STM32F0xx_HAL_Driver\Src\stm32f0xx_hal_gpio.o
 .ARM.attributes
                0x00000170       0x31 Drivers\STM32F0xx_HAL_Driver\Src\stm32f0xx_hal_rcc.o
 .ARM.attributes
                0x000001a1       0x31 Drivers\STM32F0xx_HAL_Driver\Src\stm32f0xx_hal_rcc_ex.o
 .ARM.attributes
                0x000001d2       0x31 Drivers\STM32F0xx_HAL_Driver\Src\stm32f0xx_hal_spi.o
 .ARM.attributes
                0x00000203       0x31 Drivers\STM32F0xx_HAL_Driver\Src\stm32f0xx_hal_uart.o
 .ARM.attributes
                0x00000234       0x31 Middlewares\Third_Party\FatFs\src\diskio.o
 .ARM.attributes
                0x00000265       0x31 Middlewares\Third_Party\FatFs\src\ff.o
 .ARM.attributes
                0x00000296       0x31 Middlewares\Third_Party\FatFs\src\ff_gen_drv.o
 .ARM.attributes
                0x000002c7       0x31 Middlewares\Third_Party\FatFs\src\option\ccsbcs.o
 .ARM.attributes
                0x000002f8       0x31 Src\fatfs.o
 .ARM.attributes
                0x00000329       0x31 Src\fatfs_sd.o
 .ARM.attributes
                0x0000035a       0x31 Src\main.o
 .ARM.attributes
                0x0000038b       0x31 Src\stm32f0xx_hal_msp.o
 .ARM.attributes
                0x000003bc       0x31 Src\stm32f0xx_it.o
 .ARM.attributes
                0x000003ed       0x31 Src\syscalls.o
 .ARM.attributes
                0x0000041e       0x31 Src\system_stm32f0xx.o
 .ARM.attributes
                0x0000044f       0x31 Src\user_diskio.o
 .ARM.attributes
                0x00000480       0x21 startup\startup_stm32f051x8.o
 .ARM.attributes
                0x000004a1       0x2c c:/program files (x86)/atollic/truestudio for stm32 9.3.0/armtools/bin/../lib/gcc/arm-atollic-eabi/6.3.1/../../../../arm-atollic-eabi/lib/armv6-m\libc_nano.a(lib_a-errno.o)
 .ARM.attributes
                0x000004cd       0x2c c:/program files (x86)/atollic/truestudio for stm32 9.3.0/armtools/bin/../lib/gcc/arm-atollic-eabi/6.3.1/../../../../arm-atollic-eabi/lib/armv6-m\libc_nano.a(lib_a-impure.o)
 .ARM.attributes
                0x000004f9       0x2c c:/program files (x86)/atollic/truestudio for stm32 9.3.0/armtools/bin/../lib/gcc/arm-atollic-eabi/6.3.1/../../../../arm-atollic-eabi/lib/armv6-m\libc_nano.a(lib_a-init.o)
 .ARM.attributes
                0x00000525       0x2c c:/program files (x86)/atollic/truestudio for stm32 9.3.0/armtools/bin/../lib/gcc/arm-atollic-eabi/6.3.1/../../../../arm-atollic-eabi/lib/armv6-m\libc_nano.a(lib_a-memcpy-stub.o)
 .ARM.attributes
                0x00000551       0x2c c:/program files (x86)/atollic/truestudio for stm32 9.3.0/armtools/bin/../lib/gcc/arm-atollic-eabi/6.3.1/../../../../arm-atollic-eabi/lib/armv6-m\libc_nano.a(lib_a-memset.o)
 .ARM.attributes
                0x0000057d       0x2c c:/program files (x86)/atollic/truestudio for stm32 9.3.0/armtools/bin/../lib/gcc/arm-atollic-eabi/6.3.1/../../../../arm-atollic-eabi/lib/armv6-m\libc_nano.a(lib_a-sprintf.o)
 .ARM.attributes
                0x000005a9       0x1c c:/program files (x86)/atollic/truestudio for stm32 9.3.0/armtools/bin/../lib/gcc/arm-atollic-eabi/6.3.1/../../../../arm-atollic-eabi/lib/armv6-m\libc_nano.a(lib_a-strlen.o)
 .ARM.attributes
                0x000005c5       0x2c c:/program files (x86)/atollic/truestudio for stm32 9.3.0/armtools/bin/../lib/gcc/arm-atollic-eabi/6.3.1/../../../../arm-atollic-eabi/lib/armv6-m\libc_nano.a(lib_a-nano-svfprintf.o)
 .ARM.attributes
                0x000005f1       0x2c c:/program files (x86)/atollic/truestudio for stm32 9.3.0/armtools/bin/../lib/gcc/arm-atollic-eabi/6.3.1/../../../../arm-atollic-eabi/lib/armv6-m\libc_nano.a(lib_a-nano-vfprintf_i.o)
 .ARM.attributes
                0x0000061d       0x2c c:/program files (x86)/atollic/truestudio for stm32 9.3.0/armtools/bin/../lib/gcc/arm-atollic-eabi/6.3.1/../../../../arm-atollic-eabi/lib/armv6-m\libc_nano.a(lib_a-memchr-stub.o)
 .ARM.attributes
                0x00000649       0x2c c:/program files (x86)/atollic/truestudio for stm32 9.3.0/armtools/bin/../lib/gcc/arm-atollic-eabi/6.3.1/../../../../arm-atollic-eabi/lib/armv6-m\libc_nano.a(lib_a-memmove.o)
 .ARM.attributes
                0x00000675       0x2c c:/program files (x86)/atollic/truestudio for stm32 9.3.0/armtools/bin/../lib/gcc/arm-atollic-eabi/6.3.1/../../../../arm-atollic-eabi/lib/armv6-m\libc_nano.a(lib_a-nano-freer.o)
 .ARM.attributes
                0x000006a1       0x2c c:/program files (x86)/atollic/truestudio for stm32 9.3.0/armtools/bin/../lib/gcc/arm-atollic-eabi/6.3.1/../../../../arm-atollic-eabi/lib/armv6-m\libc_nano.a(lib_a-nano-mallocr.o)
 .ARM.attributes
                0x000006cd       0x2c c:/program files (x86)/atollic/truestudio for stm32 9.3.0/armtools/bin/../lib/gcc/arm-atollic-eabi/6.3.1/../../../../arm-atollic-eabi/lib/armv6-m\libc_nano.a(lib_a-nano-reallocr.o)
 .ARM.attributes
                0x000006f9       0x2c c:/program files (x86)/atollic/truestudio for stm32 9.3.0/armtools/bin/../lib/gcc/arm-atollic-eabi/6.3.1/../../../../arm-atollic-eabi/lib/armv6-m\libc_nano.a(lib_a-sbrkr.o)
 .ARM.attributes
                0x00000725       0x2c c:/program files (x86)/atollic/truestudio for stm32 9.3.0/armtools/bin/../lib/gcc/arm-atollic-eabi/6.3.1/../../../../arm-atollic-eabi/lib/armv6-m\libc_nano.a(lib_a-mlock.o)
 .ARM.attributes
                0x00000751       0x2c c:/program files (x86)/atollic/truestudio for stm32 9.3.0/armtools/bin/../lib/gcc/arm-atollic-eabi/6.3.1/../../../../arm-atollic-eabi/lib/armv6-m\libc_nano.a(lib_a-nano-msizer.o)
 .ARM.attributes
                0x0000077d       0x2c c:/program files (x86)/atollic/truestudio for stm32 9.3.0/armtools/bin/../lib/gcc/arm-atollic-eabi/6.3.1/../../../../arm-atollic-eabi/lib/armv6-m\libc_nano.a(lib_a-reent.o)
 .ARM.attributes
                0x000007a9       0x1e c:/program files (x86)/atollic/truestudio for stm32 9.3.0/armtools/bin/../lib/gcc/arm-atollic-eabi/6.3.1/armv6-m\libgcc.a(_thumb1_case_sqi.o)
 .ARM.attributes
                0x000007c7       0x1e c:/program files (x86)/atollic/truestudio for stm32 9.3.0/armtools/bin/../lib/gcc/arm-atollic-eabi/6.3.1/armv6-m\libgcc.a(_thumb1_case_uqi.o)
 .ARM.attributes
                0x000007e5       0x1e c:/program files (x86)/atollic/truestudio for stm32 9.3.0/armtools/bin/../lib/gcc/arm-atollic-eabi/6.3.1/armv6-m\libgcc.a(_udivsi3.o)
 .ARM.attributes
                0x00000803       0x1e c:/program files (x86)/atollic/truestudio for stm32 9.3.0/armtools/bin/../lib/gcc/arm-atollic-eabi/6.3.1/armv6-m\libgcc.a(_dvmd_tls.o)
 .ARM.attributes
                0x00000821       0x2c c:/program files (x86)/atollic/truestudio for stm32 9.3.0/armtools/bin/../lib/gcc/arm-atollic-eabi/6.3.1/armv6-m\libgcc.a(_fixunsdfsi.o)
 .ARM.attributes
                0x0000084d       0x2c c:/program files (x86)/atollic/truestudio for stm32 9.3.0/armtools/bin/../lib/gcc/arm-atollic-eabi/6.3.1/armv6-m\libgcc.a(muldf3.o)
 .ARM.attributes
                0x00000879       0x2c c:/program files (x86)/atollic/truestudio for stm32 9.3.0/armtools/bin/../lib/gcc/arm-atollic-eabi/6.3.1/armv6-m\libgcc.a(subdf3.o)
 .ARM.attributes
                0x000008a5       0x2c c:/program files (x86)/atollic/truestudio for stm32 9.3.0/armtools/bin/../lib/gcc/arm-atollic-eabi/6.3.1/armv6-m\libgcc.a(fixdfsi.o)
 .ARM.attributes
                0x000008d1       0x2c c:/program files (x86)/atollic/truestudio for stm32 9.3.0/armtools/bin/../lib/gcc/arm-atollic-eabi/6.3.1/armv6-m\libgcc.a(floatunsidf.o)
 .ARM.attributes
                0x000008fd       0x1e c:/program files (x86)/atollic/truestudio for stm32 9.3.0/armtools/bin/../lib/gcc/arm-atollic-eabi/6.3.1/armv6-m\libgcc.a(_arm_cmpdf2.o)
 .ARM.attributes
                0x0000091b       0x1e c:/program files (x86)/atollic/truestudio for stm32 9.3.0/armtools/bin/../lib/gcc/arm-atollic-eabi/6.3.1/armv6-m\libgcc.a(_clzsi2.o)
 .ARM.attributes
                0x00000939       0x2c c:/program files (x86)/atollic/truestudio for stm32 9.3.0/armtools/bin/../lib/gcc/arm-atollic-eabi/6.3.1/armv6-m\libgcc.a(eqdf2.o)
 .ARM.attributes
                0x00000965       0x2c c:/program files (x86)/atollic/truestudio for stm32 9.3.0/armtools/bin/../lib/gcc/arm-atollic-eabi/6.3.1/armv6-m\libgcc.a(gedf2.o)
 .ARM.attributes
                0x00000991       0x2c c:/program files (x86)/atollic/truestudio for stm32 9.3.0/armtools/bin/../lib/gcc/arm-atollic-eabi/6.3.1/armv6-m\libgcc.a(ledf2.o)
 .ARM.attributes
                0x000009bd       0x1e c:/program files (x86)/atollic/truestudio for stm32 9.3.0/armtools/bin/../lib/gcc/arm-atollic-eabi/6.3.1/armv6-m/crtn.o
OUTPUT(PNG_MCU_v2.elf elf32-littlearm)

.debug_info     0x00000000    0x14286
 .debug_info    0x00000000      0x757 Drivers\STM32F0xx_HAL_Driver\Src\stm32f0xx_hal.o
 .debug_info    0x00000757      0xec5 Drivers\STM32F0xx_HAL_Driver\Src\stm32f0xx_hal_adc.o
 .debug_info    0x0000161c      0x619 Drivers\STM32F0xx_HAL_Driver\Src\stm32f0xx_hal_adc_ex.o
 .debug_info    0x00001c35      0x863 Drivers\STM32F0xx_HAL_Driver\Src\stm32f0xx_hal_cortex.o
 .debug_info    0x00002498      0x85c Drivers\STM32F0xx_HAL_Driver\Src\stm32f0xx_hal_dma.o
 .debug_info    0x00002cf4      0x67e Drivers\STM32F0xx_HAL_Driver\Src\stm32f0xx_hal_gpio.o
 .debug_info    0x00003372      0xa2b Drivers\STM32F0xx_HAL_Driver\Src\stm32f0xx_hal_rcc.o
 .debug_info    0x00003d9d      0x43c Drivers\STM32F0xx_HAL_Driver\Src\stm32f0xx_hal_rcc_ex.o
 .debug_info    0x000041d9     0x2036 Drivers\STM32F0xx_HAL_Driver\Src\stm32f0xx_hal_spi.o
 .debug_info    0x0000620f     0x1b78 Drivers\STM32F0xx_HAL_Driver\Src\stm32f0xx_hal_uart.o
 .debug_info    0x00007d87      0x505 Middlewares\Third_Party\FatFs\src\diskio.o
 .debug_info    0x0000828c     0x41d3 Middlewares\Third_Party\FatFs\src\ff.o
 .debug_info    0x0000c45f      0x521 Middlewares\Third_Party\FatFs\src\ff_gen_drv.o
 .debug_info    0x0000c980      0x24e Middlewares\Third_Party\FatFs\src\option\ccsbcs.o
 .debug_info    0x0000cbce      0x5a3 Src\fatfs.o
 .debug_info    0x0000d171     0x1262 Src\fatfs_sd.o
 .debug_info    0x0000e3d3     0x295c Src\main.o
 .debug_info    0x00010d2f     0x10b5 Src\stm32f0xx_hal_msp.o
 .debug_info    0x00011de4      0x483 Src\stm32f0xx_it.o
 .debug_info    0x00012267      0xfe1 Src\syscalls.o
 .debug_info    0x00013248      0x2a4 Src\system_stm32f0xx.o
 .debug_info    0x000134ec      0xcf9 Src\user_diskio.o
 .debug_info    0x000141e5       0xa1 startup\startup_stm32f051x8.o

.debug_abbrev   0x00000000     0x3263
 .debug_abbrev  0x00000000      0x264 Drivers\STM32F0xx_HAL_Driver\Src\stm32f0xx_hal.o
 .debug_abbrev  0x00000264      0x2b0 Drivers\STM32F0xx_HAL_Driver\Src\stm32f0xx_hal_adc.o
 .debug_abbrev  0x00000514      0x14a Drivers\STM32F0xx_HAL_Driver\Src\stm32f0xx_hal_adc_ex.o
 .debug_abbrev  0x0000065e      0x269 Drivers\STM32F0xx_HAL_Driver\Src\stm32f0xx_hal_cortex.o
 .debug_abbrev  0x000008c7      0x216 Drivers\STM32F0xx_HAL_Driver\Src\stm32f0xx_hal_dma.o
 .debug_abbrev  0x00000add      0x1e6 Drivers\STM32F0xx_HAL_Driver\Src\stm32f0xx_hal_gpio.o
 .debug_abbrev  0x00000cc3      0x286 Drivers\STM32F0xx_HAL_Driver\Src\stm32f0xx_hal_rcc.o
 .debug_abbrev  0x00000f49      0x1b5 Drivers\STM32F0xx_HAL_Driver\Src\stm32f0xx_hal_rcc_ex.o
 .debug_abbrev  0x000010fe      0x33d Drivers\STM32F0xx_HAL_Driver\Src\stm32f0xx_hal_spi.o
 .debug_abbrev  0x0000143b      0x321 Drivers\STM32F0xx_HAL_Driver\Src\stm32f0xx_hal_uart.o
 .debug_abbrev  0x0000175c      0x1b6 Middlewares\Third_Party\FatFs\src\diskio.o
 .debug_abbrev  0x00001912      0x3e1 Middlewares\Third_Party\FatFs\src\ff.o
 .debug_abbrev  0x00001cf3      0x1f9 Middlewares\Third_Party\FatFs\src\ff_gen_drv.o
 .debug_abbrev  0x00001eec      0x103 Middlewares\Third_Party\FatFs\src\option\ccsbcs.o
 .debug_abbrev  0x00001fef      0x1a2 Src\fatfs.o
 .debug_abbrev  0x00002191      0x31e Src\fatfs_sd.o
 .debug_abbrev  0x000024af      0x3f4 Src\main.o
 .debug_abbrev  0x000028a3      0x201 Src\stm32f0xx_hal_msp.o
 .debug_abbrev  0x00002aa4      0x191 Src\stm32f0xx_it.o
 .debug_abbrev  0x00002c35      0x2d9 Src\syscalls.o
 .debug_abbrev  0x00002f0e      0x126 Src\system_stm32f0xx.o
 .debug_abbrev  0x00003034      0x21d Src\user_diskio.o
 .debug_abbrev  0x00003251       0x12 startup\startup_stm32f051x8.o

.debug_loc      0x00000000     0xba07
 .debug_loc     0x00000000       0xef Drivers\STM32F0xx_HAL_Driver\Src\stm32f0xx_hal.o
 .debug_loc     0x000000ef      0xaad Drivers\STM32F0xx_HAL_Driver\Src\stm32f0xx_hal_adc.o
 .debug_loc     0x00000b9c       0xfb Drivers\STM32F0xx_HAL_Driver\Src\stm32f0xx_hal_adc_ex.o
 .debug_loc     0x00000c97      0x3b6 Drivers\STM32F0xx_HAL_Driver\Src\stm32f0xx_hal_cortex.o
 .debug_loc     0x0000104d      0x7fd Drivers\STM32F0xx_HAL_Driver\Src\stm32f0xx_hal_dma.o
 .debug_loc     0x0000184a      0x303 Drivers\STM32F0xx_HAL_Driver\Src\stm32f0xx_hal_gpio.o
 .debug_loc     0x00001b4d      0x480 Drivers\STM32F0xx_HAL_Driver\Src\stm32f0xx_hal_rcc.o
 .debug_loc     0x00001fcd      0x29e Drivers\STM32F0xx_HAL_Driver\Src\stm32f0xx_hal_rcc_ex.o
 .debug_loc     0x0000226b     0x1a97 Drivers\STM32F0xx_HAL_Driver\Src\stm32f0xx_hal_spi.o
 .debug_loc     0x00003d02     0x14e4 Drivers\STM32F0xx_HAL_Driver\Src\stm32f0xx_hal_uart.o
 .debug_loc     0x000051e6      0x1cc Middlewares\Third_Party\FatFs\src\diskio.o
 .debug_loc     0x000053b2     0x512c Middlewares\Third_Party\FatFs\src\ff.o
 .debug_loc     0x0000a4de      0x1ec Middlewares\Third_Party\FatFs\src\ff_gen_drv.o
 .debug_loc     0x0000a6ca      0x131 Middlewares\Third_Party\FatFs\src\option\ccsbcs.o
 .debug_loc     0x0000a7fb      0x87f Src\fatfs_sd.o
 .debug_loc     0x0000b07a      0x169 Src\main.o
 .debug_loc     0x0000b1e3       0xf2 Src\stm32f0xx_hal_msp.o
 .debug_loc     0x0000b2d5      0x45e Src\syscalls.o
 .debug_loc     0x0000b733      0x127 Src\system_stm32f0xx.o
 .debug_loc     0x0000b85a      0x1ad Src\user_diskio.o

.debug_aranges  0x00000000      0xc50
 .debug_aranges
                0x00000000       0xc8 Drivers\STM32F0xx_HAL_Driver\Src\stm32f0xx_hal.o
 .debug_aranges
                0x000000c8       0xd0 Drivers\STM32F0xx_HAL_Driver\Src\stm32f0xx_hal_adc.o
 .debug_aranges
                0x00000198       0x20 Drivers\STM32F0xx_HAL_Driver\Src\stm32f0xx_hal_adc_ex.o
 .debug_aranges
                0x000001b8       0x78 Drivers\STM32F0xx_HAL_Driver\Src\stm32f0xx_hal_cortex.o
 .debug_aranges
                0x00000230       0x78 Drivers\STM32F0xx_HAL_Driver\Src\stm32f0xx_hal_dma.o
 .debug_aranges
                0x000002a8       0x58 Drivers\STM32F0xx_HAL_Driver\Src\stm32f0xx_hal_gpio.o
 .debug_aranges
                0x00000300       0x80 Drivers\STM32F0xx_HAL_Driver\Src\stm32f0xx_hal_rcc.o
 .debug_aranges
                0x00000380       0x30 Drivers\STM32F0xx_HAL_Driver\Src\stm32f0xx_hal_rcc_ex.o
 .debug_aranges
                0x000003b0      0x198 Drivers\STM32F0xx_HAL_Driver\Src\stm32f0xx_hal_spi.o
 .debug_aranges
                0x00000548      0x1b8 Drivers\STM32F0xx_HAL_Driver\Src\stm32f0xx_hal_uart.o
 .debug_aranges
                0x00000700       0x48 Middlewares\Third_Party\FatFs\src\diskio.o
 .debug_aranges
                0x00000748      0x1c0 Middlewares\Third_Party\FatFs\src\ff.o
 .debug_aranges
                0x00000908       0x40 Middlewares\Third_Party\FatFs\src\ff_gen_drv.o
 .debug_aranges
                0x00000948       0x28 Middlewares\Third_Party\FatFs\src\option\ccsbcs.o
 .debug_aranges
                0x00000970       0x28 Src\fatfs.o
 .debug_aranges
                0x00000998       0x88 Src\fatfs_sd.o
 .debug_aranges
                0x00000a20       0x58 Src\main.o
 .debug_aranges
                0x00000a78       0x50 Src\stm32f0xx_hal_msp.o
 .debug_aranges
                0x00000ac8       0x48 Src\stm32f0xx_it.o
 .debug_aranges
                0x00000b10       0xb0 Src\syscalls.o
 .debug_aranges
                0x00000bc0       0x28 Src\system_stm32f0xx.o
 .debug_aranges
                0x00000be8       0x40 Src\user_diskio.o
 .debug_aranges
                0x00000c28       0x28 startup\startup_stm32f051x8.o

.debug_ranges   0x00000000     0x1190
 .debug_ranges  0x00000000       0xb8 Drivers\STM32F0xx_HAL_Driver\Src\stm32f0xx_hal.o
 .debug_ranges  0x000000b8       0xc0 Drivers\STM32F0xx_HAL_Driver\Src\stm32f0xx_hal_adc.o
 .debug_ranges  0x00000178       0x10 Drivers\STM32F0xx_HAL_Driver\Src\stm32f0xx_hal_adc_ex.o
 .debug_ranges  0x00000188       0xb8 Drivers\STM32F0xx_HAL_Driver\Src\stm32f0xx_hal_cortex.o
 .debug_ranges  0x00000240       0xe8 Drivers\STM32F0xx_HAL_Driver\Src\stm32f0xx_hal_dma.o
 .debug_ranges  0x00000328       0x70 Drivers\STM32F0xx_HAL_Driver\Src\stm32f0xx_hal_gpio.o
 .debug_ranges  0x00000398       0xa0 Drivers\STM32F0xx_HAL_Driver\Src\stm32f0xx_hal_rcc.o
 .debug_ranges  0x00000438       0x40 Drivers\STM32F0xx_HAL_Driver\Src\stm32f0xx_hal_rcc_ex.o
 .debug_ranges  0x00000478      0x278 Drivers\STM32F0xx_HAL_Driver\Src\stm32f0xx_hal_spi.o
 .debug_ranges  0x000006f0      0x1a8 Drivers\STM32F0xx_HAL_Driver\Src\stm32f0xx_hal_uart.o
 .debug_ranges  0x00000898       0x38 Middlewares\Third_Party\FatFs\src\diskio.o
 .debug_ranges  0x000008d0      0x3a8 Middlewares\Third_Party\FatFs\src\ff.o
 .debug_ranges  0x00000c78       0x30 Middlewares\Third_Party\FatFs\src\ff_gen_drv.o
 .debug_ranges  0x00000ca8       0x18 Middlewares\Third_Party\FatFs\src\option\ccsbcs.o
 .debug_ranges  0x00000cc0       0x18 Src\fatfs.o
 .debug_ranges  0x00000cd8       0x78 Src\fatfs_sd.o
 .debug_ranges  0x00000d50      0x130 Src\main.o
 .debug_ranges  0x00000e80      0x1d0 Src\stm32f0xx_hal_msp.o
 .debug_ranges  0x00001050       0x38 Src\stm32f0xx_it.o
 .debug_ranges  0x00001088       0xa0 Src\syscalls.o
 .debug_ranges  0x00001128       0x18 Src\system_stm32f0xx.o
 .debug_ranges  0x00001140       0x30 Src\user_diskio.o
 .debug_ranges  0x00001170       0x20 startup\startup_stm32f051x8.o

.debug_line     0x00000000     0x755c
 .debug_line    0x00000000      0x3ee Drivers\STM32F0xx_HAL_Driver\Src\stm32f0xx_hal.o
 .debug_line    0x000003ee      0x7d2 Drivers\STM32F0xx_HAL_Driver\Src\stm32f0xx_hal_adc.o
 .debug_line    0x00000bc0      0x290 Drivers\STM32F0xx_HAL_Driver\Src\stm32f0xx_hal_adc_ex.o
 .debug_line    0x00000e50      0x389 Drivers\STM32F0xx_HAL_Driver\Src\stm32f0xx_hal_cortex.o
 .debug_line    0x000011d9      0x4d4 Drivers\STM32F0xx_HAL_Driver\Src\stm32f0xx_hal_dma.o
 .debug_line    0x000016ad      0x37d Drivers\STM32F0xx_HAL_Driver\Src\stm32f0xx_hal_gpio.o
 .debug_line    0x00001a2a      0x5aa Drivers\STM32F0xx_HAL_Driver\Src\stm32f0xx_hal_rcc.o
 .debug_line    0x00001fd4      0x332 Drivers\STM32F0xx_HAL_Driver\Src\stm32f0xx_hal_rcc_ex.o
 .debug_line    0x00002306      0xd7a Drivers\STM32F0xx_HAL_Driver\Src\stm32f0xx_hal_spi.o
 .debug_line    0x00003080      0xe87 Drivers\STM32F0xx_HAL_Driver\Src\stm32f0xx_hal_uart.o
 .debug_line    0x00003f07      0x24f Middlewares\Third_Party\FatFs\src\diskio.o
 .debug_line    0x00004156     0x1326 Middlewares\Third_Party\FatFs\src\ff.o
 .debug_line    0x0000547c      0x24c Middlewares\Third_Party\FatFs\src\ff_gen_drv.o
 .debug_line    0x000056c8      0x241 Middlewares\Third_Party\FatFs\src\option\ccsbcs.o
 .debug_line    0x00005909      0x22a Src\fatfs.o
 .debug_line    0x00005b33      0x51b Src\fatfs_sd.o
 .debug_line    0x0000604e      0x636 Src\main.o
 .debug_line    0x00006684      0x374 Src\stm32f0xx_hal_msp.o
 .debug_line    0x000069f8      0x25b Src\stm32f0xx_it.o
 .debug_line    0x00006c53      0x3c6 Src\syscalls.o
 .debug_line    0x00007019      0x1e4 Src\system_stm32f0xx.o
 .debug_line    0x000071fd      0x2dd Src\user_diskio.o
 .debug_line    0x000074da       0x82 startup\startup_stm32f051x8.o

.debug_str      0x00000000     0x3997
 .debug_str     0x00000000      0x6c0 Drivers\STM32F0xx_HAL_Driver\Src\stm32f0xx_hal.o
                                0x726 (size before relaxing)
 .debug_str     0x000006c0      0x68d Drivers\STM32F0xx_HAL_Driver\Src\stm32f0xx_hal_adc.o
                                0x9bd (size before relaxing)
 .debug_str     0x00000d4d       0x77 Drivers\STM32F0xx_HAL_Driver\Src\stm32f0xx_hal_adc_ex.o
                                0x6b2 (size before relaxing)
 .debug_str     0x00000dc4      0x26d Drivers\STM32F0xx_HAL_Driver\Src\stm32f0xx_hal_cortex.o
                                0x710 (size before relaxing)
 .debug_str     0x00001031      0x229 Drivers\STM32F0xx_HAL_Driver\Src\stm32f0xx_hal_dma.o
                                0x702 (size before relaxing)
 .debug_str     0x0000125a      0x1c1 Drivers\STM32F0xx_HAL_Driver\Src\stm32f0xx_hal_gpio.o
                                0x4ed (size before relaxing)
 .debug_str     0x0000141b      0x31d Drivers\STM32F0xx_HAL_Driver\Src\stm32f0xx_hal_rcc.o
                                0x6fe (size before relaxing)
 .debug_str     0x00001738      0x139 Drivers\STM32F0xx_HAL_Driver\Src\stm32f0xx_hal_rcc_ex.o
                                0x4a5 (size before relaxing)
 .debug_str     0x00001871      0x747 Drivers\STM32F0xx_HAL_Driver\Src\stm32f0xx_hal_spi.o
                                0xc7a (size before relaxing)
 .debug_str     0x00001fb8      0x87c Drivers\STM32F0xx_HAL_Driver\Src\stm32f0xx_hal_uart.o
                                0xece (size before relaxing)
 .debug_str     0x00002834       0xcd Middlewares\Third_Party\FatFs\src\diskio.o
                                0x38a (size before relaxing)
 .debug_str     0x00002901      0x5ca Middlewares\Third_Party\FatFs\src\ff.o
                                0x939 (size before relaxing)
 .debug_str     0x00002ecb       0xa2 Middlewares\Third_Party\FatFs\src\ff_gen_drv.o
                                0x3db (size before relaxing)
 .debug_str     0x00002f6d       0x49 Middlewares\Third_Party\FatFs\src\option\ccsbcs.o
                                0x2dc (size before relaxing)
 .debug_str     0x00002fb6       0x4d Src\fatfs.o
                                0x442 (size before relaxing)
 .debug_str     0x00003003      0x12f Src\fatfs_sd.o
                                0x8a1 (size before relaxing)
 .debug_str     0x00003132      0x4c5 Src\main.o
                               0x17ad (size before relaxing)
 .debug_str     0x000035f7       0x1b Src\stm32f0xx_hal_msp.o
                                0xb35 (size before relaxing)
 .debug_str     0x00003612       0xa4 Src\stm32f0xx_it.o
                                0x54a (size before relaxing)
 .debug_str     0x000036b6      0x236 Src\syscalls.o
                                0x880 (size before relaxing)
 .debug_str     0x000038ec       0x5a Src\system_stm32f0xx.o
                                0x319 (size before relaxing)
 .debug_str     0x00003946       0x51 Src\user_diskio.o
                                0x7f0 (size before relaxing)

.comment        0x00000000       0x7c
 .comment       0x00000000       0x7c Drivers\STM32F0xx_HAL_Driver\Src\stm32f0xx_hal.o
                                 0x7d (size before relaxing)
 .comment       0x0000007c       0x7d Drivers\STM32F0xx_HAL_Driver\Src\stm32f0xx_hal_adc.o
 .comment       0x0000007c       0x7d Drivers\STM32F0xx_HAL_Driver\Src\stm32f0xx_hal_adc_ex.o
 .comment       0x0000007c       0x7d Drivers\STM32F0xx_HAL_Driver\Src\stm32f0xx_hal_cortex.o
 .comment       0x0000007c       0x7d Drivers\STM32F0xx_HAL_Driver\Src\stm32f0xx_hal_dma.o
 .comment       0x0000007c       0x7d Drivers\STM32F0xx_HAL_Driver\Src\stm32f0xx_hal_gpio.o
 .comment       0x0000007c       0x7d Drivers\STM32F0xx_HAL_Driver\Src\stm32f0xx_hal_rcc.o
 .comment       0x0000007c       0x7d Drivers\STM32F0xx_HAL_Driver\Src\stm32f0xx_hal_rcc_ex.o
 .comment       0x0000007c       0x7d Drivers\STM32F0xx_HAL_Driver\Src\stm32f0xx_hal_spi.o
 .comment       0x0000007c       0x7d Drivers\STM32F0xx_HAL_Driver\Src\stm32f0xx_hal_uart.o
 .comment       0x0000007c       0x7d Middlewares\Third_Party\FatFs\src\diskio.o
 .comment       0x0000007c       0x7d Middlewares\Third_Party\FatFs\src\ff.o
 .comment       0x0000007c       0x7d Middlewares\Third_Party\FatFs\src\ff_gen_drv.o
 .comment       0x0000007c       0x7d Middlewares\Third_Party\FatFs\src\option\ccsbcs.o
 .comment       0x0000007c       0x7d Src\fatfs.o
 .comment       0x0000007c       0x7d Src\fatfs_sd.o
 .comment       0x0000007c       0x7d Src\main.o
 .comment       0x0000007c       0x7d Src\stm32f0xx_hal_msp.o
 .comment       0x0000007c       0x7d Src\stm32f0xx_it.o
 .comment       0x0000007c       0x7d Src\syscalls.o
 .comment       0x0000007c       0x7d Src\system_stm32f0xx.o
 .comment       0x0000007c       0x7d Src\user_diskio.o

.debug_frame    0x00000000     0x27e8
 .debug_frame   0x00000000      0x1b4 Drivers\STM32F0xx_HAL_Driver\Src\stm32f0xx_hal.o
 .debug_frame   0x000001b4      0x2d0 Drivers\STM32F0xx_HAL_Driver\Src\stm32f0xx_hal_adc.o
 .debug_frame   0x00000484       0x30 Drivers\STM32F0xx_HAL_Driver\Src\stm32f0xx_hal_adc_ex.o
 .debug_frame   0x000004b4       0xe4 Drivers\STM32F0xx_HAL_Driver\Src\stm32f0xx_hal_cortex.o
 .debug_frame   0x00000598      0x158 Drivers\STM32F0xx_HAL_Driver\Src\stm32f0xx_hal_dma.o
 .debug_frame   0x000006f0       0xbc Drivers\STM32F0xx_HAL_Driver\Src\stm32f0xx_hal_gpio.o
 .debug_frame   0x000007ac      0x140 Drivers\STM32F0xx_HAL_Driver\Src\stm32f0xx_hal_rcc.o
 .debug_frame   0x000008ec       0x58 Drivers\STM32F0xx_HAL_Driver\Src\stm32f0xx_hal_rcc_ex.o
 .debug_frame   0x00000944      0x5cc Drivers\STM32F0xx_HAL_Driver\Src\stm32f0xx_hal_spi.o
 .debug_frame   0x00000f10      0x5bc Drivers\STM32F0xx_HAL_Driver\Src\stm32f0xx_hal_uart.o
 .debug_frame   0x000014cc       0xa4 Middlewares\Third_Party\FatFs\src\diskio.o
 .debug_frame   0x00001570      0x658 Middlewares\Third_Party\FatFs\src\ff.o
 .debug_frame   0x00001bc8       0x84 Middlewares\Third_Party\FatFs\src\ff_gen_drv.o
 .debug_frame   0x00001c4c       0x40 Middlewares\Third_Party\FatFs\src\option\ccsbcs.o
 .debug_frame   0x00001c8c       0x38 Src\fatfs.o
 .debug_frame   0x00001cc4      0x1a0 Src\fatfs_sd.o
 .debug_frame   0x00001e64       0xbc Src\main.o
 .debug_frame   0x00001f20       0xc4 Src\stm32f0xx_hal_msp.o
 .debug_frame   0x00001fe4       0xa8 Src\stm32f0xx_it.o
 .debug_frame   0x0000208c      0x19c Src\syscalls.o
 .debug_frame   0x00002228       0x3c Src\system_stm32f0xx.o
 .debug_frame   0x00002264       0x88 Src\user_diskio.o
 .debug_frame   0x000022ec       0x20 c:/program files (x86)/atollic/truestudio for stm32 9.3.0/armtools/bin/../lib/gcc/arm-atollic-eabi/6.3.1/../../../../arm-atollic-eabi/lib/armv6-m\libc_nano.a(lib_a-errno.o)
 .debug_frame   0x0000230c       0x2c c:/program files (x86)/atollic/truestudio for stm32 9.3.0/armtools/bin/../lib/gcc/arm-atollic-eabi/6.3.1/../../../../arm-atollic-eabi/lib/armv6-m\libc_nano.a(lib_a-init.o)
 .debug_frame   0x00002338       0x28 c:/program files (x86)/atollic/truestudio for stm32 9.3.0/armtools/bin/../lib/gcc/arm-atollic-eabi/6.3.1/../../../../arm-atollic-eabi/lib/armv6-m\libc_nano.a(lib_a-memcpy-stub.o)
 .debug_frame   0x00002360       0x20 c:/program files (x86)/atollic/truestudio for stm32 9.3.0/armtools/bin/../lib/gcc/arm-atollic-eabi/6.3.1/../../../../arm-atollic-eabi/lib/armv6-m\libc_nano.a(lib_a-memset.o)
 .debug_frame   0x00002380       0x50 c:/program files (x86)/atollic/truestudio for stm32 9.3.0/armtools/bin/../lib/gcc/arm-atollic-eabi/6.3.1/../../../../arm-atollic-eabi/lib/armv6-m\libc_nano.a(lib_a-sprintf.o)
 .debug_frame   0x000023d0       0x74 c:/program files (x86)/atollic/truestudio for stm32 9.3.0/armtools/bin/../lib/gcc/arm-atollic-eabi/6.3.1/../../../../arm-atollic-eabi/lib/armv6-m\libc_nano.a(lib_a-nano-svfprintf.o)
 .debug_frame   0x00002444       0x54 c:/program files (x86)/atollic/truestudio for stm32 9.3.0/armtools/bin/../lib/gcc/arm-atollic-eabi/6.3.1/../../../../arm-atollic-eabi/lib/armv6-m\libc_nano.a(lib_a-nano-vfprintf_i.o)
 .debug_frame   0x00002498       0x20 c:/program files (x86)/atollic/truestudio for stm32 9.3.0/armtools/bin/../lib/gcc/arm-atollic-eabi/6.3.1/../../../../arm-atollic-eabi/lib/armv6-m\libc_nano.a(lib_a-memchr-stub.o)
 .debug_frame   0x000024b8       0x28 c:/program files (x86)/atollic/truestudio for stm32 9.3.0/armtools/bin/../lib/gcc/arm-atollic-eabi/6.3.1/../../../../arm-atollic-eabi/lib/armv6-m\libc_nano.a(lib_a-memmove.o)
 .debug_frame   0x000024e0       0x2c c:/program files (x86)/atollic/truestudio for stm32 9.3.0/armtools/bin/../lib/gcc/arm-atollic-eabi/6.3.1/../../../../arm-atollic-eabi/lib/armv6-m\libc_nano.a(lib_a-nano-freer.o)
 .debug_frame   0x0000250c       0x2c c:/program files (x86)/atollic/truestudio for stm32 9.3.0/armtools/bin/../lib/gcc/arm-atollic-eabi/6.3.1/../../../../arm-atollic-eabi/lib/armv6-m\libc_nano.a(lib_a-nano-mallocr.o)
 .debug_frame   0x00002538       0x30 c:/program files (x86)/atollic/truestudio for stm32 9.3.0/armtools/bin/../lib/gcc/arm-atollic-eabi/6.3.1/../../../../arm-atollic-eabi/lib/armv6-m\libc_nano.a(lib_a-nano-reallocr.o)
 .debug_frame   0x00002568       0x2c c:/program files (x86)/atollic/truestudio for stm32 9.3.0/armtools/bin/../lib/gcc/arm-atollic-eabi/6.3.1/../../../../arm-atollic-eabi/lib/armv6-m\libc_nano.a(lib_a-sbrkr.o)
 .debug_frame   0x00002594       0x30 c:/program files (x86)/atollic/truestudio for stm32 9.3.0/armtools/bin/../lib/gcc/arm-atollic-eabi/6.3.1/../../../../arm-atollic-eabi/lib/armv6-m\libc_nano.a(lib_a-mlock.o)
 .debug_frame   0x000025c4       0x20 c:/program files (x86)/atollic/truestudio for stm32 9.3.0/armtools/bin/../lib/gcc/arm-atollic-eabi/6.3.1/../../../../arm-atollic-eabi/lib/armv6-m\libc_nano.a(lib_a-nano-msizer.o)
 .debug_frame   0x000025e4       0x48 c:/program files (x86)/atollic/truestudio for stm32 9.3.0/armtools/bin/../lib/gcc/arm-atollic-eabi/6.3.1/../../../../arm-atollic-eabi/lib/armv6-m\libc_nano.a(lib_a-reent.o)
 .debug_frame   0x0000262c       0x20 c:/program files (x86)/atollic/truestudio for stm32 9.3.0/armtools/bin/../lib/gcc/arm-atollic-eabi/6.3.1/armv6-m\libgcc.a(_udivsi3.o)
 .debug_frame   0x0000264c       0x2c c:/program files (x86)/atollic/truestudio for stm32 9.3.0/armtools/bin/../lib/gcc/arm-atollic-eabi/6.3.1/armv6-m\libgcc.a(_fixunsdfsi.o)
 .debug_frame   0x00002678       0x3c c:/program files (x86)/atollic/truestudio for stm32 9.3.0/armtools/bin/../lib/gcc/arm-atollic-eabi/6.3.1/armv6-m\libgcc.a(muldf3.o)
 .debug_frame   0x000026b4       0x38 c:/program files (x86)/atollic/truestudio for stm32 9.3.0/armtools/bin/../lib/gcc/arm-atollic-eabi/6.3.1/armv6-m\libgcc.a(subdf3.o)
 .debug_frame   0x000026ec       0x2c c:/program files (x86)/atollic/truestudio for stm32 9.3.0/armtools/bin/../lib/gcc/arm-atollic-eabi/6.3.1/armv6-m\libgcc.a(fixdfsi.o)
 .debug_frame   0x00002718       0x28 c:/program files (x86)/atollic/truestudio for stm32 9.3.0/armtools/bin/../lib/gcc/arm-atollic-eabi/6.3.1/armv6-m\libgcc.a(floatunsidf.o)
 .debug_frame   0x00002740       0x38 c:/program files (x86)/atollic/truestudio for stm32 9.3.0/armtools/bin/../lib/gcc/arm-atollic-eabi/6.3.1/armv6-m\libgcc.a(eqdf2.o)
 .debug_frame   0x00002778       0x38 c:/program files (x86)/atollic/truestudio for stm32 9.3.0/armtools/bin/../lib/gcc/arm-atollic-eabi/6.3.1/armv6-m\libgcc.a(gedf2.o)
 .debug_frame   0x000027b0       0x38 c:/program files (x86)/atollic/truestudio for stm32 9.3.0/armtools/bin/../lib/gcc/arm-atollic-eabi/6.3.1/armv6-m\libgcc.a(ledf2.o)
