Archive member included to satisfy reference by file (symbol)

c:/program files (x86)/atollic/truestudio for stm32 9.3.0/armtools/bin/../lib/gcc/arm-atollic-eabi/6.3.1/../../../../arm-atollic-eabi/lib/armv6-m\libc_nano.a(lib_a-errno.o)
                              Src\syscalls.o (__errno)
c:/program files (x86)/atollic/truestudio for stm32 9.3.0/armtools/bin/../lib/gcc/arm-atollic-eabi/6.3.1/../../../../arm-atollic-eabi/lib/armv6-m\libc_nano.a(lib_a-impure.o)
                              c:/program files (x86)/atollic/truestudio for stm32 9.3.0/armtools/bin/../lib/gcc/arm-atollic-eabi/6.3.1/../../../../arm-atollic-eabi/lib/armv6-m\libc_nano.a(lib_a-errno.o) (_impure_ptr)
c:/program files (x86)/atollic/truestudio for stm32 9.3.0/armtools/bin/../lib/gcc/arm-atollic-eabi/6.3.1/../../../../arm-atollic-eabi/lib/armv6-m\libc_nano.a(lib_a-init.o)
                              startup\startup_stm32f051x8.o (__libc_init_array)
c:/program files (x86)/atollic/truestudio for stm32 9.3.0/armtools/bin/../lib/gcc/arm-atollic-eabi/6.3.1/../../../../arm-atollic-eabi/lib/armv6-m\libc_nano.a(lib_a-memcpy-stub.o)
                              Drivers\STM32F0xx_HAL_Driver\Src\stm32f0xx_hal_rcc.o (memcpy)
c:/program files (x86)/atollic/truestudio for stm32 9.3.0/armtools/bin/../lib/gcc/arm-atollic-eabi/6.3.1/../../../../arm-atollic-eabi/lib/armv6-m\libc_nano.a(lib_a-memset.o)
                              Src\main.o (memset)
c:/program files (x86)/atollic/truestudio for stm32 9.3.0/armtools/bin/../lib/gcc/arm-atollic-eabi/6.3.1/../../../../arm-atollic-eabi/lib/armv6-m\libc_nano.a(lib_a-sprintf.o)
                              Src\main.o (sprintf)
c:/program files (x86)/atollic/truestudio for stm32 9.3.0/armtools/bin/../lib/gcc/arm-atollic-eabi/6.3.1/../../../../arm-atollic-eabi/lib/armv6-m\libc_nano.a(lib_a-strlen.o)
                              Src\main.o (strlen)
c:/program files (x86)/atollic/truestudio for stm32 9.3.0/armtools/bin/../lib/gcc/arm-atollic-eabi/6.3.1/../../../../arm-atollic-eabi/lib/armv6-m\libc_nano.a(lib_a-nano-svfprintf.o)
                              c:/program files (x86)/atollic/truestudio for stm32 9.3.0/armtools/bin/../lib/gcc/arm-atollic-eabi/6.3.1/../../../../arm-atollic-eabi/lib/armv6-m\libc_nano.a(lib_a-sprintf.o) (_svfprintf_r)
c:/program files (x86)/atollic/truestudio for stm32 9.3.0/armtools/bin/../lib/gcc/arm-atollic-eabi/6.3.1/../../../../arm-atollic-eabi/lib/armv6-m\libc_nano.a(lib_a-nano-vfprintf_i.o)
                              c:/program files (x86)/atollic/truestudio for stm32 9.3.0/armtools/bin/../lib/gcc/arm-atollic-eabi/6.3.1/../../../../arm-atollic-eabi/lib/armv6-m\libc_nano.a(lib_a-nano-svfprintf.o) (_printf_i)
c:/program files (x86)/atollic/truestudio for stm32 9.3.0/armtools/bin/../lib/gcc/arm-atollic-eabi/6.3.1/../../../../arm-atollic-eabi/lib/armv6-m\libc_nano.a(lib_a-memchr-stub.o)
                              c:/program files (x86)/atollic/truestudio for stm32 9.3.0/armtools/bin/../lib/gcc/arm-atollic-eabi/6.3.1/../../../../arm-atollic-eabi/lib/armv6-m\libc_nano.a(lib_a-nano-svfprintf.o) (memchr)
c:/program files (x86)/atollic/truestudio for stm32 9.3.0/armtools/bin/../lib/gcc/arm-atollic-eabi/6.3.1/../../../../arm-atollic-eabi/lib/armv6-m\libc_nano.a(lib_a-memmove.o)
                              c:/program files (x86)/atollic/truestudio for stm32 9.3.0/armtools/bin/../lib/gcc/arm-atollic-eabi/6.3.1/../../../../arm-atollic-eabi/lib/armv6-m\libc_nano.a(lib_a-nano-svfprintf.o) (memmove)
c:/program files (x86)/atollic/truestudio for stm32 9.3.0/armtools/bin/../lib/gcc/arm-atollic-eabi/6.3.1/../../../../arm-atollic-eabi/lib/armv6-m\libc_nano.a(lib_a-nano-freer.o)
                              c:/program files (x86)/atollic/truestudio for stm32 9.3.0/armtools/bin/../lib/gcc/arm-atollic-eabi/6.3.1/../../../../arm-atollic-eabi/lib/armv6-m\libc_nano.a(lib_a-nano-svfprintf.o) (_free_r)
c:/program files (x86)/atollic/truestudio for stm32 9.3.0/armtools/bin/../lib/gcc/arm-atollic-eabi/6.3.1/../../../../arm-atollic-eabi/lib/armv6-m\libc_nano.a(lib_a-nano-mallocr.o)
                              c:/program files (x86)/atollic/truestudio for stm32 9.3.0/armtools/bin/../lib/gcc/arm-atollic-eabi/6.3.1/../../../../arm-atollic-eabi/lib/armv6-m\libc_nano.a(lib_a-nano-svfprintf.o) (_malloc_r)
c:/program files (x86)/atollic/truestudio for stm32 9.3.0/armtools/bin/../lib/gcc/arm-atollic-eabi/6.3.1/../../../../arm-atollic-eabi/lib/armv6-m\libc_nano.a(lib_a-nano-reallocr.o)
                              c:/program files (x86)/atollic/truestudio for stm32 9.3.0/armtools/bin/../lib/gcc/arm-atollic-eabi/6.3.1/../../../../arm-atollic-eabi/lib/armv6-m\libc_nano.a(lib_a-nano-svfprintf.o) (_realloc_r)
c:/program files (x86)/atollic/truestudio for stm32 9.3.0/armtools/bin/../lib/gcc/arm-atollic-eabi/6.3.1/../../../../arm-atollic-eabi/lib/armv6-m\libc_nano.a(lib_a-sbrkr.o)
[...]
Memory Configuration

Name             Origin             Length             Attributes
RAM              0x20000000         0x00002000         xrw
FLASH            0x08000000         0x00010000         xr
*default*        0x00000000         0xffffffff

Linker script and memory map

LOAD c:/program files (x86)/atollic/truestudio for stm32 9.3.0/armtools/bin/../lib/gcc/arm-atollic-eabi/6.3.1/armv6-m/crti.o
LOAD c:/program files (x86)/atollic/truestudio for stm32 9.3.0/armtools/bin/../lib/gcc/arm-atollic-eabi/6.3.1/armv6-m/crtbegin.o
LOAD Drivers\STM32F0xx_HAL_Driver\Src\stm32f0xx_hal.o
LOAD Drivers\STM32F0xx_HAL_Driver\Src\stm32f0xx_hal_adc.o
LOAD Drivers\STM32F0xx_HAL_Driver\Src\stm32f0xx_hal_adc_ex.o
LOAD Drivers\STM32F0xx_HAL_Driver\Src\stm32f0xx_hal_cortex.o
LOAD Drivers\STM32F0xx_HAL_Driver\Src\stm32f0xx_hal_dma.o
LOAD Drivers\STM32F0xx_HAL_Driver\Src\stm32f0xx_hal_exti.o
LOAD Drivers\STM32F0xx_HAL_Driver\Src\stm32f0xx_hal_flash.o
LOAD Drivers\STM32F0xx_HAL_Driver\Src\stm32f0xx_hal_flash_ex.o
LOAD Drivers\STM32F0xx_HAL_Driver\Src\stm32f0xx_hal_gpio.o
LOAD Drivers\STM32F0xx_HAL_Driver\Src\stm32f0xx_hal_i2c.o
LOAD Drivers\STM32F0xx_HAL_Driver\Src\stm32f0xx_hal_i2c_ex.o
LOAD Drivers\STM32F0xx_HAL_Driver\Src\stm32f0xx_hal_pwr.o
LOAD Drivers\STM32F0xx_HAL_Driver\Src\stm32f0xx_hal_pwr_ex.o
LOAD Drivers\STM32F0xx_HAL_Driver\Src\stm32f0xx_hal_rcc.o
LOAD Drivers\STM32F0xx_HAL_Driver\Src\stm32f0xx_hal_rcc_ex.o
LOAD Drivers\STM32F0xx_HAL_Driver\Src\stm32f0xx_hal_spi.o
LOAD Drivers\STM32F0xx_HAL_Driver\Src\stm32f0xx_hal_spi_ex.o
LOAD Drivers\STM32F0xx_HAL_Driver\Src\stm32f0xx_hal_tim.o
LOAD Drivers\STM32F0xx_HAL_Driver\Src\stm32f0xx_hal_tim_ex.o
LOAD Drivers\STM32F0xx_HAL_Driver\Src\stm32f0xx_hal_uart.o
LOAD Drivers\STM32F0xx_HAL_Driver\Src\stm32f0xx_hal_uart_ex.o
LOAD Middlewares\Third_Party\FatFs\src\diskio.o
LOAD Middlewares\Third_Party\FatFs\src\ff.o
LOAD Middlewares\Third_Party\FatFs\src\ff_gen_drv.o
LOAD Middlewares\Third_Party\FatFs\src\option\ccsbcs.o
LOAD Middlewares\Third_Party\FatFs\src\option\syscall.o
LOAD Src\fatfs.o
LOAD Src\fatfs_sd.o
LOAD Src\main.o
LOAD Src\stm32f0xx_hal_msp.o
LOAD Src\stm32f0xx_it.o
LOAD Src\syscalls.o
LOAD Src\system_stm32f0xx.o
LOAD Src\user_diskio.o
LOAD startup\startup_stm32f051x8.o
                0x00000080                malloc_getpagesize_P = 0x80
START GROUP
LOAD c:/program files (x86)/atollic/truestudio for stm32 9.3.0/armtools/bin/../lib/gcc/arm-atollic-eabi/6.3.1/../../../../arm-atollic-eabi/lib/armv6-m\libc_nano.a
LOAD c:/program files (x86)/atollic/truestudio for stm32 9.3.0/armtools/bin/../lib/gcc/arm-atollic-eabi/6.3.1/../../../../arm-atollic-eabi/lib/armv6-m\libm.a
END GROUP
START GROUP
LOAD c:/program files (x86)/atollic/truestudio for stm32 9.3.0/armtools/bin/../lib/gcc/arm-atollic-eabi/6.3.1/armv6-m\libgcc.a
LOAD c:/program files (x86)/atollic/truestudio for stm32 9.3.0/armtools/bin/../lib/gcc/arm-atollic-eabi/6.3.1/../../../../arm-atollic-eabi/lib/armv6-m\libc_nano.a
END GROUP
START GROUP
LOAD c:/program files (x86)/atollic/truestudio for stm32 9.3.0/armtools/bin/../lib/gcc/arm-atollic-eabi/6.3.1/armv6-m\libgcc.a
LOAD c:/program files (x86)/atollic/truestudio for stm32 9.3.0/armtools/bin/../lib/gcc/arm-atollic-eabi/6.3.1/../../../../arm-atollic-eabi/lib/armv6-m\libc_nano.a
LOAD c:/program files (x86)/atollic/truestudio for stm32 9.3.0/armtools/bin/../lib/gcc/arm-atollic-eabi/6.3.1/../../../../arm-atollic-eabi/lib/armv6-m\libnosys.a
END GROUP
START GROUP
LOAD c:/program files (x86)/atollic/truestudio for stm32 9.3.0/armtools/bin/../lib/gcc/arm-atollic-eabi/6.3.1/armv6-m\libgcc.a
LOAD c:/program files (x86)/atollic/truestudio for stm32 9.3.0/armtools/bin/../lib/gcc/arm-atollic-eabi/6.3.1/../../../../arm-atollic-eabi/lib/armv6-m\libc_nano.a
LOAD c:/program files (x86)/atollic/truestudio for stm32 9.3.0/armtools/bin/../lib/gcc/arm-atollic-eabi/6.3.1/../../../../arm-atollic-eabi/lib/armv6-m\libnosys.a
END GROUP
LOAD c:/program files (x86)/atollic/truestudio for stm32 9.3.0/armtools/bin/../lib/gcc/arm-atollic-eabi/6.3.1/armv6-m/crtend.o
LOAD c:/program files (x86)/atollic/truestudio for stm32 9.3.0/armtools/bin/../lib/gcc/arm-atollic-eabi/6.3.1/armv6-m/crtn.o
                0x20002000                _estack = 0x20002000
                0x00000200                _Min_Heap_Size = 0x200
                0x00000400                _Min_Stack_Size = 0x400

.isr_vector     0x08000000       0xc0
                0x08000000                . = ALIGN (0x4)
 *(.isr_vector)
 .isr_vector    0x08000000       0xc0 startup\startup_stm32f051x8.o
                0x08000000                g_pfnVectors
                0x080000c0                . = ALIGN (0x4)

.text           0x080000c0     0x5e2c
                0x080000c0                . = ALIGN (0x4)
 *(.text)
 .text          0x080000c0       0x48 c:/program files (x86)/atollic/truestudio for stm32 9.3.0/armtools/bin/../lib/gcc/arm-atollic-eabi/6.3.1/armv6-m/crtbegin.o
 .text          0x08000108        0xe c:/program files (x86)/atollic/truestudio for stm32 9.3.0/armtools/bin/../lib/gcc/arm-atollic-eabi/6.3.1/../../../../arm-atollic-eabi/lib/armv6-m\libc_nano.a(lib_a-strlen.o)
                0x08000108                strlen
 *fill*         0x08000116        0x2 
 .text          0x08000118       0x14 c:/program files (x86)/atollic/truestudio for stm32 9.3.0/armtools/bin/../lib/gcc/arm-atollic-eabi/6.3.1/armv6-m\libgcc.a(_thumb1_case_sqi.o)
                0x08000118                __gnu_thumb1_case_sqi
 .text          0x0800012c       0x14 c:/program files (x86)/atollic/truestudio for stm32 9.3.0/armtools/bin/../lib/gcc/arm-atollic-eabi/6.3.1/armv6-m\libgcc.a(_thumb1_case_uqi.o)
                0x0800012c                __gnu_thumb1_case_uqi
 .text          0x08000140      0x114 c:/program files (x86)/atollic/truestudio for stm32 9.3.0/armtools/bin/../lib/gcc/arm-atollic-eabi/6.3.1/armv6-m\libgcc.a(_udivsi3.o)
                0x08000140                __aeabi_uidiv
                0x08000140                __udivsi3
                0x0800024c                __aeabi_uidivmod
 .text          0x08000254        0x4 c:/program files (x86)/atollic/truestudio for stm32 9.3.0/armtools/bin/../lib/gcc/arm-atollic-eabi/6.3.1/armv6-m\libgcc.a(_dvmd_tls.o)
                0x08000254                __aeabi_idiv0
                0x08000254                __aeabi_ldiv0
 *(.text*)
 .text.HAL_InitTick
                0x08000258       0x48 Drivers\STM32F0xx_HAL_Driver\Src\stm32f0xx_hal.o
                0x08000258                HAL_InitTick
 .text.HAL_Init
                0x080002a0       0x20 Drivers\STM32F0xx_HAL_Driver\Src\stm32f0xx_hal.o
                0x080002a0                HAL_Init
 .text.HAL_IncTick
                0x080002c0       0x18 Drivers\STM32F0xx_HAL_Driver\Src\stm32f0xx_hal.o
                0x080002c0                HAL_IncTick
 .text.HAL_GetTick
                0x080002d8        0xc Drivers\STM32F0xx_HAL_Driver\Src\stm32f0xx_hal.o
                0x080002d8                HAL_GetTick
 .text.HAL_Delay
                0x080002e4       0x24 Drivers\STM32F0xx_HAL_Driver\Src\stm32f0xx_hal.o
                0x080002e4                HAL_Delay
 .text.ADC_Disable
                0x08000308       0x72 Drivers\STM32F0xx_HAL_Driver\Src\stm32f0xx_hal_adc.o
 *fill*         0x0800037a        0x2 
 .text.ADC_Enable
                0x0800037c       0x98 Drivers\STM32F0xx_HAL_Driver\Src\stm32f0xx_hal_adc.o
 .text.ADC_ConversionStop
                0x08000414       0x52 Drivers\STM32F0xx_HAL_Driver\Src\stm32f0xx_hal_adc.o
 *fill*         0x08000466        0x2 
 .text.HAL_ADC_Init
                0x08000468      0x150 Drivers\STM32F0xx_HAL_Driver\Src\stm32f0xx_hal_adc.o
                0x08000468                HAL_ADC_Init
 .text.HAL_ADC_Start_DMA
                0x080005b8       0x94 Drivers\STM32F0xx_HAL_Driver\Src\stm32f0xx_hal_adc.o
                0x080005b8                HAL_ADC_Start_DMA
 .text.HAL_ADC_Stop_DMA
                0x0800064c       0x70 Drivers\STM32F0xx_HAL_Driver\Src\stm32f0xx_hal_adc.o
                0x0800064c                HAL_ADC_Stop_DMA
 .text.ADC_DMAConvCplt
                0x080006bc       0x70 Drivers\STM32F0xx_HAL_Driver\Src\stm32f0xx_hal_adc.o
 .text.HAL_ADC_ConvHalfCpltCallback
                0x0800072c        0x2 Drivers\STM32F0xx_HAL_Driver\Src\stm32f0xx_hal_adc.o
                0x0800072c                HAL_ADC_ConvHalfCpltCallback
 .text.ADC_DMAHalfConvCplt
                0x0800072e        0xa Drivers\STM32F0xx_HAL_Driver\Src\stm32f0xx_hal_adc.o
 .text.HAL_ADC_ErrorCallback
                0x08000738        0x2 Drivers\STM32F0xx_HAL_Driver\Src\stm32f0xx_hal_adc.o
                0x08000738                HAL_ADC_ErrorCallback
 .text.ADC_DMAError
                0x0800073a       0x1a Drivers\STM32F0xx_HAL_Driver\Src\stm32f0xx_hal_adc.o
 .text.HAL_ADC_ConfigChannel
                0x08000754      0x100 Drivers\STM32F0xx_HAL_Driver\Src\stm32f0xx_hal_adc.o
                0x08000754                HAL_ADC_ConfigChannel
 .text.HAL_ADCEx_Calibration_Start
                0x08000854       0xa8 Drivers\STM32F0xx_HAL_Driver\Src\stm32f0xx_hal_adc_ex.o
                0x08000854                HAL_ADCEx_Calibration_Start
 .text.HAL_NVIC_SetPriority
                0x080008fc       0x60 Drivers\STM32F0xx_HAL_Driver\Src\stm32f0xx_hal_cortex.o
                0x080008fc                HAL_NVIC_SetPriority
 .text.HAL_NVIC_EnableIRQ
                0x0800095c       0x18 Drivers\STM32F0xx_HAL_Driver\Src\stm32f0xx_hal_cortex.o
                0x0800095c                HAL_NVIC_EnableIRQ
 .text.HAL_SYSTICK_Config
                0x08000974       0x34 Drivers\STM32F0xx_HAL_Driver\Src\stm32f0xx_hal_cortex.o
                0x08000974                HAL_SYSTICK_Config
 .text.HAL_DMA_Init
                0x080009a8       0x64 Drivers\STM32F0xx_HAL_Driver\Src\stm32f0xx_hal_dma.o
                0x080009a8                HAL_DMA_Init
 .text.HAL_DMA_Start_IT
                0x08000a0c       0x76 Drivers\STM32F0xx_HAL_Driver\Src\stm32f0xx_hal_dma.o
                0x08000a0c                HAL_DMA_Start_IT
 .text.HAL_DMA_Abort
                0x08000a82       0x3c Drivers\STM32F0xx_HAL_Driver\Src\stm32f0xx_hal_dma.o
                0x08000a82                HAL_DMA_Abort
 .text.HAL_DMA_Abort_IT
                0x08000abe       0x46 Drivers\STM32F0xx_HAL_Driver\Src\stm32f0xx_hal_dma.o
                0x08000abe                HAL_DMA_Abort_IT
 .text.HAL_DMA_IRQHandler
                0x08000b04       0x92 Drivers\STM32F0xx_HAL_Driver\Src\stm32f0xx_hal_dma.o
                0x08000b04                HAL_DMA_IRQHandler
 *fill*         0x08000b96        0x2 
 .text.HAL_GPIO_Init
                0x08000b98      0x160 Drivers\STM32F0xx_HAL_Driver\Src\stm32f0xx_hal_gpio.o
                0x08000b98                HAL_GPIO_Init
 .text.HAL_GPIO_WritePin
                0x08000cf8        0xc Drivers\STM32F0xx_HAL_Driver\Src\stm32f0xx_hal_gpio.o
                0x08000cf8                HAL_GPIO_WritePin
 .text.HAL_GPIO_TogglePin
                0x08000d04        0xc Drivers\STM32F0xx_HAL_Driver\Src\stm32f0xx_hal_gpio.o
                0x08000d04                HAL_GPIO_TogglePin
 .text.HAL_GPIO_EXTI_IRQHandler
                0x08000d10       0x18 Drivers\STM32F0xx_HAL_Driver\Src\stm32f0xx_hal_gpio.o
                0x08000d10                HAL_GPIO_EXTI_IRQHandler
 .text.HAL_RCC_OscConfig
                0x08000d28      0x404 Drivers\STM32F0xx_HAL_Driver\Src\stm32f0xx_hal_rcc.o
                0x08000d28                HAL_RCC_OscConfig
 .text.HAL_RCC_GetSysClockFreq
                0x0800112c       0x64 Drivers\STM32F0xx_HAL_Driver\Src\stm32f0xx_hal_rcc.o
                0x0800112c                HAL_RCC_GetSysClockFreq
 .text.HAL_RCC_ClockConfig
                0x08001190      0x108 Drivers\STM32F0xx_HAL_Driver\Src\stm32f0xx_hal_rcc.o
                0x08001190                HAL_RCC_ClockConfig
 .text.HAL_RCC_GetPCLK1Freq
                0x08001298       0x20 Drivers\STM32F0xx_HAL_Driver\Src\stm32f0xx_hal_rcc.o
                0x08001298                HAL_RCC_GetPCLK1Freq
 .text.HAL_RCCEx_PeriphCLKConfig
                0x080012b8      0x118 Drivers\STM32F0xx_HAL_Driver\Src\stm32f0xx_hal_rcc_ex.o
                0x080012b8                HAL_RCCEx_PeriphCLKConfig
 .text.SPI_WaitFifoStateUntilTimeout.part.1
                0x080013d0       0x60 Drivers\STM32F0xx_HAL_Driver\Src\stm32f0xx_hal_spi.o
 .text.SPI_WaitFlagStateUntilTimeout.constprop.9
                0x08001430       0x28 Drivers\STM32F0xx_HAL_Driver\Src\stm32f0xx_hal_spi.o
 .text.SPI_WaitFifoStateUntilTimeout.constprop.10
                0x08001458       0x34 Drivers\STM32F0xx_HAL_Driver\Src\stm32f0xx_hal_spi.o
 .text.SPI_EndRxTxTransaction
                0x0800148c       0x46 Drivers\STM32F0xx_HAL_Driver\Src\stm32f0xx_hal_spi.o
 *fill*         0x080014d2        0x2 
 .text.HAL_SPI_Init
                0x080014d4       0xbc Drivers\STM32F0xx_HAL_Driver\Src\stm32f0xx_hal_spi.o
                0x080014d4                HAL_SPI_Init
 .text.HAL_SPI_Transmit
                0x08001590      0x19e Drivers\STM32F0xx_HAL_Driver\Src\stm32f0xx_hal_spi.o
                0x08001590                HAL_SPI_Transmit
 *fill*         0x0800172e        0x2 
 .text.HAL_SPI_TransmitReceive
                0x08001730      0x264 Drivers\STM32F0xx_HAL_Driver\Src\stm32f0xx_hal_spi.o
                0x08001730                HAL_SPI_TransmitReceive
 .text.HAL_SPI_GetState
                0x08001994        0x8 Drivers\STM32F0xx_HAL_Driver\Src\stm32f0xx_hal_spi.o
                0x08001994                HAL_SPI_GetState
 .text.TIM_OC1_SetConfig
                0x0800199c       0x88 Drivers\STM32F0xx_HAL_Driver\Src\stm32f0xx_hal_tim.o
 .text.TIM_OC3_SetConfig
                0x08001a24       0x88 Drivers\STM32F0xx_HAL_Driver\Src\stm32f0xx_hal_tim.o
 .text.TIM_OC4_SetConfig
                0x08001aac       0x74 Drivers\STM32F0xx_HAL_Driver\Src\stm32f0xx_hal_tim.o
 .text.HAL_TIM_Base_Start_IT
                0x08001b20       0x1e Drivers\STM32F0xx_HAL_Driver\Src\stm32f0xx_hal_tim.o
                0x08001b20                HAL_TIM_Base_Start_IT
 *fill*         0x08001b3e        0x2 
 .text.HAL_TIM_Base_Stop_IT
                0x08001b40       0x2c Drivers\STM32F0xx_HAL_Driver\Src\stm32f0xx_hal_tim.o
                0x08001b40                HAL_TIM_Base_Stop_IT
 .text.HAL_TIM_OC_MspInit
                0x08001b6c        0x2 Drivers\STM32F0xx_HAL_Driver\Src\stm32f0xx_hal_tim.o
                0x08001b6c                HAL_TIM_OC_MspInit
 *fill*         0x08001b6e        0x2 
 .text.TIM_Base_SetConfig
                0x08001b70       0xa0 Drivers\STM32F0xx_HAL_Driver\Src\stm32f0xx_hal_tim.o
                0x08001b70                TIM_Base_SetConfig
 .text.HAL_TIM_Base_Init
                0x08001c10       0x36 Drivers\STM32F0xx_HAL_Driver\Src\stm32f0xx_hal_tim.o
                0x08001c10                HAL_TIM_Base_Init
 .text.HAL_TIM_OC_Init
                0x08001c46       0x36 Drivers\STM32F0xx_HAL_Driver\Src\stm32f0xx_hal_tim.o
                0x08001c46                HAL_TIM_OC_Init
 .text.TIM_OC2_SetConfig
                0x08001c7c       0x80 Drivers\STM32F0xx_HAL_Driver\Src\stm32f0xx_hal_tim.o
                0x08001c7c                TIM_OC2_SetConfig
 .text.HAL_TIM_OC_ConfigChannel
                0x08001cfc       0x5c Drivers\STM32F0xx_HAL_Driver\Src\stm32f0xx_hal_tim.o
                0x08001cfc                HAL_TIM_OC_ConfigChannel
 .text.TIM_ETR_SetConfig
                0x08001d58       0x18 Drivers\STM32F0xx_HAL_Driver\Src\stm32f0xx_hal_tim.o
                0x08001d58                TIM_ETR_SetConfig
 .text.HAL_TIM_ConfigClockSource
                0x08001d70      0x12c Drivers\STM32F0xx_HAL_Driver\Src\stm32f0xx_hal_tim.o
                0x08001d70                HAL_TIM_ConfigClockSource
 .text.HAL_TIMEx_MasterConfigSynchronization
                0x08001e9c       0x68 Drivers\STM32F0xx_HAL_Driver\Src\stm32f0xx_hal_tim_ex.o
                0x08001e9c                HAL_TIMEx_MasterConfigSynchronization
 .text.HAL_TIMEx_ConfigBreakDeadTime
                0x08001f04       0x64 Drivers\STM32F0xx_HAL_Driver\Src\stm32f0xx_hal_tim_ex.o
                0x08001f04                HAL_TIMEx_ConfigBreakDeadTime
 .text.UART_EndRxTransfer
                0x08001f68       0x24 Drivers\STM32F0xx_HAL_Driver\Src\stm32f0xx_hal_uart.o
 .text.HAL_UART_Receive_IT
                0x08001f8c       0xb4 Drivers\STM32F0xx_HAL_Driver\Src\stm32f0xx_hal_uart.o
                0x08001f8c                HAL_UART_Receive_IT
 .text.HAL_UART_TxCpltCallback
                0x08002040        0x2 Drivers\STM32F0xx_HAL_Driver\Src\stm32f0xx_hal_uart.o
                0x08002040                HAL_UART_TxCpltCallback
 *fill*         0x08002042        0x2 
 .text.UART_RxISR_8BIT
                0x08002044       0x60 Drivers\STM32F0xx_HAL_Driver\Src\stm32f0xx_hal_uart.o
 .text.UART_RxISR_16BIT
                0x080020a4       0x5c Drivers\STM32F0xx_HAL_Driver\Src\stm32f0xx_hal_uart.o
 .text.HAL_UART_ErrorCallback
                0x08002100        0x2 Drivers\STM32F0xx_HAL_Driver\Src\stm32f0xx_hal_uart.o
                0x08002100                HAL_UART_ErrorCallback
 *fill*         0x08002102        0x2 
 .text.HAL_UART_IRQHandler
                0x08002104      0x154 Drivers\STM32F0xx_HAL_Driver\Src\stm32f0xx_hal_uart.o
                0x08002104                HAL_UART_IRQHandler
 .text.UART_DMAAbortOnError
                0x08002258       0x16 Drivers\STM32F0xx_HAL_Driver\Src\stm32f0xx_hal_uart.o
 *fill*         0x0800226e        0x2 
 .text.UART_SetConfig
                0x08002270      0x14c Drivers\STM32F0xx_HAL_Driver\Src\stm32f0xx_hal_uart.o
                0x08002270                UART_SetConfig
 .text.UART_AdvFeatureConfig
                0x080023bc       0xd0 Drivers\STM32F0xx_HAL_Driver\Src\stm32f0xx_hal_uart.o
                0x080023bc                UART_AdvFeatureConfig
 .text.UART_WaitOnFlagUntilTimeout
                0x0800248c       0x90 Drivers\STM32F0xx_HAL_Driver\Src\stm32f0xx_hal_uart.o
                0x0800248c                UART_WaitOnFlagUntilTimeout
 .text.HAL_UART_Transmit
                0x0800251c       0xd2 Drivers\STM32F0xx_HAL_Driver\Src\stm32f0xx_hal_uart.o
                0x0800251c                HAL_UART_Transmit
 *fill*         0x080025ee        0x2 
 .text.UART_CheckIdleState
                0x080025f0       0x60 Drivers\STM32F0xx_HAL_Driver\Src\stm32f0xx_hal_uart.o
                0x080025f0                UART_CheckIdleState
 .text.HAL_UART_Init
                0x08002650       0x64 Drivers\STM32F0xx_HAL_Driver\Src\stm32f0xx_hal_uart.o
                0x08002650                HAL_UART_Init
 .text.HAL_UARTEx_WakeupCallback
                0x080026b4        0x2 Drivers\STM32F0xx_HAL_Driver\Src\stm32f0xx_hal_uart_ex.o
                0x080026b4                HAL_UARTEx_WakeupCallback
 *fill*         0x080026b6        0x2 
 .text.disk_status
                0x080026b8       0x1c Middlewares\Third_Party\FatFs\src\diskio.o
                0x080026b8                disk_status
 .text.disk_initialize
                0x080026d4       0x28 Middlewares\Third_Party\FatFs\src\diskio.o
                0x080026d4                disk_initialize
 .text.disk_read
                0x080026fc       0x1c Middlewares\Third_Party\FatFs\src\diskio.o
                0x080026fc                disk_read
 .text.disk_write
                0x08002718       0x1c Middlewares\Third_Party\FatFs\src\diskio.o
                0x08002718                disk_write
 .text.disk_ioctl
                0x08002734       0x1c Middlewares\Third_Party\FatFs\src\diskio.o
                0x08002734                disk_ioctl
 .text.mem_cpy  0x08002750       0x12 Middlewares\Third_Party\FatFs\src\ff.o
 .text.mem_set  0x08002762        0xe Middlewares\Third_Party\FatFs\src\ff.o
 .text.chk_lock
                0x08002770       0x6c Middlewares\Third_Party\FatFs\src\ff.o
 .text.inc_lock
                0x080027dc       0xa0 Middlewares\Third_Party\FatFs\src\ff.o
 .text.dec_lock
                0x0800287c       0x38 Middlewares\Third_Party\FatFs\src\ff.o
 .text.clmt_clust
                0x080028b4       0x44 Middlewares\Third_Party\FatFs\src\ff.o
 .text.sum_sfn  0x080028f8       0x1c Middlewares\Third_Party\FatFs\src\ff.o
 .text.get_ldnumber
                0x08002914       0x2c Middlewares\Third_Party\FatFs\src\ff.o
 .text.validate
                0x08002940       0x44 Middlewares\Third_Party\FatFs\src\ff.o
 .text.get_fileinfo
                0x08002984       0xec Middlewares\Third_Party\FatFs\src\ff.o
 .text.ld_clust.isra.0
                0x08002a70       0x1e Middlewares\Third_Party\FatFs\src\ff.o
 *fill*         0x08002a8e        0x2 
 .text.sync_window.part.1
                0x08002a90       0x64 Middlewares\Third_Party\FatFs\src\ff.o
 .text.sync_window
                0x08002af4       0x1c Middlewares\Third_Party\FatFs\src\ff.o
 .text.sync_fs  0x08002b10       0xe8 Middlewares\Third_Party\FatFs\src\ff.o
 .text.move_window
                0x08002bf8       0x40 Middlewares\Third_Party\FatFs\src\ff.o
 .text.check_fs
                0x08002c38       0x7c Middlewares\Third_Party\FatFs\src\ff.o
 .text.find_volume
                0x08002cb4      0x328 Middlewares\Third_Party\FatFs\src\ff.o
 .text.clust2sect
                0x08002fdc       0x28 Middlewares\Third_Party\FatFs\src\ff.o
                0x08002fdc                clust2sect
 .text.get_fat  0x08003004      0x118 Middlewares\Third_Party\FatFs\src\ff.o
                0x08003004                get_fat
 .text.dir_sdi  0x0800311c       0xe4 Middlewares\Third_Party\FatFs\src\ff.o
 .text.put_fat  0x08003200      0x15c Middlewares\Third_Party\FatFs\src\ff.o
                0x08003200                put_fat
 .text.create_chain
                0x0800335c       0xc4 Middlewares\Third_Party\FatFs\src\ff.o
 .text.dir_next
                0x08003420      0x174 Middlewares\Third_Party\FatFs\src\ff.o
 .text.dir_find.part.6
                0x08003594      0x158 Middlewares\Third_Party\FatFs\src\ff.o
 .text.follow_path
                0x080036ec      0x2a4 Middlewares\Third_Party\FatFs\src\ff.o
 .text.dir_register
                0x08003990      0x284 Middlewares\Third_Party\FatFs\src\ff.o
 .text.remove_chain
                0x08003c14       0x70 Middlewares\Third_Party\FatFs\src\ff.o
 .text.f_mount  0x08003c84       0x70 Middlewares\Third_Party\FatFs\src\ff.o
                0x08003c84                f_mount
 .text.f_open   0x08003cf4      0x220 Middlewares\Third_Party\FatFs\src\ff.o
                0x08003cf4                f_open
 .text.f_write  0x08003f14      0x25c Middlewares\Third_Party\FatFs\src\ff.o
                0x08003f14                f_write
 .text.putc_bfd
                0x08004170       0x42 Middlewares\Third_Party\FatFs\src\ff.o
 *fill*         0x080041b2        0x2 
 .text.f_sync   0x080041b4       0xd0 Middlewares\Third_Party\FatFs\src\ff.o
                0x080041b4                f_sync
 .text.f_close  0x08004284       0x2c Middlewares\Third_Party\FatFs\src\ff.o
                0x08004284                f_close
 .text.f_stat   0x080042b0       0x64 Middlewares\Third_Party\FatFs\src\ff.o
                0x080042b0                f_stat
 .text.f_printf
                0x08004314      0x23c Middlewares\Third_Party\FatFs\src\ff.o
                0x08004314                f_printf
 .text.FATFS_LinkDriverEx
                0x08004550       0x44 Middlewares\Third_Party\FatFs\src\ff_gen_drv.o
                0x08004550                FATFS_LinkDriverEx
 .text.FATFS_LinkDriver
                0x08004594        0xa Middlewares\Third_Party\FatFs\src\ff_gen_drv.o
                0x08004594                FATFS_LinkDriver
 *fill*         0x0800459e        0x2 
 .text.ff_convert
                0x080045a0       0x3c Middlewares\Third_Party\FatFs\src\option\ccsbcs.o
                0x080045a0                ff_convert
 .text.ff_wtoupper
                0x080045dc       0x24 Middlewares\Third_Party\FatFs\src\option\ccsbcs.o
                0x080045dc                ff_wtoupper
 .text.MX_FATFS_Init
                0x08004600       0x1c Src\fatfs.o
                0x08004600                MX_FATFS_Init
 .text.get_fattime
                0x0800461c        0x4 Src\fatfs.o
                0x0800461c                get_fattime
 .text.SPI_TxByte
                0x08004620       0x28 Src\fatfs_sd.o
 .text.SELECT   0x08004648       0x14 Src\fatfs_sd.o
 .text.DESELECT
                0x0800465c       0x14 Src\fatfs_sd.o
 .text.SPI_RxByte
                0x08004670       0x3c Src\fatfs_sd.o
 .text.SD_PowerOn
                0x080046ac       0x60 Src\fatfs_sd.o
 .text.SD_ReadyWait
                0x0800470c       0x20 Src\fatfs_sd.o
 .text.SD_TxDataBlock
                0x0800472c       0x6e Src\fatfs_sd.o
 .text.SD_SendCmd
                0x0800479a       0x62 Src\fatfs_sd.o
 .text.SD_RxDataBlock
                0x080047fc       0x4c Src\fatfs_sd.o
 .text.SD_disk_initialize
                0x08004848      0x134 Src\fatfs_sd.o
                0x08004848                SD_disk_initialize
 .text.SD_disk_status
                0x0800497c       0x14 Src\fatfs_sd.o
                0x0800497c                SD_disk_status
 .text.SD_disk_read
                0x08004990       0x94 Src\fatfs_sd.o
                0x08004990                SD_disk_read
 .text.SD_disk_write
                0x08004a24       0xb4 Src\fatfs_sd.o
                0x08004a24                SD_disk_write
 .text.SD_disk_ioctl
                0x08004ad8      0x14c Src\fatfs_sd.o
                0x08004ad8                SD_disk_ioctl
 .text.SystemClock_Config
                0x08004c24       0x64 Src\main.o
                0x08004c24                SystemClock_Config
 .text.send_uart
                0x08004c88       0x1c Src\main.o
                0x08004c88                send_uart
 .text.bufclear
                0x08004ca4       0x1c Src\main.o
                0x08004ca4                bufclear
 .text.mount_sd
                0x08004cc0       0x34 Src\main.o
                0x08004cc0                mount_sd
 .text.create_file
                0x08004cf4       0xac Src\main.o
                0x08004cf4                create_file
 .text.unmount_sd
                0x08004da0       0x48 Src\main.o
                0x08004da0                unmount_sd
 .text.blink    0x08004de8       0x22 Src\main.o
                0x08004de8                blink
 *fill*         0x08004e0a        0x2 
 .text.startup.main
                0x08004e0c      0x41c Src\main.o
                0x08004e0c                main
 .text.HAL_GPIO_EXTI_Callback
                0x08005228       0x10 Src\main.o
                0x08005228                HAL_GPIO_EXTI_Callback
 .text.HAL_ADC_ConvCpltCallback
                0x08005238       0x30 Src\main.o
                0x08005238                HAL_ADC_ConvCpltCallback
 .text.HAL_UART_RxCpltCallback
                0x08005268       0x8c Src\main.o
                0x08005268                HAL_UART_RxCpltCallback
 .text.Error_Handler
                0x080052f4        0x2 Src\main.o
                0x080052f4                Error_Handler
 *fill*         0x080052f6        0x2 
 .text.HAL_MspInit
                0x080052f8       0x30 Src\stm32f0xx_hal_msp.o
                0x080052f8                HAL_MspInit
 .text.HAL_ADC_MspInit
                0x08005328       0xbc Src\stm32f0xx_hal_msp.o
                0x08005328                HAL_ADC_MspInit
 .text.HAL_SPI_MspInit
                0x080053e4       0x64 Src\stm32f0xx_hal_msp.o
                0x080053e4                HAL_SPI_MspInit
 .text.HAL_TIM_Base_MspInit
                0x08005448       0x2c Src\stm32f0xx_hal_msp.o
                0x08005448                HAL_TIM_Base_MspInit
 .text.HAL_UART_MspInit
                0x08005474       0x78 Src\stm32f0xx_hal_msp.o
                0x08005474                HAL_UART_MspInit
 .text.SDTimer_Handler
                0x080054ec       0x2c Src\stm32f0xx_it.o
                0x080054ec                SDTimer_Handler
 .text.NMI_Handler
                0x08005518        0x2 Src\stm32f0xx_it.o
                0x08005518                NMI_Handler
 .text.HardFault_Handler
                0x0800551a        0x2 Src\stm32f0xx_it.o
                0x0800551a                HardFault_Handler
 .text.SVC_Handler
                0x0800551c        0x2 Src\stm32f0xx_it.o
                0x0800551c                SVC_Handler
 .text.PendSV_Handler
                0x0800551e        0x2 Src\stm32f0xx_it.o
                0x0800551e                PendSV_Handler
 .text.SysTick_Handler
                0x08005520       0x24 Src\stm32f0xx_it.o
                0x08005520                SysTick_Handler
 .text.EXTI0_1_IRQHandler
                0x08005544        0xa Src\stm32f0xx_it.o
                0x08005544                EXTI0_1_IRQHandler
 *fill*         0x0800554e        0x2 
 .text.DMA1_Channel1_IRQHandler
                0x08005550       0x10 Src\stm32f0xx_it.o
                0x08005550                DMA1_Channel1_IRQHandler
 .text.USART1_IRQHandler
                0x08005560       0x10 Src\stm32f0xx_it.o
                0x08005560                USART1_IRQHandler
 .text._sbrk    0x08005570       0x34 Src\syscalls.o
                0x08005570                _sbrk
 .text.SystemInit
                0x080055a4        0x2 Src\system_stm32f0xx.o
                0x080055a4                SystemInit
 .text.USER_initialize
                0x080055a6        0xa Src\user_diskio.o
                0x080055a6                USER_initialize
 .text.USER_status
                0x080055b0        0xa Src\user_diskio.o
                0x080055b0                USER_status
 .text.USER_read
                0x080055ba        0xa Src\user_diskio.o
                0x080055ba                USER_read
 .text.USER_write
                0x080055c4        0xa Src\user_diskio.o
                0x080055c4                USER_write
 .text.USER_ioctl
                0x080055ce        0xa Src\user_diskio.o
                0x080055ce                USER_ioctl
 .text.Reset_Handler
                0x080055d8       0x50 startup\startup_stm32f051x8.o
                0x080055d8                Reset_Handler
 .text.Default_Handler
                0x08005628        0x2 startup\startup_stm32f051x8.o
                0x08005628                TIM1_CC_IRQHandler
                0x08005628                TSC_IRQHandler
                0x08005628                ADC1_COMP_IRQHandler
                0x08005628                PVD_IRQHandler
                0x08005628                I2C1_IRQHandler
                0x08005628                RCC_CRS_IRQHandler
                0x08005628                SPI1_IRQHandler
                0x08005628                TIM6_DAC_IRQHandler
                0x08005628                EXTI2_3_IRQHandler
                0x08005628                I2C2_IRQHandler
                0x08005628                TIM17_IRQHandler
                0x08005628                CEC_CAN_IRQHandler
                0x08005628                RTC_IRQHandler
                0x08005628                TIM16_IRQHandler
                0x08005628                TIM3_IRQHandler
                0x08005628                EXTI4_15_IRQHandler
                0x08005628                Default_Handler
                0x08005628                TIM14_IRQHandler
                0x08005628                DMA1_Channel4_5_IRQHandler
                0x08005628                TIM15_IRQHandler
                0x08005628                SPI2_IRQHandler
                0x08005628                WWDG_IRQHandler
                0x08005628                TIM2_IRQHandler
                0x08005628                DMA1_Channel2_3_IRQHandler
                0x08005628                USART2_IRQHandler
                0x08005628                FLASH_IRQHandler
                0x08005628                TIM1_BRK_UP_TRG_COM_IRQHandler
 *fill*         0x0800562a        0x2 
 .text.__errno  0x0800562c        0xc c:/program files (x86)/atollic/truestudio for stm32 9.3.0/armtools/bin/../lib/gcc/arm-atollic-eabi/6.3.1/../../../../arm-atollic-eabi/lib/armv6-m\libc_nano.a(lib_a-errno.o)
                0x0800562c                __errno
 .text.__libc_init_array
                0x08005638       0x48 c:/program files (x86)/atollic/truestudio for stm32 9.3.0/armtools/bin/../lib/gcc/arm-atollic-eabi/6.3.1/../../../../arm-atollic-eabi/lib/armv6-m\libc_nano.a(lib_a-init.o)
                0x08005638                __libc_init_array
 .text.memcpy   0x08005680       0x12 c:/program files (x86)/atollic/truestudio for stm32 9.3.0/armtools/bin/../lib/gcc/arm-atollic-eabi/6.3.1/../../../../arm-atollic-eabi/lib/armv6-m\libc_nano.a(lib_a-memcpy-stub.o)
                0x08005680                memcpy
 .text.memset   0x08005692       0x10 c:/program files (x86)/atollic/truestudio for stm32 9.3.0/armtools/bin/../lib/gcc/arm-atollic-eabi/6.3.1/../../../../arm-atollic-eabi/lib/armv6-m\libc_nano.a(lib_a-memset.o)
                0x08005692                memset
 *fill*         0x080056a2        0x2 
 .text.sprintf  0x080056a4       0x44 c:/program files (x86)/atollic/truestudio for stm32 9.3.0/armtools/bin/../lib/gcc/arm-atollic-eabi/6.3.1/../../../../arm-atollic-eabi/lib/armv6-m\libc_nano.a(lib_a-sprintf.o)
                0x080056a4                siprintf
                0x080056a4                sprintf
 .text.__ssputs_r
                0x080056e8       0xc4 c:/program files (x86)/atollic/truestudio for stm32 9.3.0/armtools/bin/../lib/gcc/arm-atollic-eabi/6.3.1/../../../../arm-atollic-eabi/lib/armv6-m\libc_nano.a(lib_a-nano-svfprintf.o)
                0x080056e8                __ssputs_r
 .text._svfprintf_r
                0x080057ac      0x208 c:/program files (x86)/atollic/truestudio for stm32 9.3.0/armtools/bin/../lib/gcc/arm-atollic-eabi/6.3.1/../../../../arm-atollic-eabi/lib/armv6-m\libc_nano.a(lib_a-nano-svfprintf.o)
                0x080057ac                _svfiprintf_r
                0x080057ac                _svfprintf_r
 .text._printf_common
                0x080059b4       0xda c:/program files (x86)/atollic/truestudio for stm32 9.3.0/armtools/bin/../lib/gcc/arm-atollic-eabi/6.3.1/../../../../arm-atollic-eabi/lib/armv6-m\libc_nano.a(lib_a-nano-vfprintf_i.o)
                0x080059b4                _printf_common
 *fill*         0x08005a8e        0x2 
 .text._printf_i
                0x08005a90      0x234 c:/program files (x86)/atollic/truestudio for stm32 9.3.0/armtools/bin/../lib/gcc/arm-atollic-eabi/6.3.1/../../../../arm-atollic-eabi/lib/armv6-m\libc_nano.a(lib_a-nano-vfprintf_i.o)
                0x08005a90                _printf_i
 .text.memchr   0x08005cc4       0x16 c:/program files (x86)/atollic/truestudio for stm32 9.3.0/armtools/bin/../lib/gcc/arm-atollic-eabi/6.3.1/../../../../arm-atollic-eabi/lib/armv6-m\libc_nano.a(lib_a-memchr-stub.o)
                0x08005cc4                memchr
 .text.memmove  0x08005cda       0x24 c:/program files (x86)/atollic/truestudio for stm32 9.3.0/armtools/bin/../lib/gcc/arm-atollic-eabi/6.3.1/../../../../arm-atollic-eabi/lib/armv6-m\libc_nano.a(lib_a-memmove.o)
                0x08005cda                memmove
 *fill*         0x08005cfe        0x2 
 .text._free_r  0x08005d00       0x94 c:/program files (x86)/atollic/truestudio for stm32 9.3.0/armtools/bin/../lib/gcc/arm-atollic-eabi/6.3.1/../../../../arm-atollic-eabi/lib/armv6-m\libc_nano.a(lib_a-nano-freer.o)
                0x08005d00                _free_r
 .text._malloc_r
                0x08005d94       0xbc c:/program files (x86)/atollic/truestudio for stm32 9.3.0/armtools/bin/../lib/gcc/arm-atollic-eabi/6.3.1/../../../../arm-atollic-eabi/lib/armv6-m\libc_nano.a(lib_a-nano-mallocr.o)
                0x08005d94                _malloc_r
 .text._realloc_r
                0x08005e50       0x4c c:/program files (x86)/atollic/truestudio for stm32 9.3.0/armtools/bin/../lib/gcc/arm-atollic-eabi/6.3.1/../../../../arm-atollic-eabi/lib/armv6-m\libc_nano.a(lib_a-nano-reallocr.o)
                0x08005e50                _realloc_r
 .text._sbrk_r  0x08005e9c       0x24 c:/program files (x86)/atollic/truestudio for stm32 9.3.0/armtools/bin/../lib/gcc/arm-atollic-eabi/6.3.1/../../../../arm-atollic-eabi/lib/armv6-m\libc_nano.a(lib_a-sbrkr.o)
                0x08005e9c                _sbrk_r
 .text.__malloc_lock
                0x08005ec0        0x2 c:/program files (x86)/atollic/truestudio for stm32 9.3.0/armtools/bin/../lib/gcc/arm-atollic-eabi/6.3.1/../../../../arm-atollic-eabi/lib/armv6-m\libc_nano.a(lib_a-mlock.o)
                0x08005ec0                __malloc_lock
 .text.__malloc_unlock
                0x08005ec2        0x2 c:/program files (x86)/atollic/truestudio for stm32 9.3.0/armtools/bin/../lib/gcc/arm-atollic-eabi/6.3.1/../../../../arm-atollic-eabi/lib/armv6-m\libc_nano.a(lib_a-mlock.o)
                0x08005ec2                __malloc_unlock
 .text._malloc_usable_size_r
                0x08005ec4       0x10 c:/program files (x86)/atollic/truestudio for stm32 9.3.0/armtools/bin/../lib/gcc/arm-atollic-eabi/6.3.1/../../../../arm-atollic-eabi/lib/armv6-m\libc_nano.a(lib_a-nano-msizer.o)
                0x08005ec4                _malloc_usable_size_r
 *(.glue_7)
 .glue_7        0x08005ed4        0x0 linker stubs
 *(.glue_7t)
 .glue_7t       0x08005ed4        0x0 linker stubs
 *(.eh_frame)
 .eh_frame      0x08005ed4        0x0 c:/program files (x86)/atollic/truestudio for stm32 9.3.0/armtools/bin/../lib/gcc/arm-atollic-eabi/6.3.1/armv6-m/crtbegin.o
 *(.init)
 .init          0x08005ed4        0x4 c:/program files (x86)/atollic/truestudio for stm32 9.3.0/armtools/bin/../lib/gcc/arm-atollic-eabi/6.3.1/armv6-m/crti.o
                0x08005ed4                _init
 .init          0x08005ed8        0x8 c:/program files (x86)/atollic/truestudio for stm32 9.3.0/armtools/bin/../lib/gcc/arm-atollic-eabi/6.3.1/armv6-m/crtn.o
 *(.fini)
 .fini          0x08005ee0        0x4 c:/program files (x86)/atollic/truestudio for stm32 9.3.0/armtools/bin/../lib/gcc/arm-atollic-eabi/6.3.1/armv6-m/crti.o
                0x08005ee0                _fini
 .fini          0x08005ee4        0x8 c:/program files (x86)/atollic/truestudio for stm32 9.3.0/armtools/bin/../lib/gcc/arm-atollic-eabi/6.3.1/armv6-m/crtn.o
                0x08005eec                . = ALIGN (0x4)
                0x08005eec                _etext = .

.vfp11_veneer   0x08005eec        0x0
 .vfp11_veneer  0x08005eec        0x0 linker stubs

.v4_bx          0x08005eec        0x0
 .v4_bx         0x08005eec        0x0 linker stubs

.iplt           0x08005eec        0x0
 .iplt          0x08005eec        0x0 c:/program files (x86)/atollic/truestudio for stm32 9.3.0/armtools/bin/../lib/gcc/arm-atollic-eabi/6.3.1/armv6-m/crtbegin.o

.rodata         0x08005eec      0x740
                0x08005eec                . = ALIGN (0x4)
 *(.rodata)
 .rodata        0x08005eec       0x20 Drivers\STM32F0xx_HAL_Driver\Src\stm32f0xx_hal_rcc.o
 *(.rodata*)
 .rodata.CSWTCH.58
                0x08005f0c        0x4 Drivers\STM32F0xx_HAL_Driver\Src\stm32f0xx_hal_uart.o
 .rodata.ExCvt  0x08005f10       0x80 Middlewares\Third_Party\FatFs\src\ff.o
 .rodata.LfnOfs
                0x08005f90        0xd Middlewares\Third_Party\FatFs\src\ff.o
 .rodata.follow_path.str1.1
                0x08005f9d       0x10 Middlewares\Third_Party\FatFs\src\ff.o
 *fill*         0x08005fad        0x1 
 .rodata.Tbl    0x08005fae      0x100 Middlewares\Third_Party\FatFs\src\option\ccsbcs.o
 .rodata.tbl_lower.6535
                0x080060ae      0x1e0 Middlewares\Third_Party\FatFs\src\option\ccsbcs.o
 .rodata.tbl_upper.6536
                0x0800628e      0x1e0 Middlewares\Third_Party\FatFs\src\option\ccsbcs.o
 .rodata.HAL_UART_RxCpltCallback.str1.1
                0x0800646e       0x10 Src\main.o
                                  0x2 (size before relaxing)
 .rodata.create_file.str1.1
                0x0800646e       0x7e Src\main.o
                                 0x90 (size before relaxing)
 .rodata.main.str1.1
                0x080064ec       0x81 Src\main.o
 .rodata.mount_sd.str1.1
                0x0800656d       0x3f Src\main.o
                                 0x40 (size before relaxing)
 .rodata.unmount_sd.str1.1
                0x080065ac       0x33 Src\main.o
 .rodata.AHBPrescTable
                0x080065df       0x10 Src\system_stm32f0xx.o
                0x080065df                AHBPrescTable
 .rodata.APBPrescTable
                0x080065ef        0x8 Src\system_stm32f0xx.o
                0x080065ef                APBPrescTable
 .rodata._svfprintf_r.str1.1
                0x080065f7       0x11 c:/program files (x86)/atollic/truestudio for stm32 9.3.0/armtools/bin/../lib/gcc/arm-atollic-eabi/6.3.1/../../../../arm-atollic-eabi/lib/armv6-m\libc_nano.a(lib_a-nano-svfprintf.o)
 .rodata._printf_i.str1.1
                0x08006608       0x22 c:/program files (x86)/atollic/truestudio for stm32 9.3.0/armtools/bin/../lib/gcc/arm-atollic-eabi/6.3.1/../../../../arm-atollic-eabi/lib/armv6-m\libc_nano.a(lib_a-nano-vfprintf_i.o)
                0x0800662c                . = ALIGN (0x4)
 *fill*         0x0800662a        0x2 

.rel.dyn        0x0800662c        0x0
 .rel.iplt      0x0800662c        0x0 c:/program files (x86)/atollic/truestudio for stm32 9.3.0/armtools/bin/../lib/gcc/arm-atollic-eabi/6.3.1/armv6-m/crtbegin.o

.ARM.extab
 *(.ARM.extab* .gnu.linkonce.armextab.*)

.ARM            0x0800662c        0x0
                0x0800662c                __exidx_start = .
 *(.ARM.exidx*)
                0x0800662c                __exidx_end = .

.preinit_array  0x0800662c        0x0
                0x0800662c                PROVIDE (__preinit_array_start, .)
 *(.preinit_array*)
                0x0800662c                PROVIDE (__preinit_array_end, .)

.init_array     0x0800662c        0x4
                0x0800662c                PROVIDE (__init_array_start, .)
 *(SORT(.init_array.*))
 *(.init_array*)
 .init_array    0x0800662c        0x4 c:/program files (x86)/atollic/truestudio for stm32 9.3.0/armtools/bin/../lib/gcc/arm-atollic-eabi/6.3.1/armv6-m/crtbegin.o
                0x08006630                PROVIDE (__init_array_end, .)

.fini_array     0x08006630        0x4
                [!provide]                PROVIDE (__fini_array_start, .)
 *(SORT(.fini_array.*))
 *(.fini_array*)
 .fini_array    0x08006630        0x4 c:/program files (x86)/atollic/truestudio for stm32 9.3.0/armtools/bin/../lib/gcc/arm-atollic-eabi/6.3.1/armv6-m/crtbegin.o
                [!provide]                PROVIDE (__fini_array_end, .)
                0x08006634                _sidata = LOADADDR (.data)

.data           0x20000000       0x88 load address 0x08006634
                0x20000000                . = ALIGN (0x4)
                0x20000000                _sdata = .
 *(.data)
 *(.data*)
 .data.uwTickFreq
                0x20000000        0x1 Drivers\STM32F0xx_HAL_Driver\Src\stm32f0xx_hal.o
                0x20000000                uwTickFreq
 *fill*         0x20000001        0x3 
 .data.uwTickPrio
                0x20000004        0x4 Drivers\STM32F0xx_HAL_Driver\Src\stm32f0xx_hal.o
                0x20000004                uwTickPrio
 .data.Stat     0x20000008        0x1 Src\fatfs_sd.o
 *fill*         0x20000009        0x3 
 .data.SystemCoreClock
                0x2000000c        0x4 Src\system_stm32f0xx.o
                0x2000000c                SystemCoreClock
 .data.USER_Driver
                0x20000010       0x14 Src\user_diskio.o
                0x20000010                USER_Driver
 .data._impure_ptr
                0x20000024        0x4 c:/program files (x86)/atollic/truestudio for stm32 9.3.0/armtools/bin/../lib/gcc/arm-atollic-eabi/6.3.1/../../../../arm-atollic-eabi/lib/armv6-m\libc_nano.a(lib_a-impure.o)
                0x20000024                _impure_ptr
 .data.impure_data
                0x20000028       0x60 c:/program files (x86)/atollic/truestudio for stm32 9.3.0/armtools/bin/../lib/gcc/arm-atollic-eabi/6.3.1/../../../../arm-atollic-eabi/lib/armv6-m\libc_nano.a(lib_a-impure.o)
                0x20000088                . = ALIGN (0x4)
                0x20000088                _edata = .

.igot.plt       0x20000088        0x0 load address 0x080066bc
 .igot.plt      0x20000088        0x0 c:/program files (x86)/atollic/truestudio for stm32 9.3.0/armtools/bin/../lib/gcc/arm-atollic-eabi/6.3.1/armv6-m/crtbegin.o
                0x20000088                . = ALIGN (0x4)

.bss            0x20000088     0x1948 load address 0x080066bc
                0x20000088                _sbss = .
                0x20000088                __bss_start__ = _sbss
 *(.bss)
 .bss           0x20000088       0x1c c:/program files (x86)/atollic/truestudio for stm32 9.3.0/armtools/bin/../lib/gcc/arm-atollic-eabi/6.3.1/armv6-m/crtbegin.o
 *(.bss*)
 .bss.FatFs     0x200000a4        0x4 Middlewares\Third_Party\FatFs\src\ff.o
 .bss.Files     0x200000a8       0x18 Middlewares\Third_Party\FatFs\src\ff.o
 .bss.Fsid      0x200000c0        0x2 Middlewares\Third_Party\FatFs\src\ff.o
 .bss.LfnBuf    0x200000c2      0x200 Middlewares\Third_Party\FatFs\src\ff.o
 *fill*         0x200002c2        0x2 
 .bss.disk      0x200002c4        0xc Middlewares\Third_Party\FatFs\src\ff_gen_drv.o
                0x200002c4                disk
 .bss.CardType  0x200002d0        0x1 Src\fatfs_sd.o
 .bss.PowerFlag
                0x200002d1        0x1 Src\fatfs_sd.o
 *fill*         0x200002d2        0x2 
 .bss.adc_flag  0x200002d4        0x4 Src\main.o
                0x200002d4                adc_flag
 .bss.bp        0x200002d8        0x4 Src\main.o
                0x200002d8                bp
 .bss.cur_state
                0x200002dc        0x1 Src\main.o
                0x200002dc                cur_state
 *fill*         0x200002dd        0x3 
 .bss.line_count
                0x200002e0        0x4 Src\main.o
                0x200002e0                line_count
 .bss.FatFsCnt  0x200002e4        0x1 Src\stm32f0xx_it.o
                0x200002e4                FatFsCnt
 *fill*         0x200002e5        0x3 
 .bss.heap_end.5887
                0x200002e8        0x4 Src\syscalls.o
 .bss.__malloc_free_list
                0x200002ec        0x4 c:/program files (x86)/atollic/truestudio for stm32 9.3.0/armtools/bin/../lib/gcc/arm-atollic-eabi/6.3.1/../../../../arm-atollic-eabi/lib/armv6-m\libc_nano.a(lib_a-nano-mallocr.o)
                0x200002ec                __malloc_free_list
 .bss.__malloc_sbrk_start
                0x200002f0        0x4 c:/program files (x86)/atollic/truestudio for stm32 9.3.0/armtools/bin/../lib/gcc/arm-atollic-eabi/6.3.1/../../../../arm-atollic-eabi/lib/armv6-m\libc_nano.a(lib_a-nano-mallocr.o)
                0x200002f0                __malloc_sbrk_start
 *(COMMON)
 COMMON         0x200002f4        0x4 Drivers\STM32F0xx_HAL_Driver\Src\stm32f0xx_hal.o
                0x200002f4                uwTick
 COMMON         0x200002f8      0x864 Src\fatfs.o
                0x200002f8                USERPath
                0x200002fc                retUSER
                0x20000300                USERFile
                0x2000072c                USERFatFS
 COMMON         0x20000b5c      0xe6c Src\main.o
                0x20000b5c                fre_clust
                0x20000b60                fs
                0x20000f90                br
                0x20000f94                free_space
                0x20000f98                huart1
                0x20001018                buffer
                0x20001418                adc
                0x2000142c                htim1
                0x2000146c                bw
                0x20001470                pfs
                0x20001474                fresult
                0x20001478                hspi1
                0x200014dc                RxData
                0x200014de                adc_buf
                0x200014f2                str
                0x20001508                total
                0x2000150c                hdma_adc
                0x20001550                hadc
                0x20001590                name
                0x2000159c                fil
 COMMON         0x200019c8        0x2 Src\stm32f0xx_it.o
                0x200019c8                Timer2
                0x200019c9                Timer1
 *fill*         0x200019ca        0x2 
 COMMON         0x200019cc        0x4 c:/program files (x86)/atollic/truestudio for stm32 9.3.0/armtools/bin/../lib/gcc/arm-atollic-eabi/6.3.1/../../../../arm-atollic-eabi/lib/armv6-m\libc_nano.a(lib_a-reent.o)
                0x200019cc                errno
                0x200019d0                . = ALIGN (0x4)
                0x200019d0                _ebss = .
                0x200019d0                __bss_end__ = _ebss

._user_heap_stack
                0x200019d0      0x600 load address 0x080066bc
                0x200019d0                . = ALIGN (0x4)
                0x200019d0                PROVIDE (end, .)
                [!provide]                PROVIDE (_end, .)
                0x20001bd0                . = (. + _Min_Heap_Size)
 *fill*         0x200019d0      0x200 
                0x20001fd0                . = (. + _Min_Stack_Size)
 *fill*         0x20001bd0      0x400 
                0x20001fd0                . = ALIGN (0x4)

/DISCARD/
 libc.a(*)
 libm.a(*)
 libgcc.a(*)

.ARM.attributes
                0x00000000       0x28
 *(.ARM.attributes)
 .ARM.attributes
                0x00000000       0x1e c:/program files (x86)/atollic/truestudio for stm32 9.3.0/armtools/bin/../lib/gcc/arm-atollic-eabi/6.3.1/armv6-m/crti.o
 .ARM.attributes
                0x0000001e       0x2c c:/program files (x86)/atollic/truestudio for stm32 9.3.0/armtools/bin/../lib/gcc/arm-atollic-eabi/6.3.1/armv6-m/crtbegin.o
 .ARM.attributes
                0x0000004a       0x31 Drivers\STM32F0xx_HAL_Driver\Src\stm32f0xx_hal.o
 .ARM.attributes
                0x0000007b       0x31 Drivers\STM32F0xx_HAL_Driver\Src\stm32f0xx_hal_adc.o
 .ARM.attributes
                0x000000ac       0x31 Drivers\STM32F0xx_HAL_Driver\Src\stm32f0xx_hal_adc_ex.o
 .ARM.attributes
                0x000000dd       0x31 Drivers\STM32F0xx_HAL_Driver\Src\stm32f0xx_hal_cortex.o
 .ARM.attributes
                0x0000010e       0x31 Drivers\STM32F0xx_HAL_Driver\Src\stm32f0xx_hal_dma.o
 .ARM.attributes
                0x0000013f       0x31 Drivers\STM32F0xx_HAL_Driver\Src\stm32f0xx_hal_gpio.o
 .ARM.attributes
                0x00000170       0x31 Drivers\STM32F0xx_HAL_Driver\Src\stm32f0xx_hal_rcc.o
 .ARM.attributes
                0x000001a1       0x31 Drivers\STM32F0xx_HAL_Driver\Src\stm32f0xx_hal_rcc_ex.o
 .ARM.attributes
                0x000001d2       0x31 Drivers\STM32F0xx_HAL_Driver\Src\stm32f0xx_hal_spi.o
 .ARM.attributes
                0x00000203       0x31 Drivers\STM32F0xx_HAL_Driver\Src\stm32f0xx_hal_tim.o
 .ARM.attributes
                0x00000234       0x31 Drivers\STM32F0xx_HAL_Driver\Src\stm32f0xx_hal_tim_ex.o
 .ARM.attributes
                0x00000265       0x31 Drivers\STM32F0xx_HAL_Driver\Src\stm32f0xx_hal_uart.o
 .ARM.attributes
                0x00000296       0x31 Drivers\STM32F0xx_HAL_Driver\Src\stm32f0xx_hal_uart_ex.o
 .ARM.attributes
                0x000002c7       0x31 Middlewares\Third_Party\FatFs\src\diskio.o
 .ARM.attributes
                0x000002f8       0x31 Middlewares\Third_Party\FatFs\src\ff.o
 .ARM.attributes
                0x00000329       0x31 Middlewares\Third_Party\FatFs\src\ff_gen_drv.o
 .ARM.attributes
                0x0000035a       0x31 Middlewares\Third_Party\FatFs\src\option\ccsbcs.o
 .ARM.attributes
                0x0000038b       0x31 Src\fatfs.o
 .ARM.attributes
                0x000003bc       0x31 Src\fatfs_sd.o
 .ARM.attributes
                0x000003ed       0x31 Src\main.o
 .ARM.attributes
                0x0000041e       0x31 Src\stm32f0xx_hal_msp.o
 .ARM.attributes
                0x0000044f       0x31 Src\stm32f0xx_it.o
 .ARM.attributes
                0x00000480       0x31 Src\syscalls.o
 .ARM.attributes
                0x000004b1       0x31 Src\system_stm32f0xx.o
 .ARM.attributes
                0x000004e2       0x31 Src\user_diskio.o
 .ARM.attributes
                0x00000513       0x21 startup\startup_stm32f051x8.o
 .ARM.attributes
                0x00000534       0x2c c:/program files (x86)/atollic/truestudio for stm32 9.3.0/armtools/bin/../lib/gcc/arm-atollic-eabi/6.3.1/../../../../arm-atollic-eabi/lib/armv6-m\libc_nano.a(lib_a-errno.o)
 .ARM.attributes
                0x00000560       0x2c c:/program files (x86)/atollic/truestudio for stm32 9.3.0/armtools/bin/../lib/gcc/arm-atollic-eabi/6.3.1/../../../../arm-atollic-eabi/lib/armv6-m\libc_nano.a(lib_a-impure.o)
 .ARM.attributes
                0x0000058c       0x2c c:/program files (x86)/atollic/truestudio for stm32 9.3.0/armtools/bin/../lib/gcc/arm-atollic-eabi/6.3.1/../../../../arm-atollic-eabi/lib/armv6-m\libc_nano.a(lib_a-init.o)
 .ARM.attributes
                0x000005b8       0x2c c:/program files (x86)/atollic/truestudio for stm32 9.3.0/armtools/bin/../lib/gcc/arm-atollic-eabi/6.3.1/../../../../arm-atollic-eabi/lib/armv6-m\libc_nano.a(lib_a-memcpy-stub.o)
 .ARM.attributes
                0x000005e4       0x2c c:/program files (x86)/atollic/truestudio for stm32 9.3.0/armtools/bin/../lib/gcc/arm-atollic-eabi/6.3.1/../../../../arm-atollic-eabi/lib/armv6-m\libc_nano.a(lib_a-memset.o)
 .ARM.attributes
                0x00000610       0x2c c:/program files (x86)/atollic/truestudio for stm32 9.3.0/armtools/bin/../lib/gcc/arm-atollic-eabi/6.3.1/../../../../arm-atollic-eabi/lib/armv6-m\libc_nano.a(lib_a-sprintf.o)
 .ARM.attributes
                0x0000063c       0x1c c:/program files (x86)/atollic/truestudio for stm32 9.3.0/armtools/bin/../lib/gcc/arm-atollic-eabi/6.3.1/../../../../arm-atollic-eabi/lib/armv6-m\libc_nano.a(lib_a-strlen.o)
 .ARM.attributes
                0x00000658       0x2c c:/program files (x86)/atollic/truestudio for stm32 9.3.0/armtools/bin/../lib/gcc/arm-atollic-eabi/6.3.1/../../../../arm-atollic-eabi/lib/armv6-m\libc_nano.a(lib_a-nano-svfprintf.o)
 .ARM.attributes
                0x00000684       0x2c c:/program files (x86)/atollic/truestudio for stm32 9.3.0/armtools/bin/../lib/gcc/arm-atollic-eabi/6.3.1/../../../../arm-atollic-eabi/lib/armv6-m\libc_nano.a(lib_a-nano-vfprintf_i.o)
 .ARM.attributes
                0x000006b0       0x2c c:/program files (x86)/atollic/truestudio for stm32 9.3.0/armtools/bin/../lib/gcc/arm-atollic-eabi/6.3.1/../../../../arm-atollic-eabi/lib/armv6-m\libc_nano.a(lib_a-memchr-stub.o)
 .ARM.attributes
                0x000006dc       0x2c c:/program files (x86)/atollic/truestudio for stm32 9.3.0/armtools/bin/../lib/gcc/arm-atollic-eabi/6.3.1/../../../../arm-atollic-eabi/lib/armv6-m\libc_nano.a(lib_a-memmove.o)
 .ARM.attributes
                0x00000708       0x2c c:/program files (x86)/atollic/truestudio for stm32 9.3.0/armtools/bin/../lib/gcc/arm-atollic-eabi/6.3.1/../../../../arm-atollic-eabi/lib/armv6-m\libc_nano.a(lib_a-nano-freer.o)
 .ARM.attributes
                0x00000734       0x2c c:/program files (x86)/atollic/truestudio for stm32 9.3.0/armtools/bin/../lib/gcc/arm-atollic-eabi/6.3.1/../../../../arm-atollic-eabi/lib/armv6-m\libc_nano.a(lib_a-nano-mallocr.o)
 .ARM.attributes
                0x00000760       0x2c c:/program files (x86)/atollic/truestudio for stm32 9.3.0/armtools/bin/../lib/gcc/arm-atollic-eabi/6.3.1/../../../../arm-atollic-eabi/lib/armv6-m\libc_nano.a(lib_a-nano-reallocr.o)
 .ARM.attributes
                0x0000078c       0x2c c:/program files (x86)/atollic/truestudio for stm32 9.3.0/armtools/bin/../lib/gcc/arm-atollic-eabi/6.3.1/../../../../arm-atollic-eabi/lib/armv6-m\libc_nano.a(lib_a-sbrkr.o)
 .ARM.attributes
                0x000007b8       0x2c c:/program files (x86)/atollic/truestudio for stm32 9.3.0/armtools/bin/../lib/gcc/arm-atollic-eabi/6.3.1/../../../../arm-atollic-eabi/lib/armv6-m\libc_nano.a(lib_a-mlock.o)
 .ARM.attributes
                0x000007e4       0x2c c:/program files (x86)/atollic/truestudio for stm32 9.3.0/armtools/bin/../lib/gcc/arm-atollic-eabi/6.3.1/../../../../arm-atollic-eabi/lib/armv6-m\libc_nano.a(lib_a-nano-msizer.o)
 .ARM.attributes
                0x00000810       0x2c c:/program files (x86)/atollic/truestudio for stm32 9.3.0/armtools/bin/../lib/gcc/arm-atollic-eabi/6.3.1/../../../../arm-atollic-eabi/lib/armv6-m\libc_nano.a(lib_a-reent.o)
 .ARM.attributes
                0x0000083c       0x1e c:/program files (x86)/atollic/truestudio for stm32 9.3.0/armtools/bin/../lib/gcc/arm-atollic-eabi/6.3.1/armv6-m\libgcc.a(_thumb1_case_sqi.o)
 .ARM.attributes
                0x0000085a       0x1e c:/program files (x86)/atollic/truestudio for stm32 9.3.0/armtools/bin/../lib/gcc/arm-atollic-eabi/6.3.1/armv6-m\libgcc.a(_thumb1_case_uqi.o)
 .ARM.attributes
                0x00000878       0x1e c:/program files (x86)/atollic/truestudio for stm32 9.3.0/armtools/bin/../lib/gcc/arm-atollic-eabi/6.3.1/armv6-m\libgcc.a(_udivsi3.o)
 .ARM.attributes
                0x00000896       0x1e c:/program files (x86)/atollic/truestudio for stm32 9.3.0/armtools/bin/../lib/gcc/arm-atollic-eabi/6.3.1/armv6-m\libgcc.a(_dvmd_tls.o)
 .ARM.attributes
                0x000008b4       0x1e c:/program files (x86)/atollic/truestudio for stm32 9.3.0/armtools/bin/../lib/gcc/arm-atollic-eabi/6.3.1/armv6-m/crtn.o
OUTPUT(PNG_MCU_v2.elf elf32-littlearm)

.debug_info     0x00000000    0x1a4a3
 .debug_info    0x00000000      0x757 Drivers\STM32F0xx_HAL_Driver\Src\stm32f0xx_hal.o
 .debug_info    0x00000757      0xec5 Drivers\STM32F0xx_HAL_Driver\Src\stm32f0xx_hal_adc.o
 .debug_info    0x0000161c      0x619 Drivers\STM32F0xx_HAL_Driver\Src\stm32f0xx_hal_adc_ex.o
 .debug_info    0x00001c35      0x863 Drivers\STM32F0xx_HAL_Driver\Src\stm32f0xx_hal_cortex.o
 .debug_info    0x00002498      0x85c Drivers\STM32F0xx_HAL_Driver\Src\stm32f0xx_hal_dma.o
 .debug_info    0x00002cf4      0x67e Drivers\STM32F0xx_HAL_Driver\Src\stm32f0xx_hal_gpio.o
 .debug_info    0x00003372      0xa2b Drivers\STM32F0xx_HAL_Driver\Src\stm32f0xx_hal_rcc.o
 .debug_info    0x00003d9d      0x43c Drivers\STM32F0xx_HAL_Driver\Src\stm32f0xx_hal_rcc_ex.o
 .debug_info    0x000041d9     0x2036 Drivers\STM32F0xx_HAL_Driver\Src\stm32f0xx_hal_spi.o
 .debug_info    0x0000620f     0x361d Drivers\STM32F0xx_HAL_Driver\Src\stm32f0xx_hal_tim.o
 .debug_info    0x0000982c     0x12aa Drivers\STM32F0xx_HAL_Driver\Src\stm32f0xx_hal_tim_ex.o
 .debug_info    0x0000aad6     0x1b78 Drivers\STM32F0xx_HAL_Driver\Src\stm32f0xx_hal_uart.o
 .debug_info    0x0000c64e      0x963 Drivers\STM32F0xx_HAL_Driver\Src\stm32f0xx_hal_uart_ex.o
 .debug_info    0x0000cfb1      0x505 Middlewares\Third_Party\FatFs\src\diskio.o
 .debug_info    0x0000d4b6     0x41d3 Middlewares\Third_Party\FatFs\src\ff.o
 .debug_info    0x00011689      0x521 Middlewares\Third_Party\FatFs\src\ff_gen_drv.o
 .debug_info    0x00011baa      0x24e Middlewares\Third_Party\FatFs\src\option\ccsbcs.o
 .debug_info    0x00011df8      0x5a3 Src\fatfs.o
 .debug_info    0x0001239b     0x1262 Src\fatfs_sd.o
 .debug_info    0x000135fd     0x3265 Src\main.o
 .debug_info    0x00016862     0x147c Src\stm32f0xx_hal_msp.o
 .debug_info    0x00017cde      0x7a6 Src\stm32f0xx_it.o
 .debug_info    0x00018484      0xfe1 Src\syscalls.o
 .debug_info    0x00019465      0x2a4 Src\system_stm32f0xx.o
 .debug_info    0x00019709      0xcf9 Src\user_diskio.o
 .debug_info    0x0001a402       0xa1 startup\startup_stm32f051x8.o

.debug_abbrev   0x00000000     0x3b52
 .debug_abbrev  0x00000000      0x264 Drivers\STM32F0xx_HAL_Driver\Src\stm32f0xx_hal.o
 .debug_abbrev  0x00000264      0x2b0 Drivers\STM32F0xx_HAL_Driver\Src\stm32f0xx_hal_adc.o
 .debug_abbrev  0x00000514      0x14a Drivers\STM32F0xx_HAL_Driver\Src\stm32f0xx_hal_adc_ex.o
 .debug_abbrev  0x0000065e      0x269 Drivers\STM32F0xx_HAL_Driver\Src\stm32f0xx_hal_cortex.o
 .debug_abbrev  0x000008c7      0x216 Drivers\STM32F0xx_HAL_Driver\Src\stm32f0xx_hal_dma.o
 .debug_abbrev  0x00000add      0x1e6 Drivers\STM32F0xx_HAL_Driver\Src\stm32f0xx_hal_gpio.o
 .debug_abbrev  0x00000cc3      0x286 Drivers\STM32F0xx_HAL_Driver\Src\stm32f0xx_hal_rcc.o
 .debug_abbrev  0x00000f49      0x1b5 Drivers\STM32F0xx_HAL_Driver\Src\stm32f0xx_hal_rcc_ex.o
 .debug_abbrev  0x000010fe      0x33d Drivers\STM32F0xx_HAL_Driver\Src\stm32f0xx_hal_spi.o
 .debug_abbrev  0x0000143b      0x343 Drivers\STM32F0xx_HAL_Driver\Src\stm32f0xx_hal_tim.o
 .debug_abbrev  0x0000177e      0x2ab Drivers\STM32F0xx_HAL_Driver\Src\stm32f0xx_hal_tim_ex.o
 .debug_abbrev  0x00001a29      0x321 Drivers\STM32F0xx_HAL_Driver\Src\stm32f0xx_hal_uart.o
 .debug_abbrev  0x00001d4a      0x241 Drivers\STM32F0xx_HAL_Driver\Src\stm32f0xx_hal_uart_ex.o
 .debug_abbrev  0x00001f8b      0x1b6 Middlewares\Third_Party\FatFs\src\diskio.o
 .debug_abbrev  0x00002141      0x3e1 Middlewares\Third_Party\FatFs\src\ff.o
 .debug_abbrev  0x00002522      0x1f9 Middlewares\Third_Party\FatFs\src\ff_gen_drv.o
 .debug_abbrev  0x0000271b      0x103 Middlewares\Third_Party\FatFs\src\option\ccsbcs.o
 .debug_abbrev  0x0000281e      0x1a2 Src\fatfs.o
 .debug_abbrev  0x000029c0      0x31e Src\fatfs_sd.o
 .debug_abbrev  0x00002cde      0x44c Src\main.o
 .debug_abbrev  0x0000312a      0x231 Src\stm32f0xx_hal_msp.o
 .debug_abbrev  0x0000335b      0x1c9 Src\stm32f0xx_it.o
 .debug_abbrev  0x00003524      0x2d9 Src\syscalls.o
 .debug_abbrev  0x000037fd      0x126 Src\system_stm32f0xx.o
 .debug_abbrev  0x00003923      0x21d Src\user_diskio.o
 .debug_abbrev  0x00003b40       0x12 startup\startup_stm32f051x8.o

.debug_loc      0x00000000    0x10597
 .debug_loc     0x00000000       0xef Drivers\STM32F0xx_HAL_Driver\Src\stm32f0xx_hal.o
 .debug_loc     0x000000ef      0xaad Drivers\STM32F0xx_HAL_Driver\Src\stm32f0xx_hal_adc.o
 .debug_loc     0x00000b9c       0xfb Drivers\STM32F0xx_HAL_Driver\Src\stm32f0xx_hal_adc_ex.o
 .debug_loc     0x00000c97      0x3b6 Drivers\STM32F0xx_HAL_Driver\Src\stm32f0xx_hal_cortex.o
 .debug_loc     0x0000104d      0x7fd Drivers\STM32F0xx_HAL_Driver\Src\stm32f0xx_hal_dma.o
 .debug_loc     0x0000184a      0x303 Drivers\STM32F0xx_HAL_Driver\Src\stm32f0xx_hal_gpio.o
 .debug_loc     0x00001b4d      0x480 Drivers\STM32F0xx_HAL_Driver\Src\stm32f0xx_hal_rcc.o
 .debug_loc     0x00001fcd      0x29e Drivers\STM32F0xx_HAL_Driver\Src\stm32f0xx_hal_rcc_ex.o
 .debug_loc     0x0000226b     0x1a97 Drivers\STM32F0xx_HAL_Driver\Src\stm32f0xx_hal_spi.o
 .debug_loc     0x00003d02     0x3b9e Drivers\STM32F0xx_HAL_Driver\Src\stm32f0xx_hal_tim.o
 .debug_loc     0x000078a0      0xbfa Drivers\STM32F0xx_HAL_Driver\Src\stm32f0xx_hal_tim_ex.o
 .debug_loc     0x0000849a     0x14e4 Drivers\STM32F0xx_HAL_Driver\Src\stm32f0xx_hal_uart.o
 .debug_loc     0x0000997e      0x2c8 Drivers\STM32F0xx_HAL_Driver\Src\stm32f0xx_hal_uart_ex.o
 .debug_loc     0x00009c46      0x1cc Middlewares\Third_Party\FatFs\src\diskio.o
 .debug_loc     0x00009e12     0x512c Middlewares\Third_Party\FatFs\src\ff.o
 .debug_loc     0x0000ef3e      0x1ec Middlewares\Third_Party\FatFs\src\ff_gen_drv.o
 .debug_loc     0x0000f12a      0x131 Middlewares\Third_Party\FatFs\src\option\ccsbcs.o
 .debug_loc     0x0000f25b      0x87f Src\fatfs_sd.o
 .debug_loc     0x0000fada      0x278 Src\main.o
 .debug_loc     0x0000fd52      0x113 Src\stm32f0xx_hal_msp.o
 .debug_loc     0x0000fe65      0x45e Src\syscalls.o
 .debug_loc     0x000102c3      0x127 Src\system_stm32f0xx.o
 .debug_loc     0x000103ea      0x1ad Src\user_diskio.o

.debug_aranges  0x00000000     0x1060
 .debug_aranges
                0x00000000       0xc8 Drivers\STM32F0xx_HAL_Driver\Src\stm32f0xx_hal.o
 .debug_aranges
                0x000000c8       0xd0 Drivers\STM32F0xx_HAL_Driver\Src\stm32f0xx_hal_adc.o
 .debug_aranges
                0x00000198       0x20 Drivers\STM32F0xx_HAL_Driver\Src\stm32f0xx_hal_adc_ex.o
 .debug_aranges
                0x000001b8       0x78 Drivers\STM32F0xx_HAL_Driver\Src\stm32f0xx_hal_cortex.o
 .debug_aranges
                0x00000230       0x78 Drivers\STM32F0xx_HAL_Driver\Src\stm32f0xx_hal_dma.o
 .debug_aranges
                0x000002a8       0x58 Drivers\STM32F0xx_HAL_Driver\Src\stm32f0xx_hal_gpio.o
 .debug_aranges
                0x00000300       0x80 Drivers\STM32F0xx_HAL_Driver\Src\stm32f0xx_hal_rcc.o
 .debug_aranges
                0x00000380       0x30 Drivers\STM32F0xx_HAL_Driver\Src\stm32f0xx_hal_rcc_ex.o
 .debug_aranges
                0x000003b0      0x198 Drivers\STM32F0xx_HAL_Driver\Src\stm32f0xx_hal_spi.o
 .debug_aranges
                0x00000548      0x288 Drivers\STM32F0xx_HAL_Driver\Src\stm32f0xx_hal_tim.o
 .debug_aranges
                0x000007d0       0xf8 Drivers\STM32F0xx_HAL_Driver\Src\stm32f0xx_hal_tim_ex.o
 .debug_aranges
                0x000008c8      0x1b8 Drivers\STM32F0xx_HAL_Driver\Src\stm32f0xx_hal_uart.o
 .debug_aranges
                0x00000a80       0x48 Drivers\STM32F0xx_HAL_Driver\Src\stm32f0xx_hal_uart_ex.o
 .debug_aranges
                0x00000ac8       0x48 Middlewares\Third_Party\FatFs\src\diskio.o
 .debug_aranges
                0x00000b10      0x1c0 Middlewares\Third_Party\FatFs\src\ff.o
 .debug_aranges
                0x00000cd0       0x40 Middlewares\Third_Party\FatFs\src\ff_gen_drv.o
 .debug_aranges
                0x00000d10       0x28 Middlewares\Third_Party\FatFs\src\option\ccsbcs.o
 .debug_aranges
                0x00000d38       0x28 Src\fatfs.o
 .debug_aranges
                0x00000d60       0x88 Src\fatfs_sd.o
 .debug_aranges
                0x00000de8       0x88 Src\main.o
 .debug_aranges
                0x00000e70       0x60 Src\stm32f0xx_hal_msp.o
 .debug_aranges
                0x00000ed0       0x50 Src\stm32f0xx_it.o
 .debug_aranges
                0x00000f20       0xb0 Src\syscalls.o
 .debug_aranges
                0x00000fd0       0x28 Src\system_stm32f0xx.o
 .debug_aranges
                0x00000ff8       0x40 Src\user_diskio.o
 .debug_aranges
                0x00001038       0x28 startup\startup_stm32f051x8.o

.debug_ranges   0x00000000     0x1740
 .debug_ranges  0x00000000       0xb8 Drivers\STM32F0xx_HAL_Driver\Src\stm32f0xx_hal.o
 .debug_ranges  0x000000b8       0xc0 Drivers\STM32F0xx_HAL_Driver\Src\stm32f0xx_hal_adc.o
 .debug_ranges  0x00000178       0x10 Drivers\STM32F0xx_HAL_Driver\Src\stm32f0xx_hal_adc_ex.o
 .debug_ranges  0x00000188       0xb8 Drivers\STM32F0xx_HAL_Driver\Src\stm32f0xx_hal_cortex.o
 .debug_ranges  0x00000240       0xe8 Drivers\STM32F0xx_HAL_Driver\Src\stm32f0xx_hal_dma.o
 .debug_ranges  0x00000328       0x70 Drivers\STM32F0xx_HAL_Driver\Src\stm32f0xx_hal_gpio.o
 .debug_ranges  0x00000398       0xa0 Drivers\STM32F0xx_HAL_Driver\Src\stm32f0xx_hal_rcc.o
 .debug_ranges  0x00000438       0x40 Drivers\STM32F0xx_HAL_Driver\Src\stm32f0xx_hal_rcc_ex.o
 .debug_ranges  0x00000478      0x278 Drivers\STM32F0xx_HAL_Driver\Src\stm32f0xx_hal_spi.o
 .debug_ranges  0x000006f0      0x478 Drivers\STM32F0xx_HAL_Driver\Src\stm32f0xx_hal_tim.o
 .debug_ranges  0x00000b68       0xe8 Drivers\STM32F0xx_HAL_Driver\Src\stm32f0xx_hal_tim_ex.o
 .debug_ranges  0x00000c50      0x1a8 Drivers\STM32F0xx_HAL_Driver\Src\stm32f0xx_hal_uart.o
 .debug_ranges  0x00000df8       0x38 Drivers\STM32F0xx_HAL_Driver\Src\stm32f0xx_hal_uart_ex.o
 .debug_ranges  0x00000e30       0x38 Middlewares\Third_Party\FatFs\src\diskio.o
 .debug_ranges  0x00000e68      0x3a8 Middlewares\Third_Party\FatFs\src\ff.o
 .debug_ranges  0x00001210       0x30 Middlewares\Third_Party\FatFs\src\ff_gen_drv.o
 .debug_ranges  0x00001240       0x18 Middlewares\Third_Party\FatFs\src\option\ccsbcs.o
 .debug_ranges  0x00001258       0x18 Src\fatfs.o
 .debug_ranges  0x00001270       0x78 Src\fatfs_sd.o
 .debug_ranges  0x000012e8      0x160 Src\main.o
 .debug_ranges  0x00001448      0x1b0 Src\stm32f0xx_hal_msp.o
 .debug_ranges  0x000015f8       0x40 Src\stm32f0xx_it.o
 .debug_ranges  0x00001638       0xa0 Src\syscalls.o
 .debug_ranges  0x000016d8       0x18 Src\system_stm32f0xx.o
 .debug_ranges  0x000016f0       0x30 Src\user_diskio.o
 .debug_ranges  0x00001720       0x20 startup\startup_stm32f051x8.o

.debug_line     0x00000000     0x9566
 .debug_line    0x00000000      0x3ee Drivers\STM32F0xx_HAL_Driver\Src\stm32f0xx_hal.o
 .debug_line    0x000003ee      0x7d2 Drivers\STM32F0xx_HAL_Driver\Src\stm32f0xx_hal_adc.o
 .debug_line    0x00000bc0      0x290 Drivers\STM32F0xx_HAL_Driver\Src\stm32f0xx_hal_adc_ex.o
 .debug_line    0x00000e50      0x389 Drivers\STM32F0xx_HAL_Driver\Src\stm32f0xx_hal_cortex.o
 .debug_line    0x000011d9      0x4d4 Drivers\STM32F0xx_HAL_Driver\Src\stm32f0xx_hal_dma.o
 .debug_line    0x000016ad      0x37d Drivers\STM32F0xx_HAL_Driver\Src\stm32f0xx_hal_gpio.o
 .debug_line    0x00001a2a      0x5aa Drivers\STM32F0xx_HAL_Driver\Src\stm32f0xx_hal_rcc.o
 .debug_line    0x00001fd4      0x332 Drivers\STM32F0xx_HAL_Driver\Src\stm32f0xx_hal_rcc_ex.o
 .debug_line    0x00002306      0xd7a Drivers\STM32F0xx_HAL_Driver\Src\stm32f0xx_hal_spi.o
 .debug_line    0x00003080     0x13ce Drivers\STM32F0xx_HAL_Driver\Src\stm32f0xx_hal_tim.o
 .debug_line    0x0000444e      0x751 Drivers\STM32F0xx_HAL_Driver\Src\stm32f0xx_hal_tim_ex.o
 .debug_line    0x00004b9f      0xe87 Drivers\STM32F0xx_HAL_Driver\Src\stm32f0xx_hal_uart.o
 .debug_line    0x00005a26      0x33b Drivers\STM32F0xx_HAL_Driver\Src\stm32f0xx_hal_uart_ex.o
 .debug_line    0x00005d61      0x24f Middlewares\Third_Party\FatFs\src\diskio.o
 .debug_line    0x00005fb0     0x1326 Middlewares\Third_Party\FatFs\src\ff.o
 .debug_line    0x000072d6      0x24c Middlewares\Third_Party\FatFs\src\ff_gen_drv.o
 .debug_line    0x00007522      0x241 Middlewares\Third_Party\FatFs\src\option\ccsbcs.o
 .debug_line    0x00007763      0x22a Src\fatfs.o
 .debug_line    0x0000798d      0x51b Src\fatfs_sd.o
 .debug_line    0x00007ea8      0x767 Src\main.o
 .debug_line    0x0000860f      0x3c9 Src\stm32f0xx_hal_msp.o
 .debug_line    0x000089d8      0x285 Src\stm32f0xx_it.o
 .debug_line    0x00008c5d      0x3c6 Src\syscalls.o
 .debug_line    0x00009023      0x1e4 Src\system_stm32f0xx.o
 .debug_line    0x00009207      0x2dd Src\user_diskio.o
 .debug_line    0x000094e4       0x82 startup\startup_stm32f051x8.o

.debug_str      0x00000000     0x5125
 .debug_str     0x00000000      0x6c0 Drivers\STM32F0xx_HAL_Driver\Src\stm32f0xx_hal.o
                                0x726 (size before relaxing)
 .debug_str     0x000006c0      0x685 Drivers\STM32F0xx_HAL_Driver\Src\stm32f0xx_hal_adc.o
                                0x9bd (size before relaxing)
 .debug_str     0x00000d45       0x77 Drivers\STM32F0xx_HAL_Driver\Src\stm32f0xx_hal_adc_ex.o
                                0x6b2 (size before relaxing)
 .debug_str     0x00000dbc      0x26d Drivers\STM32F0xx_HAL_Driver\Src\stm32f0xx_hal_cortex.o
                                0x710 (size before relaxing)
 .debug_str     0x00001029      0x229 Drivers\STM32F0xx_HAL_Driver\Src\stm32f0xx_hal_dma.o
                                0x702 (size before relaxing)
 .debug_str     0x00001252      0x1c1 Drivers\STM32F0xx_HAL_Driver\Src\stm32f0xx_hal_gpio.o
                                0x4ed (size before relaxing)
 .debug_str     0x00001413      0x31d Drivers\STM32F0xx_HAL_Driver\Src\stm32f0xx_hal_rcc.o
                                0x6fe (size before relaxing)
 .debug_str     0x00001730      0x139 Drivers\STM32F0xx_HAL_Driver\Src\stm32f0xx_hal_rcc_ex.o
                                0x4a5 (size before relaxing)
 .debug_str     0x00001869      0x747 Drivers\STM32F0xx_HAL_Driver\Src\stm32f0xx_hal_spi.o
                                0xc7a (size before relaxing)
 .debug_str     0x00001fb0     0x101a Drivers\STM32F0xx_HAL_Driver\Src\stm32f0xx_hal_tim.o
                               0x156a (size before relaxing)
 .debug_str     0x00002fca      0x548 Drivers\STM32F0xx_HAL_Driver\Src\stm32f0xx_hal_tim_ex.o
                                0xd36 (size before relaxing)
 .debug_str     0x00003512      0x876 Drivers\STM32F0xx_HAL_Driver\Src\stm32f0xx_hal_uart.o
                                0xece (size before relaxing)
 .debug_str     0x00003d88      0x146 Drivers\STM32F0xx_HAL_Driver\Src\stm32f0xx_hal_uart_ex.o
                                0x884 (size before relaxing)
 .debug_str     0x00003ece       0xcd Middlewares\Third_Party\FatFs\src\diskio.o
                                0x38a (size before relaxing)
 .debug_str     0x00003f9b      0x5ca Middlewares\Third_Party\FatFs\src\ff.o
                                0x939 (size before relaxing)
 .debug_str     0x00004565       0xa2 Middlewares\Third_Party\FatFs\src\ff_gen_drv.o
                                0x3db (size before relaxing)
 .debug_str     0x00004607       0x49 Middlewares\Third_Party\FatFs\src\option\ccsbcs.o
                                0x2dc (size before relaxing)
 .debug_str     0x00004650       0x4d Src\fatfs.o
                                0x442 (size before relaxing)
 .debug_str     0x0000469d      0x12f Src\fatfs_sd.o
                                0x8a1 (size before relaxing)
 .debug_str     0x000047cc      0x59d Src\main.o
                               0x1ced (size before relaxing)
 .debug_str     0x00004d69       0x25 Src\stm32f0xx_hal_msp.o
                                0xf35 (size before relaxing)
 .debug_str     0x00004d8e       0xb6 Src\stm32f0xx_it.o
                                0x767 (size before relaxing)
 .debug_str     0x00004e44      0x236 Src\syscalls.o
                                0x880 (size before relaxing)
 .debug_str     0x0000507a       0x5a Src\system_stm32f0xx.o
                                0x319 (size before relaxing)
 .debug_str     0x000050d4       0x51 Src\user_diskio.o
                                0x7f0 (size before relaxing)

.comment        0x00000000       0x7c
 .comment       0x00000000       0x7c Drivers\STM32F0xx_HAL_Driver\Src\stm32f0xx_hal.o
                                 0x7d (size before relaxing)
 .comment       0x0000007c       0x7d Drivers\STM32F0xx_HAL_Driver\Src\stm32f0xx_hal_adc.o
 .comment       0x0000007c       0x7d Drivers\STM32F0xx_HAL_Driver\Src\stm32f0xx_hal_adc_ex.o
 .comment       0x0000007c       0x7d Drivers\STM32F0xx_HAL_Driver\Src\stm32f0xx_hal_cortex.o
 .comment       0x0000007c       0x7d Drivers\STM32F0xx_HAL_Driver\Src\stm32f0xx_hal_dma.o
 .comment       0x0000007c       0x7d Drivers\STM32F0xx_HAL_Driver\Src\stm32f0xx_hal_gpio.o
 .comment       0x0000007c       0x7d Drivers\STM32F0xx_HAL_Driver\Src\stm32f0xx_hal_rcc.o
 .comment       0x0000007c       0x7d Drivers\STM32F0xx_HAL_Driver\Src\stm32f0xx_hal_rcc_ex.o
 .comment       0x0000007c       0x7d Drivers\STM32F0xx_HAL_Driver\Src\stm32f0xx_hal_spi.o
 .comment       0x0000007c       0x7d Drivers\STM32F0xx_HAL_Driver\Src\stm32f0xx_hal_tim.o
 .comment       0x0000007c       0x7d Drivers\STM32F0xx_HAL_Driver\Src\stm32f0xx_hal_tim_ex.o
 .comment       0x0000007c       0x7d Drivers\STM32F0xx_HAL_Driver\Src\stm32f0xx_hal_uart.o
 .comment       0x0000007c       0x7d Drivers\STM32F0xx_HAL_Driver\Src\stm32f0xx_hal_uart_ex.o
 .comment       0x0000007c       0x7d Middlewares\Third_Party\FatFs\src\diskio.o
 .comment       0x0000007c       0x7d Middlewares\Third_Party\FatFs\src\ff.o
 .comment       0x0000007c       0x7d Middlewares\Third_Party\FatFs\src\ff_gen_drv.o
 .comment       0x0000007c       0x7d Middlewares\Third_Party\FatFs\src\option\ccsbcs.o
 .comment       0x0000007c       0x7d Src\fatfs.o
 .comment       0x0000007c       0x7d Src\fatfs_sd.o
 .comment       0x0000007c       0x7d Src\main.o
 .comment       0x0000007c       0x7d Src\stm32f0xx_hal_msp.o
 .comment       0x0000007c       0x7d Src\stm32f0xx_it.o
 .comment       0x0000007c       0x7d Src\syscalls.o
 .comment       0x0000007c       0x7d Src\system_stm32f0xx.o
 .comment       0x0000007c       0x7d Src\user_diskio.o

.debug_frame    0x00000000     0x358c
 .debug_frame   0x00000000      0x1b4 Drivers\STM32F0xx_HAL_Driver\Src\stm32f0xx_hal.o
 .debug_frame   0x000001b4      0x2d0 Drivers\STM32F0xx_HAL_Driver\Src\stm32f0xx_hal_adc.o
 .debug_frame   0x00000484       0x30 Drivers\STM32F0xx_HAL_Driver\Src\stm32f0xx_hal_adc_ex.o
 .debug_frame   0x000004b4       0xe4 Drivers\STM32F0xx_HAL_Driver\Src\stm32f0xx_hal_cortex.o
 .debug_frame   0x00000598      0x158 Drivers\STM32F0xx_HAL_Driver\Src\stm32f0xx_hal_dma.o
 .debug_frame   0x000006f0       0xbc Drivers\STM32F0xx_HAL_Driver\Src\stm32f0xx_hal_gpio.o
 .debug_frame   0x000007ac      0x140 Drivers\STM32F0xx_HAL_Driver\Src\stm32f0xx_hal_rcc.o
 .debug_frame   0x000008ec       0x58 Drivers\STM32F0xx_HAL_Driver\Src\stm32f0xx_hal_rcc_ex.o
 .debug_frame   0x00000944      0x5cc Drivers\STM32F0xx_HAL_Driver\Src\stm32f0xx_hal_spi.o
 .debug_frame   0x00000f10      0x9fc Drivers\STM32F0xx_HAL_Driver\Src\stm32f0xx_hal_tim.o
 .debug_frame   0x0000190c      0x3b0 Drivers\STM32F0xx_HAL_Driver\Src\stm32f0xx_hal_tim_ex.o
 .debug_frame   0x00001cbc      0x5bc Drivers\STM32F0xx_HAL_Driver\Src\stm32f0xx_hal_uart.o
 .debug_frame   0x00002278       0xa0 Drivers\STM32F0xx_HAL_Driver\Src\stm32f0xx_hal_uart_ex.o
 .debug_frame   0x00002318       0xa4 Middlewares\Third_Party\FatFs\src\diskio.o
 .debug_frame   0x000023bc      0x658 Middlewares\Third_Party\FatFs\src\ff.o
 .debug_frame   0x00002a14       0x84 Middlewares\Third_Party\FatFs\src\ff_gen_drv.o
 .debug_frame   0x00002a98       0x40 Middlewares\Third_Party\FatFs\src\option\ccsbcs.o
 .debug_frame   0x00002ad8       0x38 Src\fatfs.o
 .debug_frame   0x00002b10      0x1a0 Src\fatfs_sd.o
 .debug_frame   0x00002cb0      0x174 Src\main.o
 .debug_frame   0x00002e24       0xe8 Src\stm32f0xx_hal_msp.o
 .debug_frame   0x00002f0c       0xc0 Src\stm32f0xx_it.o
 .debug_frame   0x00002fcc      0x19c Src\syscalls.o
 .debug_frame   0x00003168       0x3c Src\system_stm32f0xx.o
 .debug_frame   0x000031a4       0x88 Src\user_diskio.o
 .debug_frame   0x0000322c       0x20 c:/program files (x86)/atollic/truestudio for stm32 9.3.0/armtools/bin/../lib/gcc/arm-atollic-eabi/6.3.1/../../../../arm-atollic-eabi/lib/armv6-m\libc_nano.a(lib_a-errno.o)
 .debug_frame   0x0000324c       0x2c c:/program files (x86)/atollic/truestudio for stm32 9.3.0/armtools/bin/../lib/gcc/arm-atollic-eabi/6.3.1/../../../../arm-atollic-eabi/lib/armv6-m\libc_nano.a(lib_a-init.o)
 .debug_frame   0x00003278       0x28 c:/program files (x86)/atollic/truestudio for stm32 9.3.0/armtools/bin/../lib/gcc/arm-atollic-eabi/6.3.1/../../../../arm-atollic-eabi/lib/armv6-m\libc_nano.a(lib_a-memcpy-stub.o)
 .debug_frame   0x000032a0       0x20 c:/program files (x86)/atollic/truestudio for stm32 9.3.0/armtools/bin/../lib/gcc/arm-atollic-eabi/6.3.1/../../../../arm-atollic-eabi/lib/armv6-m\libc_nano.a(lib_a-memset.o)
 .debug_frame   0x000032c0       0x50 c:/program files (x86)/atollic/truestudio for stm32 9.3.0/armtools/bin/../lib/gcc/arm-atollic-eabi/6.3.1/../../../../arm-atollic-eabi/lib/armv6-m\libc_nano.a(lib_a-sprintf.o)
 .debug_frame   0x00003310       0x74 c:/program files (x86)/atollic/truestudio for stm32 9.3.0/armtools/bin/../lib/gcc/arm-atollic-eabi/6.3.1/../../../../arm-atollic-eabi/lib/armv6-m\libc_nano.a(lib_a-nano-svfprintf.o)
 .debug_frame   0x00003384       0x54 c:/program files (x86)/atollic/truestudio for stm32 9.3.0/armtools/bin/../lib/gcc/arm-atollic-eabi/6.3.1/../../../../arm-atollic-eabi/lib/armv6-m\libc_nano.a(lib_a-nano-vfprintf_i.o)
 .debug_frame   0x000033d8       0x20 c:/program files (x86)/atollic/truestudio for stm32 9.3.0/armtools/bin/../lib/gcc/arm-atollic-eabi/6.3.1/../../../../arm-atollic-eabi/lib/armv6-m\libc_nano.a(lib_a-memchr-stub.o)
 .debug_frame   0x000033f8       0x28 c:/program files (x86)/atollic/truestudio for stm32 9.3.0/armtools/bin/../lib/gcc/arm-atollic-eabi/6.3.1/../../../../arm-atollic-eabi/lib/armv6-m\libc_nano.a(lib_a-memmove.o)
 .debug_frame   0x00003420       0x2c c:/program files (x86)/atollic/truestudio for stm32 9.3.0/armtools/bin/../lib/gcc/arm-atollic-eabi/6.3.1/../../../../arm-atollic-eabi/lib/armv6-m\libc_nano.a(lib_a-nano-freer.o)
 .debug_frame   0x0000344c       0x2c c:/program files (x86)/atollic/truestudio for stm32 9.3.0/armtools/bin/../lib/gcc/arm-atollic-eabi/6.3.1/../../../../arm-atollic-eabi/lib/armv6-m\libc_nano.a(lib_a-nano-mallocr.o)
 .debug_frame   0x00003478       0x30 c:/program files (x86)/atollic/truestudio for stm32 9.3.0/armtools/bin/../lib/gcc/arm-atollic-eabi/6.3.1/../../../../arm-atollic-eabi/lib/armv6-m\libc_nano.a(lib_a-nano-reallocr.o)
 .debug_frame   0x000034a8       0x2c c:/program files (x86)/atollic/truestudio for stm32 9.3.0/armtools/bin/../lib/gcc/arm-atollic-eabi/6.3.1/../../../../arm-atollic-eabi/lib/armv6-m\libc_nano.a(lib_a-sbrkr.o)
 .debug_frame   0x000034d4       0x30 c:/program files (x86)/atollic/truestudio for stm32 9.3.0/armtools/bin/../lib/gcc/arm-atollic-eabi/6.3.1/../../../../arm-atollic-eabi/lib/armv6-m\libc_nano.a(lib_a-mlock.o)
 .debug_frame   0x00003504       0x20 c:/program files (x86)/atollic/truestudio for stm32 9.3.0/armtools/bin/../lib/gcc/arm-atollic-eabi/6.3.1/../../../../arm-atollic-eabi/lib/armv6-m\libc_nano.a(lib_a-nano-msizer.o)
 .debug_frame   0x00003524       0x48 c:/program files (x86)/atollic/truestudio for stm32 9.3.0/armtools/bin/../lib/gcc/arm-atollic-eabi/6.3.1/../../../../arm-atollic-eabi/lib/armv6-m\libc_nano.a(lib_a-reent.o)
 .debug_frame   0x0000356c       0x20 c:/program files (x86)/atollic/truestudio for stm32 9.3.0/armtools/bin/../lib/gcc/arm-atollic-eabi/6.3.1/armv6-m\libgcc.a(_udivsi3.o)
