main.c:358:6:SystemClock_Config	104	static
main.c:671:6:send_uart	8	static
main.c:678:5:bufsize	0	static
main.c:686:6:bufclear	8	static
main.c:694:6:mount_sd	8	static
main.c:704:6:read_card_details	24	static
main.c:720:6:create_file	16	static
main.c:748:6:unmount_sd	8	static
main.c:761:6:blink	24	static
main.c:179:5:main	104	static
main.c:781:6:HAL_GPIO_EXTI_Callback	0	static
main.c:787:6:HAL_ADC_ConvCpltCallback	0	static
main.c:798:6:HAL_UART_RxCpltCallback	24	static
main.c:849:6:Error_Handler	0	static
