main.c:298:6:SystemClock_Config	104	static
main.c:670:6:send_uart	8	static
main.c:677:5:bufsize	0	static
main.c:685:6:bufclear	8	static
main.c:693:6:mount_sd	8	static
main.c:703:6:read_card_details	24	static
main.c:719:6:create_file	16	static
main.c:747:6:unmount_sd	8	static
main.c:760:6:blink	24	static
main.c:173:5:main	176	static
main.c:780:6:HAL_GPIO_EXTI_Callback	0	static
main.c:786:6:HAL_ADC_ConvCpltCallback	8	static
main.c:797:6:HAL_UART_RxCpltCallback	24	static
main.c:853:6:Error_Handler	0	static
