user_diskio_spi.c:94:13:xchg_spi	32	static
user_diskio_spi.c:130:5:wait_ready	16	static
user_diskio_spi.c:155:6:despiselect	8	static
user_diskio_spi.c:167:5:spiselect	8	static
user_diskio_spi.c:236:13:send_cmd	16	static
user_diskio_spi.c:211:5:xmit_datablock	16	static
user_diskio_spi.c:80:6:SPI_Timer_On	8	static
user_diskio_spi.c:85:9:SPI_Timer_Status	8	static
user_diskio_spi.c:184:5:rcvr_datablock	16	static
user_diskio_spi.c:294:16:USER_SPI_initialize	32	static
user_diskio_spi.c:357:16:USER_SPI_status	0	static
user_diskio_spi.c:369:16:USER_SPI_read	16	static
user_diskio_spi.c:407:16:USER_SPI_write	24	static
user_diskio_spi.c:447:16:USER_SPI_ioctl	32	static
